Archive member included to satisfy reference by file (symbol)

c:/arm/toolchain/bin/../lib/gcc/arm-none-eabi/5.2.1/armv7-m\libgcc.a(_arm_addsubdf3.o)
                              ./src/gcode.o (__aeabi_dadd)
c:/arm/toolchain/bin/../lib/gcc/arm-none-eabi/5.2.1/armv7-m\libgcc.a(_arm_muldivdf3.o)
                              ./src/gcode.o (__aeabi_dmul)
c:/arm/toolchain/bin/../lib/gcc/arm-none-eabi/5.2.1/armv7-m\libgcc.a(_arm_fixunsdfsi.o)
                              ./src/gcode.o (__aeabi_d2uiz)
c:/arm/toolchain/bin/../lib/gcc/arm-none-eabi/5.2.1/armv7-m\libgcc.a(unwind-arm.o)
                              ./system/src/newlib/_cxx.o (__aeabi_unwind_cpp_pr1)
c:/arm/toolchain/bin/../lib/gcc/arm-none-eabi/5.2.1/armv7-m\libgcc.a(libunwind.o)
                              c:/arm/toolchain/bin/../lib/gcc/arm-none-eabi/5.2.1/armv7-m\libgcc.a(unwind-arm.o) (restore_core_regs)
c:/arm/toolchain/bin/../lib/gcc/arm-none-eabi/5.2.1/armv7-m\libgcc.a(pr-support.o)
                              c:/arm/toolchain/bin/../lib/gcc/arm-none-eabi/5.2.1/armv7-m\libgcc.a(unwind-arm.o) (__gnu_unwind_execute)
c:/arm/toolchain/bin/../lib/gcc/arm-none-eabi/5.2.1/../../../../arm-none-eabi/lib/armv7-m\libg_nano.a(lib_a-errno.o)
                              ./system/src/newlib/_sbrk.o (__errno)
c:/arm/toolchain/bin/../lib/gcc/arm-none-eabi/5.2.1/../../../../arm-none-eabi/lib/armv7-m\libg_nano.a(lib_a-impure.o)
                              c:/arm/toolchain/bin/../lib/gcc/arm-none-eabi/5.2.1/../../../../arm-none-eabi/lib/armv7-m\libg_nano.a(lib_a-errno.o) (_impure_ptr)
c:/arm/toolchain/bin/../lib/gcc/arm-none-eabi/5.2.1/../../../../arm-none-eabi/lib/armv7-m\libg_nano.a(lib_a-init.o)
                              ./system/src/cmsis/startup_stm32f205xx.o (__libc_init_array)
c:/arm/toolchain/bin/../lib/gcc/arm-none-eabi/5.2.1/../../../../arm-none-eabi/lib/armv7-m\libg_nano.a(lib_a-malloc.o)
                              ./Middlewares/ST/STM32_USB_Device_Library/Class/CDC/Src/usbd_cdc.o (malloc)
c:/arm/toolchain/bin/../lib/gcc/arm-none-eabi/5.2.1/../../../../arm-none-eabi/lib/armv7-m\libg_nano.a(lib_a-memcpy-stub.o)
                              ./src/usbd_cdc_if.o (memcpy)
c:/arm/toolchain/bin/../lib/gcc/arm-none-eabi/5.2.1/../../../../arm-none-eabi/lib/armv7-m\libg_nano.a(lib_a-memset.o)
                              ./src/usbd_cdc_if.o (memset)
c:/arm/toolchain/bin/../lib/gcc/arm-none-eabi/5.2.1/../../../../arm-none-eabi/lib/armv7-m\libg_nano.a(lib_a-nano-freer.o)
                              c:/arm/toolchain/bin/../lib/gcc/arm-none-eabi/5.2.1/../../../../arm-none-eabi/lib/armv7-m\libg_nano.a(lib_a-malloc.o) (_free_r)
c:/arm/toolchain/bin/../lib/gcc/arm-none-eabi/5.2.1/../../../../arm-none-eabi/lib/armv7-m\libg_nano.a(lib_a-nano-mallocr.o)
                              c:/arm/toolchain/bin/../lib/gcc/arm-none-eabi/5.2.1/../../../../arm-none-eabi/lib/armv7-m\libg_nano.a(lib_a-malloc.o) (_malloc_r)
c:/arm/toolchain/bin/../lib/gcc/arm-none-eabi/5.2.1/../../../../arm-none-eabi/lib/armv7-m\libg_nano.a(lib_a-sbrkr.o)
                              c:/arm/toolchain/bin/../lib/gcc/arm-none-eabi/5.2.1/../../../../arm-none-eabi/lib/armv7-m\libg_nano.a(lib_a-nano-mallocr.o) (_sbrk_r)
c:/arm/toolchain/bin/../lib/gcc/arm-none-eabi/5.2.1/../../../../arm-none-eabi/lib/armv7-m\libg_nano.a(lib_a-sprintf.o)
                              ./src/usbd_cdc_if.o (sprintf)
c:/arm/toolchain/bin/../lib/gcc/arm-none-eabi/5.2.1/../../../../arm-none-eabi/lib/armv7-m\libg_nano.a(lib_a-strcmp.o)
                              ./src/gcode.o (strcmp)
c:/arm/toolchain/bin/../lib/gcc/arm-none-eabi/5.2.1/../../../../arm-none-eabi/lib/armv7-m\libg_nano.a(lib_a-strlen.o)
                              ./system/src/diag/Trace.o (strlen)
c:/arm/toolchain/bin/../lib/gcc/arm-none-eabi/5.2.1/../../../../arm-none-eabi/lib/armv7-m\libg_nano.a(lib_a-vsnprintf.o)
                              ./system/src/diag/Trace.o (vsnprintf)
c:/arm/toolchain/bin/../lib/gcc/arm-none-eabi/5.2.1/../../../../arm-none-eabi/lib/armv7-m\libg_nano.a(lib_a-nano-svfprintf.o)
                              c:/arm/toolchain/bin/../lib/gcc/arm-none-eabi/5.2.1/../../../../arm-none-eabi/lib/armv7-m\libg_nano.a(lib_a-sprintf.o) (_svfprintf_r)
c:/arm/toolchain/bin/../lib/gcc/arm-none-eabi/5.2.1/../../../../arm-none-eabi/lib/armv7-m\libg_nano.a(lib_a-nano-vfprintf_i.o)
                              c:/arm/toolchain/bin/../lib/gcc/arm-none-eabi/5.2.1/../../../../arm-none-eabi/lib/armv7-m\libg_nano.a(lib_a-nano-svfprintf.o) (_printf_i)
c:/arm/toolchain/bin/../lib/gcc/arm-none-eabi/5.2.1/../../../../arm-none-eabi/lib/armv7-m\libg_nano.a(lib_a-memchr-stub.o)
                              c:/arm/toolchain/bin/../lib/gcc/arm-none-eabi/5.2.1/../../../../arm-none-eabi/lib/armv7-m\libg_nano.a(lib_a-nano-svfprintf.o) (memchr)
c:/arm/toolchain/bin/../lib/gcc/arm-none-eabi/5.2.1/../../../../arm-none-eabi/lib/armv7-m\libg_nano.a(lib_a-memmove.o)
[...]
Memory Configuration

Name             Origin             Length             Attributes
FLASH            0x08000000         0x00020000         xr
RAM              0x20000000         0x00010000         xrw
CCMRAM           0x10000000         0x00000000         xrw
FLASHB1          0x00000000         0x00000000         xr
EXTMEMB0         0x00000000         0x00000000         xr
EXTMEMB1         0x00000000         0x00000000         xr
EXTMEMB2         0x00000000         0x00000000         xr
EXTMEMB3         0x00000000         0x00000000         xr
*default*        0x00000000         0xffffffff

Linker script and memory map

LOAD ./system/src/stm32f2xx/stm32f2xx_hal.o
LOAD ./system/src/stm32f2xx/stm32f2xx_hal_adc.o
LOAD ./system/src/stm32f2xx/stm32f2xx_hal_adc_ex.o
LOAD ./system/src/stm32f2xx/stm32f2xx_hal_can.o
LOAD ./system/src/stm32f2xx/stm32f2xx_hal_cortex.o
LOAD ./system/src/stm32f2xx/stm32f2xx_hal_crc.o
LOAD ./system/src/stm32f2xx/stm32f2xx_hal_cryp.o
LOAD ./system/src/stm32f2xx/stm32f2xx_hal_dac.o
LOAD ./system/src/stm32f2xx/stm32f2xx_hal_dac_ex.o
LOAD ./system/src/stm32f2xx/stm32f2xx_hal_dcmi.o
LOAD ./system/src/stm32f2xx/stm32f2xx_hal_dma.o
LOAD ./system/src/stm32f2xx/stm32f2xx_hal_dma_ex.o
LOAD ./system/src/stm32f2xx/stm32f2xx_hal_eth.o
LOAD ./system/src/stm32f2xx/stm32f2xx_hal_flash.o
LOAD ./system/src/stm32f2xx/stm32f2xx_hal_flash_ex.o
LOAD ./system/src/stm32f2xx/stm32f2xx_hal_gpio.o
LOAD ./system/src/stm32f2xx/stm32f2xx_hal_hash.o
LOAD ./system/src/stm32f2xx/stm32f2xx_hal_hcd.o
LOAD ./system/src/stm32f2xx/stm32f2xx_hal_i2c.o
LOAD ./system/src/stm32f2xx/stm32f2xx_hal_i2s.o
LOAD ./system/src/stm32f2xx/stm32f2xx_hal_irda.o
LOAD ./system/src/stm32f2xx/stm32f2xx_hal_iwdg.o
LOAD ./system/src/stm32f2xx/stm32f2xx_hal_nand.o
LOAD ./system/src/stm32f2xx/stm32f2xx_hal_nor.o
LOAD ./system/src/stm32f2xx/stm32f2xx_hal_pccard.o
LOAD ./system/src/stm32f2xx/stm32f2xx_hal_pcd.o
LOAD ./system/src/stm32f2xx/stm32f2xx_hal_pcd_ex.o
LOAD ./system/src/stm32f2xx/stm32f2xx_hal_pwr.o
LOAD ./system/src/stm32f2xx/stm32f2xx_hal_pwr_ex.o
LOAD ./system/src/stm32f2xx/stm32f2xx_hal_rcc.o
LOAD ./system/src/stm32f2xx/stm32f2xx_hal_rcc_ex.o
LOAD ./system/src/stm32f2xx/stm32f2xx_hal_rng.o
LOAD ./system/src/stm32f2xx/stm32f2xx_hal_rtc.o
LOAD ./system/src/stm32f2xx/stm32f2xx_hal_rtc_ex.o
LOAD ./system/src/stm32f2xx/stm32f2xx_hal_sd.o
LOAD ./system/src/stm32f2xx/stm32f2xx_hal_smartcard.o
LOAD ./system/src/stm32f2xx/stm32f2xx_hal_spi.o
LOAD ./system/src/stm32f2xx/stm32f2xx_hal_sram.o
LOAD ./system/src/stm32f2xx/stm32f2xx_hal_tim.o
LOAD ./system/src/stm32f2xx/stm32f2xx_hal_tim_ex.o
LOAD ./system/src/stm32f2xx/stm32f2xx_hal_uart.o
LOAD ./system/src/stm32f2xx/stm32f2xx_hal_usart.o
LOAD ./system/src/stm32f2xx/stm32f2xx_hal_wwdg.o
LOAD ./system/src/stm32f2xx/stm32f2xx_ll_fsmc.o
LOAD ./system/src/stm32f2xx/stm32f2xx_ll_sdmmc.o
LOAD ./system/src/stm32f2xx/stm32f2xx_ll_usb.o
LOAD ./system/src/newlib/_cxx.o
LOAD ./system/src/newlib/_exit.o
LOAD ./system/src/newlib/_sbrk.o
LOAD ./system/src/newlib/_startup.o
LOAD ./system/src/newlib/_syscalls.o
LOAD ./system/src/newlib/assert.o
LOAD ./system/src/diag/Trace.o
LOAD ./system/src/diag/trace_impl.o
LOAD ./system/src/cortexm/_initialize_hardware.o
LOAD ./system/src/cortexm/_reset_hardware.o
LOAD ./system/src/cortexm/exception_handlers.o
LOAD ./system/src/cmsis/startup_stm32f205xx.o
LOAD ./system/src/cmsis/system_stm32f2xx.o
LOAD ./src/gcode.o
LOAD ./src/main.o
LOAD ./src/stm32f2xx_hal_msp.o
LOAD ./src/stm32f2xx_it.o
LOAD ./src/usb_device.o
LOAD ./src/usbd_cdc_if.o
LOAD ./src/usbd_conf.o
LOAD ./src/usbd_desc.o
LOAD ./Middlewares/ST/STM32_USB_Device_Library/Core/Src/usbd_core.o
LOAD ./Middlewares/ST/STM32_USB_Device_Library/Core/Src/usbd_ctlreq.o
LOAD ./Middlewares/ST/STM32_USB_Device_Library/Core/Src/usbd_ioreq.o
LOAD ./Middlewares/ST/STM32_USB_Device_Library/Class/CDC/Src/usbd_cdc.o
LOAD ./Middlewares/ST/STM32_USB_Device_Library/Class/CDC/Src/usbd_cdc_if_template.o
LOAD c:/arm/toolchain/bin/../lib/gcc/arm-none-eabi/5.2.1/../../../../arm-none-eabi/lib/armv7-m\libstdc++_nano.a
LOAD c:/arm/toolchain/bin/../lib/gcc/arm-none-eabi/5.2.1/../../../../arm-none-eabi/lib/armv7-m\libm.a
START GROUP
LOAD c:/arm/toolchain/bin/../lib/gcc/arm-none-eabi/5.2.1/armv7-m\libgcc.a
LOAD c:/arm/toolchain/bin/../lib/gcc/arm-none-eabi/5.2.1/../../../../arm-none-eabi/lib/armv7-m\libg_nano.a
LOAD c:/arm/toolchain/bin/../lib/gcc/arm-none-eabi/5.2.1/../../../../arm-none-eabi/lib/armv7-m\libc_nano.a
END GROUP
START GROUP
LOAD c:/arm/toolchain/bin/../lib/gcc/arm-none-eabi/5.2.1/armv7-m\libgcc.a
LOAD c:/arm/toolchain/bin/../lib/gcc/arm-none-eabi/5.2.1/../../../../arm-none-eabi/lib/armv7-m\libc_nano.a
END GROUP
                0x20010000                __stack = (ORIGIN (RAM) + LENGTH (RAM))
                0x20010000                _estack = __stack
                0x00000400                __Main_Stack_Size = 0x400
                [!provide]                PROVIDE (_Main_Stack_Size, __Main_Stack_Size)
                0x2000fc00                __Main_Stack_Limit = (__stack - __Main_Stack_Size)
                [!provide]                PROVIDE (_Main_Stack_Limit, __Main_Stack_Limit)
                0x00000100                _Minimum_Stack_Size = 0x100
                0x20000ca0                PROVIDE (_Heap_Begin, _end_noinit)
                0x2000fc00                PROVIDE (_Heap_Limit, (__stack - __Main_Stack_Size))

.isr_vector     0x08000000      0x39c
 FILL mask 0xff
                0x08000000                __vectors_start = ABSOLUTE (.)
                0x08000000                __vectors_start__ = ABSOLUTE (.)
 *(.isr_vector)
 .isr_vector    0x08000000      0x184 ./system/src/cmsis/startup_stm32f205xx.o
                0x08000000                g_pfnVectors
 *(.cfmconfig)
 *(.after_vectors .after_vectors.*)
 .after_vectors
                0x08000184      0x114 ./system/src/newlib/_startup.o
                0x08000184                _start
 .after_vectors
                0x08000298      0x104 ./system/src/cortexm/exception_handlers.o
                0x08000298                Reset_Handler
                0x080002a0                NMI_Handler
                0x080002a4                HardFault_Handler
                0x080002b8                HardFault_Handler_C
                0x080002ec                MemManage_Handler
                0x080002f0                BusFault_Handler
                0x08000304                BusFault_Handler_C
                0x08000338                UsageFault_Handler
                0x0800034c                UsageFault_Handler_C
                0x08000380                SVC_Handler
                0x08000384                DebugMon_Handler
                0x08000388                PendSV_Handler

.inits          0x0800039c       0x28
                0x0800039c                __data_regions_array_start = .
                0x0800039c        0x4 LONG 0x8005670 LOADADDR (.data)
                0x080003a0        0x4 LONG 0x20000000 ADDR (.data)
                0x080003a4        0x4 LONG 0x200001cc (ADDR (.data) + SIZEOF (.data))
                0x080003a8        0x4 LONG 0x8005670 LOADADDR (.data_CCMRAM)
                0x080003ac        0x4 LONG 0x10000000 ADDR (.data_CCMRAM)
                0x080003b0        0x4 LONG 0x10000000 (ADDR (.data_CCMRAM) + SIZEOF (.data_CCMRAM))
                0x080003b4                __data_regions_array_end = .
                0x080003b4                __bss_regions_array_start = .
                0x080003b4        0x4 LONG 0x200001cc ADDR (.bss)
                0x080003b8        0x4 LONG 0x20000ca0 (ADDR (.bss) + SIZEOF (.bss))
                0x080003bc        0x4 LONG 0x10000000 ADDR (.bss_CCMRAM)
                0x080003c0        0x4 LONG 0x10000000 (ADDR (.bss_CCMRAM) + SIZEOF (.bss_CCMRAM))
                0x080003c4                __bss_regions_array_end = .
 *(.init)
 *(.fini)
                0x080003c4                . = ALIGN (0x4)
                0x080003c4                PROVIDE (__preinit_array_start, .)
 *(.preinit_array_sysinit .preinit_array_sysinit.*)
 *(.preinit_array_platform .preinit_array_platform.*)
 *(.preinit_array .preinit_array.*)
                0x080003c4                PROVIDE (__preinit_array_end, .)
                0x080003c4                . = ALIGN (0x4)
                0x080003c4                PROVIDE (__init_array_start, .)
 *(SORT(.init_array.*))
 *(.init_array)
                0x080003c4                PROVIDE (__init_array_end, .)
                0x080003c4                . = ALIGN (0x4)
                0x080003c4                PROVIDE (__fini_array_start, .)
 *(SORT(.fini_array.*))
 *(.fini_array)
                0x080003c4                PROVIDE (__fini_array_end, .)

.flashtext
 *(.flashtext .flashtext.*)

.text           0x080003c8     0x52a5
 *(.text .text.*)
 .text.HAL_InitTick
                0x080003c8       0x28 ./system/src/stm32f2xx/stm32f2xx_hal.o
                0x080003c8                HAL_InitTick
 .text.HAL_Init
                0x080003f0       0x34 ./system/src/stm32f2xx/stm32f2xx_hal.o
                0x080003f0                HAL_Init
 .text.HAL_IncTick
                0x08000424       0x10 ./system/src/stm32f2xx/stm32f2xx_hal.o
                0x08000424                HAL_IncTick
 .text.HAL_GetTick
                0x08000434        0xc ./system/src/stm32f2xx/stm32f2xx_hal.o
                0x08000434                HAL_GetTick
 .text.HAL_Delay
                0x08000440       0x1c ./system/src/stm32f2xx/stm32f2xx_hal.o
                0x08000440                HAL_Delay
 .text.HAL_NVIC_SetPriorityGrouping
                0x0800045c       0x24 ./system/src/stm32f2xx/stm32f2xx_hal_cortex.o
                0x0800045c                HAL_NVIC_SetPriorityGrouping
 .text.HAL_NVIC_SetPriority
                0x08000480       0x64 ./system/src/stm32f2xx/stm32f2xx_hal_cortex.o
                0x08000480                HAL_NVIC_SetPriority
 .text.HAL_NVIC_EnableIRQ
                0x080004e4       0x18 ./system/src/stm32f2xx/stm32f2xx_hal_cortex.o
                0x080004e4                HAL_NVIC_EnableIRQ
 .text.HAL_SYSTICK_Config
                0x080004fc       0x2c ./system/src/stm32f2xx/stm32f2xx_hal_cortex.o
                0x080004fc                HAL_SYSTICK_Config
 .text.HAL_SYSTICK_CLKSourceConfig
                0x08000528       0x20 ./system/src/stm32f2xx/stm32f2xx_hal_cortex.o
                0x08000528                HAL_SYSTICK_CLKSourceConfig
 .text.HAL_SYSTICK_Callback
                0x08000548        0x4 ./system/src/stm32f2xx/stm32f2xx_hal_cortex.o
                0x08000548                HAL_SYSTICK_Callback
 .text.HAL_SYSTICK_IRQHandler
                0x0800054c        0x8 ./system/src/stm32f2xx/stm32f2xx_hal_cortex.o
                0x0800054c                HAL_SYSTICK_IRQHandler
 .text.HAL_GPIO_Init
                0x08000554      0x1cc ./system/src/stm32f2xx/stm32f2xx_hal_gpio.o
                0x08000554                HAL_GPIO_Init
 .text.HAL_GPIO_ReadPin
                0x08000720       0x10 ./system/src/stm32f2xx/stm32f2xx_hal_gpio.o
                0x08000720                HAL_GPIO_ReadPin
 .text.HAL_GPIO_WritePin
                0x08000730        0xc ./system/src/stm32f2xx/stm32f2xx_hal_gpio.o
                0x08000730                HAL_GPIO_WritePin
 .text.I2C_WaitOnMasterAddressFlagUntilTimeout
                0x0800073c       0x90 ./system/src/stm32f2xx/stm32f2xx_hal_i2c.o
 .text.I2C_WaitOnFlagUntilTimeout
                0x080007cc       0xcc ./system/src/stm32f2xx/stm32f2xx_hal_i2c.o
 .text.I2C_MasterRequestWrite
                0x08000898       0x8c ./system/src/stm32f2xx/stm32f2xx_hal_i2c.o
 .text.HAL_I2C_Init
                0x08000924      0x114 ./system/src/stm32f2xx/stm32f2xx_hal_i2c.o
                0x08000924                HAL_I2C_Init
 .text.HAL_I2C_Master_Transmit
                0x08000a38      0x114 ./system/src/stm32f2xx/stm32f2xx_hal_i2c.o
                0x08000a38                HAL_I2C_Master_Transmit
 .text.PCD_WriteEmptyTxFifo
                0x08000b4c       0xbc ./system/src/stm32f2xx/stm32f2xx_hal_pcd.o
 .text.HAL_PCD_Init
                0x08000c08       0xdc ./system/src/stm32f2xx/stm32f2xx_hal_pcd.o
                0x08000c08                HAL_PCD_Init
 .text.HAL_PCD_Start
                0x08000ce4       0x2c ./system/src/stm32f2xx/stm32f2xx_hal_pcd.o
                0x08000ce4                HAL_PCD_Start
 .text.HAL_PCD_IRQHandler
                0x08000d10      0x450 ./system/src/stm32f2xx/stm32f2xx_hal_pcd.o
                0x08000d10                HAL_PCD_IRQHandler
 .text.HAL_PCD_SetAddress
                0x08001160       0x24 ./system/src/stm32f2xx/stm32f2xx_hal_pcd.o
                0x08001160                HAL_PCD_SetAddress
 .text.HAL_PCD_EP_Open
                0x08001184       0x6c ./system/src/stm32f2xx/stm32f2xx_hal_pcd.o
                0x08001184                HAL_PCD_EP_Open
 .text.HAL_PCD_EP_Close
                0x080011f0       0x5c ./system/src/stm32f2xx/stm32f2xx_hal_pcd.o
                0x080011f0                HAL_PCD_EP_Close
 .text.HAL_PCD_EP_Receive
                0x0800124c       0x74 ./system/src/stm32f2xx/stm32f2xx_hal_pcd.o
                0x0800124c                HAL_PCD_EP_Receive
 .text.HAL_PCD_EP_GetRxCount
                0x080012c0       0x14 ./system/src/stm32f2xx/stm32f2xx_hal_pcd.o
                0x080012c0                HAL_PCD_EP_GetRxCount
 .text.HAL_PCD_EP_Transmit
                0x080012d4       0x68 ./system/src/stm32f2xx/stm32f2xx_hal_pcd.o
                0x080012d4                HAL_PCD_EP_Transmit
 .text.HAL_PCD_EP_SetStall
                0x0800133c       0x68 ./system/src/stm32f2xx/stm32f2xx_hal_pcd.o
                0x0800133c                HAL_PCD_EP_SetStall
 .text.HAL_PCD_EP_ClrStall
                0x080013a4       0x5c ./system/src/stm32f2xx/stm32f2xx_hal_pcd.o
                0x080013a4                HAL_PCD_EP_ClrStall
 .text.HAL_PCDEx_SetTxFiFo
                0x08001400       0x48 ./system/src/stm32f2xx/stm32f2xx_hal_pcd_ex.o
                0x08001400                HAL_PCDEx_SetTxFiFo
 .text.HAL_PCDEx_SetRxFiFo
                0x08001448        0x8 ./system/src/stm32f2xx/stm32f2xx_hal_pcd_ex.o
                0x08001448                HAL_PCDEx_SetRxFiFo
 .text.HAL_RCC_OscConfig
                0x08001450      0x3c0 ./system/src/stm32f2xx/stm32f2xx_hal_rcc.o
                0x08001450                HAL_RCC_OscConfig
 .text.HAL_RCC_ClockConfig
                0x08001810      0x22c ./system/src/stm32f2xx/stm32f2xx_hal_rcc.o
                0x08001810                HAL_RCC_ClockConfig
 .text.HAL_RCC_GetSysClockFreq
                0x08001a3c       0xa0 ./system/src/stm32f2xx/stm32f2xx_hal_rcc.o
                0x08001a3c                HAL_RCC_GetSysClockFreq
 .text.HAL_RCC_GetHCLKFreq
                0x08001adc       0x34 ./system/src/stm32f2xx/stm32f2xx_hal_rcc.o
                0x08001adc                HAL_RCC_GetHCLKFreq
 .text.HAL_RCC_GetPCLK1Freq
                0x08001b10       0x30 ./system/src/stm32f2xx/stm32f2xx_hal_rcc.o
                0x08001b10                HAL_RCC_GetPCLK1Freq
 .text.TIM_OC1_SetConfig
                0x08001b40       0x68 ./system/src/stm32f2xx/stm32f2xx_hal_tim.o
 .text.TIM_OC3_SetConfig
                0x08001ba8       0x6c ./system/src/stm32f2xx/stm32f2xx_hal_tim.o
 .text.TIM_OC4_SetConfig
                0x08001c14       0x5c ./system/src/stm32f2xx/stm32f2xx_hal_tim.o
 .text.TIM_Base_SetConfig
                0x08001c70      0x11c ./system/src/stm32f2xx/stm32f2xx_hal_tim.o
                0x08001c70                TIM_Base_SetConfig
 .text.HAL_TIM_PWM_Init
                0x08001d8c       0x38 ./system/src/stm32f2xx/stm32f2xx_hal_tim.o
                0x08001d8c                HAL_TIM_PWM_Init
 .text.TIM_OC2_SetConfig
                0x08001dc4       0x70 ./system/src/stm32f2xx/stm32f2xx_hal_tim.o
                0x08001dc4                TIM_OC2_SetConfig
 .text.HAL_TIM_PWM_ConfigChannel
                0x08001e34       0xdc ./system/src/stm32f2xx/stm32f2xx_hal_tim.o
                0x08001e34                HAL_TIM_PWM_ConfigChannel
 .text.TIM_CCxChannelCmd
                0x08001f10       0x1c ./system/src/stm32f2xx/stm32f2xx_hal_tim.o
                0x08001f10                TIM_CCxChannelCmd
 .text.HAL_TIM_PWM_Start
                0x08001f2c       0x44 ./system/src/stm32f2xx/stm32f2xx_hal_tim.o
                0x08001f2c                HAL_TIM_PWM_Start
 .text.HAL_TIM_PWM_Stop
                0x08001f70       0x70 ./system/src/stm32f2xx/stm32f2xx_hal_tim.o
                0x08001f70                HAL_TIM_PWM_Stop
 .text.HAL_TIMEx_MasterConfigSynchronization
                0x08001fe0       0x54 ./system/src/stm32f2xx/stm32f2xx_hal_tim_ex.o
                0x08001fe0                HAL_TIMEx_MasterConfigSynchronization
 .text.USB_CoreInit
                0x08002034       0x78 ./system/src/stm32f2xx/stm32f2xx_ll_usb.o
                0x08002034                USB_CoreInit
 .text.USB_EnableGlobalInt
                0x080020ac        0xc ./system/src/stm32f2xx/stm32f2xx_ll_usb.o
                0x080020ac                USB_EnableGlobalInt
 .text.USB_DisableGlobalInt
                0x080020b8        0xc ./system/src/stm32f2xx/stm32f2xx_ll_usb.o
                0x080020b8                USB_DisableGlobalInt
 .text.USB_SetCurrentMode
                0x080020c4       0x2c ./system/src/stm32f2xx/stm32f2xx_ll_usb.o
                0x080020c4                USB_SetCurrentMode
 .text.USB_DevInit
                0x080020f0      0x148 ./system/src/stm32f2xx/stm32f2xx_ll_usb.o
                0x080020f0                USB_DevInit
 .text.USB_FlushTxFifo
                0x08002238       0x28 ./system/src/stm32f2xx/stm32f2xx_ll_usb.o
                0x08002238                USB_FlushTxFifo
 .text.USB_FlushRxFifo
                0x08002260       0x24 ./system/src/stm32f2xx/stm32f2xx_ll_usb.o
                0x08002260                USB_FlushRxFifo
 .text.USB_SetDevSpeed
                0x08002284       0x10 ./system/src/stm32f2xx/stm32f2xx_ll_usb.o
                0x08002284                USB_SetDevSpeed
 .text.USB_GetDevSpeed
                0x08002294       0x40 ./system/src/stm32f2xx/stm32f2xx_ll_usb.o
                0x08002294                USB_GetDevSpeed
 .text.USB_ActivateEndpoint
                0x080022d4       0x98 ./system/src/stm32f2xx/stm32f2xx_ll_usb.o
                0x080022d4                USB_ActivateEndpoint
 .text.USB_DeactivateEndpoint
                0x0800236c       0x80 ./system/src/stm32f2xx/stm32f2xx_ll_usb.o
                0x0800236c                USB_DeactivateEndpoint
 .text.USB_EPStartXfer
                0x080023ec      0x254 ./system/src/stm32f2xx/stm32f2xx_ll_usb.o
                0x080023ec                USB_EPStartXfer
 .text.USB_EP0StartXfer
                0x08002640      0x15c ./system/src/stm32f2xx/stm32f2xx_ll_usb.o
                0x08002640                USB_EP0StartXfer
 .text.USB_WritePacket
                0x0800279c       0x2c ./system/src/stm32f2xx/stm32f2xx_ll_usb.o
                0x0800279c                USB_WritePacket
 .text.USB_ReadPacket
                0x080027c8       0x20 ./system/src/stm32f2xx/stm32f2xx_ll_usb.o
                0x080027c8                USB_ReadPacket
 .text.USB_EPSetStall
                0x080027e8       0x64 ./system/src/stm32f2xx/stm32f2xx_ll_usb.o
                0x080027e8                USB_EPSetStall
 .text.USB_EPClearStall
                0x0800284c       0x68 ./system/src/stm32f2xx/stm32f2xx_ll_usb.o
                0x0800284c                USB_EPClearStall
 .text.USB_SetDevAddress
                0x080028b4       0x20 ./system/src/stm32f2xx/stm32f2xx_ll_usb.o
                0x080028b4                USB_SetDevAddress
 .text.USB_DevConnect
                0x080028d4       0x18 ./system/src/stm32f2xx/stm32f2xx_ll_usb.o
                0x080028d4                USB_DevConnect
 .text.USB_DevDisconnect
                0x080028ec       0x18 ./system/src/stm32f2xx/stm32f2xx_ll_usb.o
                0x080028ec                USB_DevDisconnect
 .text.USB_ReadInterrupts
                0x08002904        0x8 ./system/src/stm32f2xx/stm32f2xx_ll_usb.o
                0x08002904                USB_ReadInterrupts
 .text.USB_ReadDevAllOutEpInterrupt
                0x0800290c       0x10 ./system/src/stm32f2xx/stm32f2xx_ll_usb.o
                0x0800290c                USB_ReadDevAllOutEpInterrupt
 .text.USB_ReadDevAllInEpInterrupt
                0x0800291c       0x10 ./system/src/stm32f2xx/stm32f2xx_ll_usb.o
                0x0800291c                USB_ReadDevAllInEpInterrupt
 .text.USB_ReadDevOutEPInterrupt
                0x0800292c       0x14 ./system/src/stm32f2xx/stm32f2xx_ll_usb.o
                0x0800292c                USB_ReadDevOutEPInterrupt
 .text.USB_ReadDevInEPInterrupt
                0x08002940       0x24 ./system/src/stm32f2xx/stm32f2xx_ll_usb.o
                0x08002940                USB_ReadDevInEPInterrupt
 .text.USB_GetMode
                0x08002964        0x8 ./system/src/stm32f2xx/stm32f2xx_ll_usb.o
                0x08002964                USB_GetMode
 .text.USB_ActivateSetup
                0x0800296c       0x38 ./system/src/stm32f2xx/stm32f2xx_ll_usb.o
                0x0800296c                USB_ActivateSetup
 .text.USB_EP0_OutStart
                0x080029a4       0x44 ./system/src/stm32f2xx/stm32f2xx_ll_usb.o
                0x080029a4                USB_EP0_OutStart
 .text.USB_CoreReset
                0x080029e8       0x3c ./system/src/stm32f2xx/stm32f2xx_ll_usb.o
 .text._exit    0x08002a24        0x4 ./system/src/newlib/_exit.o
                0x08002a24                _exit
 .text._sbrk    0x08002a28       0x44 ./system/src/newlib/_sbrk.o
                0x08002a28                _sbrk
 .text.__initialize_args
                0x08002a6c       0x10 ./system/src/newlib/_syscalls.o
                0x08002a6c                __initialize_args
 .text.trace_printf
                0x08002a7c       0x30 ./system/src/diag/Trace.o
                0x08002a7c                trace_printf
 .text.trace_write
                0x08002aac        0x8 ./system/src/diag/trace_impl.o
                0x08002aac                trace_write
 .text.__initialize_hardware_early
                0x08002ab4       0x18 ./system/src/cortexm/_initialize_hardware.o
                0x08002ab4                __initialize_hardware_early
 .text.__initialize_hardware
                0x08002acc        0x8 ./system/src/cortexm/_initialize_hardware.o
                0x08002acc                __initialize_hardware
 .text.dumpExceptionStack
                0x08002ad4       0xf0 ./system/src/cortexm/exception_handlers.o
                0x08002ad4                dumpExceptionStack
 .text.Default_Handler
                0x08002bc4        0x2 ./system/src/cmsis/startup_stm32f205xx.o
                0x08002bc4                RTC_Alarm_IRQHandler
                0x08002bc4                HASH_RNG_IRQHandler
                0x08002bc4                EXTI2_IRQHandler
                0x08002bc4                TIM8_CC_IRQHandler
                0x08002bc4                TIM1_CC_IRQHandler
                0x08002bc4                DMA2_Stream5_IRQHandler
                0x08002bc4                DMA1_Stream5_IRQHandler
                0x08002bc4                PVD_IRQHandler
                0x08002bc4                SDIO_IRQHandler
                0x08002bc4                TAMP_STAMP_IRQHandler
                0x08002bc4                CAN2_RX1_IRQHandler
                0x08002bc4                EXTI3_IRQHandler
                0x08002bc4                TIM8_TRG_COM_TIM14_IRQHandler
                0x08002bc4                TIM1_UP_TIM10_IRQHandler
                0x08002bc4                TIM8_UP_TIM13_IRQHandler
                0x08002bc4                I2C3_ER_IRQHandler
                0x08002bc4                EXTI0_IRQHandler
                0x08002bc4                I2C2_EV_IRQHandler
                0x08002bc4                DMA1_Stream2_IRQHandler
                0x08002bc4                CAN1_RX0_IRQHandler
                0x08002bc4                OTG_HS_WKUP_IRQHandler
                0x08002bc4                CAN2_SCE_IRQHandler
                0x08002bc4                DMA2_Stream2_IRQHandler
                0x08002bc4                SPI1_IRQHandler
                0x08002bc4                TIM6_DAC_IRQHandler
                0x08002bc4                TIM1_BRK_TIM9_IRQHandler
                0x08002bc4                CAN2_RX0_IRQHandler
                0x08002bc4                DMA2_Stream3_IRQHandler
                0x08002bc4                USART6_IRQHandler
                0x08002bc4                USART3_IRQHandler
                0x08002bc4                CAN1_RX1_IRQHandler
                0x08002bc4                UART5_IRQHandler
                0x08002bc4                DMA2_Stream0_IRQHandler
                0x08002bc4                TIM4_IRQHandler
                0x08002bc4                I2C1_EV_IRQHandler
                0x08002bc4                DMA1_Stream6_IRQHandler
                0x08002bc4                DMA1_Stream1_IRQHandler
                0x08002bc4                UART4_IRQHandler
                0x08002bc4                TIM3_IRQHandler
                0x08002bc4                RCC_IRQHandler
                0x08002bc4                TIM8_BRK_TIM12_IRQHandler
                0x08002bc4                Default_Handler
                0x08002bc4                EXTI15_10_IRQHandler
                0x08002bc4                ADC_IRQHandler
                0x08002bc4                DMA1_Stream7_IRQHandler
                0x08002bc4                TIM7_IRQHandler
                0x08002bc4                CAN2_TX_IRQHandler
                0x08002bc4                TIM5_IRQHandler
                0x08002bc4                DMA2_Stream7_IRQHandler
                0x08002bc4                I2C3_EV_IRQHandler
                0x08002bc4                EXTI9_5_IRQHandler
                0x08002bc4                RTC_WKUP_IRQHandler
                0x08002bc4                SPI2_IRQHandler
                0x08002bc4                OTG_HS_EP1_IN_IRQHandler
                0x08002bc4                DMA1_Stream0_IRQHandler
                0x08002bc4                CAN1_TX_IRQHandler
                0x08002bc4                EXTI4_IRQHandler
                0x08002bc4                FSMC_IRQHandler
                0x08002bc4                OTG_HS_EP1_OUT_IRQHandler
                0x08002bc4                WWDG_IRQHandler
                0x08002bc4                TIM2_IRQHandler
                0x08002bc4                OTG_FS_WKUP_IRQHandler
                0x08002bc4                TIM1_TRG_COM_TIM11_IRQHandler
                0x08002bc4                OTG_HS_IRQHandler
                0x08002bc4                EXTI1_IRQHandler
                0x08002bc4                USART2_IRQHandler
                0x08002bc4                I2C2_ER_IRQHandler
                0x08002bc4                DMA2_Stream1_IRQHandler
                0x08002bc4                CAN1_SCE_IRQHandler
                0x08002bc4                FLASH_IRQHandler
                0x08002bc4                DMA2_Stream4_IRQHandler
                0x08002bc4                USART1_IRQHandler
                0x08002bc4                SPI3_IRQHandler
                0x08002bc4                DMA1_Stream4_IRQHandler
                0x08002bc4                I2C1_ER_IRQHandler
                0x08002bc4                DMA2_Stream6_IRQHandler
                0x08002bc4                DMA1_Stream3_IRQHandler
 *fill*         0x08002bc6        0x2 
 .text.SystemInit
                0x08002bc8       0x40 ./system/src/cmsis/system_stm32f2xx.o
                0x08002bc8                SystemInit
 .text.SystemCoreClockUpdate
                0x08002c08       0xa0 ./system/src/cmsis/system_stm32f2xx.o
                0x08002c08                SystemCoreClockUpdate
 .text.delay_us
                0x08002ca8       0x14 ./src/gcode.o
                0x08002ca8                delay_us
 *fill*         0x08002cbc        0x4 
 .text.SetCurrent
                0x08002cc0       0xc8 ./src/gcode.o
                0x08002cc0                SetCurrent
 .text.gcode_process_line
                0x08002d88      0x374 ./src/gcode.o
                0x08002d88                gcode_process_line
 .text.MX_GPIO_Init
                0x080030fc       0x9c ./src/main.o
 .text.MX_I2C1_Init
                0x08003198       0x34 ./src/main.o
 .text.MX_TIM3_Init
                0x080031cc       0x6c ./src/main.o
 .text.SystemClock_Config
                0x08003238       0x70 ./src/main.o
                0x08003238                SystemClock_Config
 .text.main     0x080032a8       0x30 ./src/main.o
                0x080032a8                main
 .text.HAL_MspInit
                0x080032d8       0x18 ./src/stm32f2xx_hal_msp.o
                0x080032d8                HAL_MspInit
 .text.HAL_I2C_MspInit
                0x080032f0       0x58 ./src/stm32f2xx_hal_msp.o
                0x080032f0                HAL_I2C_MspInit
 .text.HAL_TIM_PWM_MspInit
                0x08003348       0x30 ./src/stm32f2xx_hal_msp.o
                0x08003348                HAL_TIM_PWM_MspInit
 .text.HAL_TIM_MspPostInit
                0x08003378       0x38 ./src/stm32f2xx_hal_msp.o
                0x08003378                HAL_TIM_MspPostInit
 .text.SysTick_Handler
                0x080033b0        0xc ./src/stm32f2xx_it.o
                0x080033b0                SysTick_Handler
 .text.OTG_FS_IRQHandler
                0x080033bc       0x10 ./src/stm32f2xx_it.o
                0x080033bc                OTG_FS_IRQHandler
 .text.MX_USB_DEVICE_Init
                0x080033cc       0x38 ./src/usb_device.o
                0x080033cc                MX_USB_DEVICE_Init
 .text.CDC_DeInit_FS
                0x08003404        0x4 ./src/usbd_cdc_if.o
 .text.CDC_Control_FS
                0x08003408        0x4 ./src/usbd_cdc_if.o
 .text.CDC_Receive_FS
                0x0800340c       0x18 ./src/usbd_cdc_if.o
 .text.CDC_Init_FS
                0x08003424       0x44 ./src/usbd_cdc_if.o
 .text.CDC_Transmit_FS
                0x08003468       0x44 ./src/usbd_cdc_if.o
                0x08003468                CDC_Transmit_FS
 .text.CDC_Check_ReceiveFlg_FS
                0x080034ac        0xc ./src/usbd_cdc_if.o
                0x080034ac                CDC_Check_ReceiveFlg_FS
 .text.CDC_Get_ReadData_FS
                0x080034b8       0x7c ./src/usbd_cdc_if.o
                0x080034b8                CDC_Get_ReadData_FS
 .text.HAL_PCD_MspInit
                0x08003534       0x68 ./src/usbd_conf.o
                0x08003534                HAL_PCD_MspInit
 .text.HAL_PCD_SetupStageCallback
                0x0800359c       0x10 ./src/usbd_conf.o
                0x0800359c                HAL_PCD_SetupStageCallback
 .text.HAL_PCD_DataOutStageCallback
                0x080035ac       0x18 ./src/usbd_conf.o
                0x080035ac                HAL_PCD_DataOutStageCallback
 .text.HAL_PCD_DataInStageCallback
                0x080035c4       0x18 ./src/usbd_conf.o
                0x080035c4                HAL_PCD_DataInStageCallback
 .text.HAL_PCD_SOFCallback
                0x080035dc        0xc ./src/usbd_conf.o
                0x080035dc                HAL_PCD_SOFCallback
 .text.HAL_PCD_ResetCallback
                0x080035e8       0x20 ./src/usbd_conf.o
                0x080035e8                HAL_PCD_ResetCallback
 .text.HAL_PCD_SuspendCallback
                0x08003608       0x30 ./src/usbd_conf.o
                0x08003608                HAL_PCD_SuspendCallback
 .text.HAL_PCD_ResumeCallback
                0x08003638        0xc ./src/usbd_conf.o
                0x08003638                HAL_PCD_ResumeCallback
 .text.HAL_PCD_ISOOUTIncompleteCallback
                0x08003644        0xc ./src/usbd_conf.o
                0x08003644                HAL_PCD_ISOOUTIncompleteCallback
 .text.HAL_PCD_ISOINIncompleteCallback
                0x08003650        0xc ./src/usbd_conf.o
                0x08003650                HAL_PCD_ISOINIncompleteCallback
 .text.HAL_PCD_ConnectCallback
                0x0800365c        0xc ./src/usbd_conf.o
                0x0800365c                HAL_PCD_ConnectCallback
 .text.HAL_PCD_DisconnectCallback
                0x08003668        0xc ./src/usbd_conf.o
                0x08003668                HAL_PCD_DisconnectCallback
 .text.USBD_LL_Init
                0x08003674       0x58 ./src/usbd_conf.o
                0x08003674                USBD_LL_Init
 .text.USBD_LL_Start
                0x080036cc       0x10 ./src/usbd_conf.o
                0x080036cc                USBD_LL_Start
 .text.USBD_LL_OpenEP
                0x080036dc       0x14 ./src/usbd_conf.o
                0x080036dc                USBD_LL_OpenEP
 .text.USBD_LL_CloseEP
                0x080036f0       0x10 ./src/usbd_conf.o
                0x080036f0                USBD_LL_CloseEP
 .text.USBD_LL_StallEP
                0x08003700       0x10 ./src/usbd_conf.o
                0x08003700                USBD_LL_StallEP
 .text.USBD_LL_ClearStallEP
                0x08003710       0x10 ./src/usbd_conf.o
                0x08003710                USBD_LL_ClearStallEP
 .text.USBD_LL_IsStallEP
                0x08003720       0x30 ./src/usbd_conf.o
                0x08003720                USBD_LL_IsStallEP
 .text.USBD_LL_SetUSBAddress
                0x08003750       0x10 ./src/usbd_conf.o
                0x08003750                USBD_LL_SetUSBAddress
 .text.USBD_LL_Transmit
                0x08003760       0x10 ./src/usbd_conf.o
                0x08003760                USBD_LL_Transmit
 .text.USBD_LL_PrepareReceive
                0x08003770       0x10 ./src/usbd_conf.o
                0x08003770                USBD_LL_PrepareReceive
 .text.USBD_LL_GetRxDataSize
                0x08003780        0xc ./src/usbd_conf.o
                0x08003780                USBD_LL_GetRxDataSize
 .text.USBD_FS_DeviceDescriptor
                0x0800378c        0xc ./src/usbd_desc.o
                0x0800378c                USBD_FS_DeviceDescriptor
 .text.USBD_FS_LangIDStrDescriptor
                0x08003798        0xc ./src/usbd_desc.o
                0x08003798                USBD_FS_LangIDStrDescriptor
 .text.USBD_FS_ProductStrDescriptor
                0x080037a4       0x24 ./src/usbd_desc.o
                0x080037a4                USBD_FS_ProductStrDescriptor
 .text.USBD_FS_ManufacturerStrDescriptor
                0x080037c8       0x1c ./src/usbd_desc.o
                0x080037c8                USBD_FS_ManufacturerStrDescriptor
 .text.USBD_FS_SerialStrDescriptor
                0x080037e4       0x24 ./src/usbd_desc.o
                0x080037e4                USBD_FS_SerialStrDescriptor
 .text.USBD_FS_ConfigStrDescriptor
                0x08003808       0x24 ./src/usbd_desc.o
                0x08003808                USBD_FS_ConfigStrDescriptor
 .text.USBD_FS_InterfaceStrDescriptor
                0x0800382c       0x24 ./src/usbd_desc.o
                0x0800382c                USBD_FS_InterfaceStrDescriptor
 .text.USBD_Init
                0x08003850       0x30 ./Middlewares/ST/STM32_USB_Device_Library/Core/Src/usbd_core.o
                0x08003850                USBD_Init
 .text.USBD_RegisterClass
                0x08003880       0x10 ./Middlewares/ST/STM32_USB_Device_Library/Core/Src/usbd_core.o
                0x08003880                USBD_RegisterClass
 .text.USBD_Start
                0x08003890        0xc ./Middlewares/ST/STM32_USB_Device_Library/Core/Src/usbd_core.o
                0x08003890                USBD_Start
 .text.USBD_SetClassConfig
                0x0800389c       0x1c ./Middlewares/ST/STM32_USB_Device_Library/Core/Src/usbd_core.o
                0x0800389c                USBD_SetClassConfig
 .text.USBD_ClrClassConfig
                0x080038b8       0x10 ./Middlewares/ST/STM32_USB_Device_Library/Core/Src/usbd_core.o
                0x080038b8                USBD_ClrClassConfig
 .text.USBD_LL_SetupStage
                0x080038c8       0x5c ./Middlewares/ST/STM32_USB_Device_Library/Core/Src/usbd_core.o
                0x080038c8                USBD_LL_SetupStage
 .text.USBD_LL_DataOutStage
                0x08003924       0x68 ./Middlewares/ST/STM32_USB_Device_Library/Core/Src/usbd_core.o
                0x08003924                USBD_LL_DataOutStage
 .text.USBD_LL_DataInStage
                0x0800398c       0xac ./Middlewares/ST/STM32_USB_Device_Library/Core/Src/usbd_core.o
                0x0800398c                USBD_LL_DataInStage
 .text.USBD_LL_Reset
                0x08003a38       0x40 ./Middlewares/ST/STM32_USB_Device_Library/Core/Src/usbd_core.o
                0x08003a38                USBD_LL_Reset
 .text.USBD_LL_SetSpeed
                0x08003a78        0x8 ./Middlewares/ST/STM32_USB_Device_Library/Core/Src/usbd_core.o
                0x08003a78                USBD_LL_SetSpeed
 .text.USBD_LL_Suspend
                0x08003a80       0x14 ./Middlewares/ST/STM32_USB_Device_Library/Core/Src/usbd_core.o
                0x08003a80                USBD_LL_Suspend
 .text.USBD_LL_Resume
                0x08003a94        0xc ./Middlewares/ST/STM32_USB_Device_Library/Core/Src/usbd_core.o
                0x08003a94                USBD_LL_Resume
 .text.USBD_LL_SOF
                0x08003aa0       0x18 ./Middlewares/ST/STM32_USB_Device_Library/Core/Src/usbd_core.o
                0x08003aa0                USBD_LL_SOF
 .text.USBD_LL_IsoINIncomplete
                0x08003ab8        0x4 ./Middlewares/ST/STM32_USB_Device_Library/Core/Src/usbd_core.o
                0x08003ab8                USBD_LL_IsoINIncomplete
 .text.USBD_LL_IsoOUTIncomplete
                0x08003abc        0x4 ./Middlewares/ST/STM32_USB_Device_Library/Core/Src/usbd_core.o
                0x08003abc                USBD_LL_IsoOUTIncomplete
 .text.USBD_LL_DevConnected
                0x08003ac0        0x4 ./Middlewares/ST/STM32_USB_Device_Library/Core/Src/usbd_core.o
                0x08003ac0                USBD_LL_DevConnected
 .text.USBD_LL_DevDisconnected
                0x08003ac4       0x18 ./Middlewares/ST/STM32_USB_Device_Library/Core/Src/usbd_core.o
                0x08003ac4                USBD_LL_DevDisconnected
 .text.USBD_GetLen
                0x08003adc       0x14 ./Middlewares/ST/STM32_USB_Device_Library/Core/Src/usbd_ctlreq.o
 .text.USBD_SetFeature
                0x08003af0       0x20 ./Middlewares/ST/STM32_USB_Device_Library/Core/Src/usbd_ctlreq.o
 .text.USBD_ParseSetupRequest
                0x08003b10       0x28 ./Middlewares/ST/STM32_USB_Device_Library/Core/Src/usbd_ctlreq.o
                0x08003b10                USBD_ParseSetupRequest
 .text.USBD_CtlError
                0x08003b38       0x14 ./Middlewares/ST/STM32_USB_Device_Library/Core/Src/usbd_ctlreq.o
                0x08003b38                USBD_CtlError
 .text.USBD_GetDescriptor
                0x08003b4c      0x130 ./Middlewares/ST/STM32_USB_Device_Library/Core/Src/usbd_ctlreq.o
 .text.USBD_SetAddress
                0x08003c7c       0x4c ./Middlewares/ST/STM32_USB_Device_Library/Core/Src/usbd_ctlreq.o
 .text.USBD_SetConfig
                0x08003cc8       0xa8 ./Middlewares/ST/STM32_USB_Device_Library/Core/Src/usbd_ctlreq.o
 .text.USBD_GetConfig
                0x08003d70       0x3c ./Middlewares/ST/STM32_USB_Device_Library/Core/Src/usbd_ctlreq.o
 .text.USBD_GetStatus
                0x08003dac       0x2c ./Middlewares/ST/STM32_USB_Device_Library/Core/Src/usbd_ctlreq.o
 .text.USBD_ClrFeature
                0x08003dd8       0x30 ./Middlewares/ST/STM32_USB_Device_Library/Core/Src/usbd_ctlreq.o
 .text.USBD_StdDevReq
                0x08003e08       0x48 ./Middlewares/ST/STM32_USB_Device_Library/Core/Src/usbd_ctlreq.o
                0x08003e08                USBD_StdDevReq
 .text.USBD_StdItfReq
                0x08003e50       0x38 ./Middlewares/ST/STM32_USB_Device_Library/Core/Src/usbd_ctlreq.o
                0x08003e50                USBD_StdItfReq
 .text.USBD_StdEPReq
                0x08003e88      0x11c ./Middlewares/ST/STM32_USB_Device_Library/Core/Src/usbd_ctlreq.o
                0x08003e88                USBD_StdEPReq
 .text.USBD_GetString
                0x08003fa4       0x3c ./Middlewares/ST/STM32_USB_Device_Library/Core/Src/usbd_ctlreq.o
                0x08003fa4                USBD_GetString
 .text.USBD_CtlSendData
                0x08003fe0       0x1c ./Middlewares/ST/STM32_USB_Device_Library/Core/Src/usbd_ioreq.o
                0x08003fe0                USBD_CtlSendData
 .text.USBD_CtlContinueSendData
                0x08003ffc       0x10 ./Middlewares/ST/STM32_USB_Device_Library/Core/Src/usbd_ioreq.o
                0x08003ffc                USBD_CtlContinueSendData
 .text.USBD_CtlPrepareRx
                0x0800400c       0x20 ./Middlewares/ST/STM32_USB_Device_Library/Core/Src/usbd_ioreq.o
                0x0800400c                USBD_CtlPrepareRx
 .text.USBD_CtlContinueRx
                0x0800402c       0x10 ./Middlewares/ST/STM32_USB_Device_Library/Core/Src/usbd_ioreq.o
                0x0800402c                USBD_CtlContinueRx
 .text.USBD_CtlSendStatus
                0x0800403c       0x18 ./Middlewares/ST/STM32_USB_Device_Library/Core/Src/usbd_ioreq.o
                0x0800403c                USBD_CtlSendStatus
 .text.USBD_CtlReceiveStatus
                0x08004054       0x18 ./Middlewares/ST/STM32_USB_Device_Library/Core/Src/usbd_ioreq.o
                0x08004054                USBD_CtlReceiveStatus
 .text.USBD_CDC_DataIn
                0x0800406c       0x14 ./Middlewares/ST/STM32_USB_Device_Library/Class/CDC/Src/usbd_cdc.o
 .text.USBD_CDC_EP0_RxReady
                0x08004080       0x28 ./Middlewares/ST/STM32_USB_Device_Library/Class/CDC/Src/usbd_cdc.o
 .text.USBD_CDC_GetFSCfgDesc
                0x080040a8        0xc ./Middlewares/ST/STM32_USB_Device_Library/Class/CDC/Src/usbd_cdc.o
 .text.USBD_CDC_GetHSCfgDesc
                0x080040b4        0xc ./Middlewares/ST/STM32_USB_Device_Library/Class/CDC/Src/usbd_cdc.o
 .text.USBD_CDC_GetOtherSpeedCfgDesc
                0x080040c0        0xc ./Middlewares/ST/STM32_USB_Device_Library/Class/CDC/Src/usbd_cdc.o
 .text.USBD_CDC_GetDeviceQualifierDescriptor
                0x080040cc        0xc ./Middlewares/ST/STM32_USB_Device_Library/Class/CDC/Src/usbd_cdc.o
                0x080040cc                USBD_CDC_GetDeviceQualifierDescriptor
 .text.USBD_CDC_DataOut
                0x080040d8       0x30 ./Middlewares/ST/STM32_USB_Device_Library/Class/CDC/Src/usbd_cdc.o
 .text.USBD_CDC_Setup
                0x08004108       0x74 ./Middlewares/ST/STM32_USB_Device_Library/Class/CDC/Src/usbd_cdc.o
 .text.USBD_CDC_DeInit
                0x0800417c       0x3c ./Middlewares/ST/STM32_USB_Device_Library/Class/CDC/Src/usbd_cdc.o
 .text.USBD_CDC_Init
                0x080041b8       0x98 ./Middlewares/ST/STM32_USB_Device_Library/Class/CDC/Src/usbd_cdc.o
 .text.USBD_CDC_RegisterInterface
                0x08004250       0x10 ./Middlewares/ST/STM32_USB_Device_Library/Class/CDC/Src/usbd_cdc.o
                0x08004250                USBD_CDC_RegisterInterface
 .text.USBD_CDC_SetTxBuffer
                0x08004260       0x10 ./Middlewares/ST/STM32_USB_Device_Library/Class/CDC/Src/usbd_cdc.o
                0x08004260                USBD_CDC_SetTxBuffer
 .text.USBD_CDC_SetRxBuffer
                0x08004270        0xc ./Middlewares/ST/STM32_USB_Device_Library/Class/CDC/Src/usbd_cdc.o
                0x08004270                USBD_CDC_SetRxBuffer
 .text.USBD_CDC_TransmitPacket
                0x0800427c       0x30 ./Middlewares/ST/STM32_USB_Device_Library/Class/CDC/Src/usbd_cdc.o
                0x0800427c                USBD_CDC_TransmitPacket
 .text.USBD_CDC_ReceivePacket
                0x080042ac       0x34 ./Middlewares/ST/STM32_USB_Device_Library/Class/CDC/Src/usbd_cdc.o
                0x080042ac                USBD_CDC_ReceivePacket
 .text          0x080042e0      0x370 c:/arm/toolchain/bin/../lib/gcc/arm-none-eabi/5.2.1/armv7-m\libgcc.a(_arm_addsubdf3.o)
                0x080042e0                __aeabi_drsub
                0x080042e8                __aeabi_dsub
                0x080042e8                __subdf3
                0x080042ec                __aeabi_dadd
                0x080042ec                __adddf3
                0x08004564                __floatunsidf
                0x08004564                __aeabi_ui2d
                0x08004584                __floatsidf
                0x08004584                __aeabi_i2d
                0x080045a8                __aeabi_f2d
                0x080045a8                __extendsfdf2
                0x080045e4                __floatundidf
                0x080045e4                __aeabi_ul2d
                0x080045f4                __floatdidf
                0x080045f4                __aeabi_l2d
 .text          0x08004650      0x424 c:/arm/toolchain/bin/../lib/gcc/arm-none-eabi/5.2.1/armv7-m\libgcc.a(_arm_muldivdf3.o)
                0x08004650                __aeabi_dmul
                0x08004650                __muldf3
                0x080048a4                __divdf3
                0x080048a4                __aeabi_ddiv
 .text          0x08004a74       0x40 c:/arm/toolchain/bin/../lib/gcc/arm-none-eabi/5.2.1/armv7-m\libgcc.a(_arm_fixunsdfsi.o)
                0x08004a74                __aeabi_d2uiz
                0x08004a74                __fixunsdfsi
 .text.__errno  0x08004ab4        0xc c:/arm/toolchain/bin/../lib/gcc/arm-none-eabi/5.2.1/../../../../arm-none-eabi/lib/armv7-m\libg_nano.a(lib_a-errno.o)
                0x08004ab4                __errno
 .text.malloc   0x08004ac0       0x10 c:/arm/toolchain/bin/../lib/gcc/arm-none-eabi/5.2.1/../../../../arm-none-eabi/lib/armv7-m\libg_nano.a(lib_a-malloc.o)
                0x08004ac0                malloc
 .text.free     0x08004ad0       0x10 c:/arm/toolchain/bin/../lib/gcc/arm-none-eabi/5.2.1/../../../../arm-none-eabi/lib/armv7-m\libg_nano.a(lib_a-malloc.o)
                0x08004ad0                free
 .text.memcpy   0x08004ae0       0x16 c:/arm/toolchain/bin/../lib/gcc/arm-none-eabi/5.2.1/../../../../arm-none-eabi/lib/armv7-m\libg_nano.a(lib_a-memcpy-stub.o)
                0x08004ae0                memcpy
 .text.memset   0x08004af6       0x10 c:/arm/toolchain/bin/../lib/gcc/arm-none-eabi/5.2.1/../../../../arm-none-eabi/lib/armv7-m\libg_nano.a(lib_a-memset.o)
                0x08004af6                memset
 *fill*         0x08004b06        0x2 
 .text._free_r  0x08004b08       0x88 c:/arm/toolchain/bin/../lib/gcc/arm-none-eabi/5.2.1/../../../../arm-none-eabi/lib/armv7-m\libg_nano.a(lib_a-nano-freer.o)
                0x08004b08                _free_r
 .text._malloc_r
                0x08004b90       0xa8 c:/arm/toolchain/bin/../lib/gcc/arm-none-eabi/5.2.1/../../../../arm-none-eabi/lib/armv7-m\libg_nano.a(lib_a-nano-mallocr.o)
                0x08004b90                _malloc_r
 .text._sbrk_r  0x08004c38       0x20 c:/arm/toolchain/bin/../lib/gcc/arm-none-eabi/5.2.1/../../../../arm-none-eabi/lib/armv7-m\libg_nano.a(lib_a-sbrkr.o)
                0x08004c38                _sbrk_r
 .text.sprintf  0x08004c58       0x48 c:/arm/toolchain/bin/../lib/gcc/arm-none-eabi/5.2.1/../../../../arm-none-eabi/lib/armv7-m\libg_nano.a(lib_a-sprintf.o)
                0x08004c58                siprintf
                0x08004c58                sprintf
 .text          0x08004ca0       0x14 c:/arm/toolchain/bin/../lib/gcc/arm-none-eabi/5.2.1/../../../../arm-none-eabi/lib/armv7-m\libg_nano.a(lib_a-strcmp.o)
                0x08004ca0                strcmp
 .text          0x08004cb4       0x10 c:/arm/toolchain/bin/../lib/gcc/arm-none-eabi/5.2.1/../../../../arm-none-eabi/lib/armv7-m\libg_nano.a(lib_a-strlen.o)
                0x08004cb4                strlen
 .text._vsnprintf_r
                0x08004cc4       0x56 c:/arm/toolchain/bin/../lib/gcc/arm-none-eabi/5.2.1/../../../../arm-none-eabi/lib/armv7-m\libg_nano.a(lib_a-vsnprintf.o)
                0x08004cc4                _vsniprintf_r
                0x08004cc4                _vsnprintf_r
 *fill*         0x08004d1a        0x2 
 .text.vsnprintf
                0x08004d1c       0x1c c:/arm/toolchain/bin/../lib/gcc/arm-none-eabi/5.2.1/../../../../arm-none-eabi/lib/armv7-m\libg_nano.a(lib_a-vsnprintf.o)
                0x08004d1c                vsniprintf
                0x08004d1c                vsnprintf
 .text.__ssputs_r
                0x08004d38       0xb2 c:/arm/toolchain/bin/../lib/gcc/arm-none-eabi/5.2.1/../../../../arm-none-eabi/lib/armv7-m\libg_nano.a(lib_a-nano-svfprintf.o)
                0x08004d38                __ssputs_r
 *fill*         0x08004dea        0x2 
 .text._svfprintf_r
                0x08004dec      0x1e8 c:/arm/toolchain/bin/../lib/gcc/arm-none-eabi/5.2.1/../../../../arm-none-eabi/lib/armv7-m\libg_nano.a(lib_a-nano-svfprintf.o)
                0x08004dec                _svfiprintf_r
                0x08004dec                _svfprintf_r
 .text._printf_common
                0x08004fd4       0xec c:/arm/toolchain/bin/../lib/gcc/arm-none-eabi/5.2.1/../../../../arm-none-eabi/lib/armv7-m\libg_nano.a(lib_a-nano-vfprintf_i.o)
                0x08004fd4                _printf_common
 .text._printf_i
                0x080050c0      0x24c c:/arm/toolchain/bin/../lib/gcc/arm-none-eabi/5.2.1/../../../../arm-none-eabi/lib/armv7-m\libg_nano.a(lib_a-nano-vfprintf_i.o)
                0x080050c0                _printf_i
 .text.memchr   0x0800530c       0x1c c:/arm/toolchain/bin/../lib/gcc/arm-none-eabi/5.2.1/../../../../arm-none-eabi/lib/armv7-m\libg_nano.a(lib_a-memchr-stub.o)
                0x0800530c                memchr
 .text.memmove  0x08005328       0x36 c:/arm/toolchain/bin/../lib/gcc/arm-none-eabi/5.2.1/../../../../arm-none-eabi/lib/armv7-m\libg_nano.a(lib_a-memmove.o)
                0x08005328                memmove
 .text._realloc_r
                0x0800535e       0x4c c:/arm/toolchain/bin/../lib/gcc/arm-none-eabi/5.2.1/../../../../arm-none-eabi/lib/armv7-m\libg_nano.a(lib_a-nano-reallocr.o)
                0x0800535e                _realloc_r
 .text._malloc_usable_size_r
                0x080053aa       0x14 c:/arm/toolchain/bin/../lib/gcc/arm-none-eabi/5.2.1/../../../../arm-none-eabi/lib/armv7-m\libg_nano.a(lib_a-nano-msizer.o)
                0x080053aa                _malloc_usable_size_r
 *(.rodata .rodata.* .constdata .constdata.*)
 *fill*         0x080053be        0x2 
 .rodata.APBAHBPrescTable
                0x080053c0       0x10 ./system/src/stm32f2xx/stm32f2xx_hal_rcc.o
                0x080053c0                APBAHBPrescTable
 .rodata.str1.4
                0x080053d0      0x146 ./system/src/cortexm/exception_handlers.o
 *fill*         0x08005516        0x2 
 .rodata.AHBPrescTable
                0x08005518       0x10 ./system/src/cmsis/system_stm32f2xx.o
                0x08005518                AHBPrescTable
 .rodata.str1.4
                0x08005528       0xaf ./src/gcode.o
 *fill*         0x080055d7        0x1 
 .rodata.str1.4
                0x080055d8        0x5 ./src/usbd_cdc_if.o
 *fill*         0x080055dd        0x3 
 .rodata.str1.4
                0x080055e0       0x58 ./src/usbd_desc.o
                                 0x56 (size before relaxing)
 .rodata.str1.1
                0x08005638        0x2 c:/arm/toolchain/bin/../lib/gcc/arm-none-eabi/5.2.1/../../../../arm-none-eabi/lib/armv7-m\libg_nano.a(lib_a-impure.o)
 .rodata.str1.1
                0x0800563a       0x11 c:/arm/toolchain/bin/../lib/gcc/arm-none-eabi/5.2.1/../../../../arm-none-eabi/lib/armv7-m\libg_nano.a(lib_a-nano-svfprintf.o)
 .rodata.str1.1
                0x0800564b       0x22 c:/arm/toolchain/bin/../lib/gcc/arm-none-eabi/5.2.1/../../../../arm-none-eabi/lib/armv7-m\libg_nano.a(lib_a-nano-vfprintf_i.o)
 *(vtable)
 *(.eh_frame*)
 *(.glue_7)
 .glue_7        0x0800566d        0x0 linker stubs
 *(.glue_7t)
 .glue_7t       0x0800566d        0x0 linker stubs

.vfp11_veneer   0x08005670        0x0
 .vfp11_veneer  0x08005670        0x0 linker stubs

.v4_bx          0x08005670        0x0
 .v4_bx         0x08005670        0x0 linker stubs

.iplt           0x08005670        0x0
 .iplt          0x08005670        0x0 ./system/src/stm32f2xx/stm32f2xx_hal.o

.rel.dyn        0x08005670        0x0
 .rel.iplt      0x08005670        0x0 ./system/src/stm32f2xx/stm32f2xx_hal.o

.ARM.extab
 *(.ARM.extab* .gnu.linkonce.armextab.*)
                0x08005670                . = ALIGN (0x4)
                0x08005670                __exidx_start = .

.ARM.exidx
 *(.ARM.exidx* .gnu.linkonce.armexidx.*)
                0x08005670                __exidx_end = .
                0x08005670                . = ALIGN (0x4)
                0x08005670                _etext = .
                0x08005670                __etext = .

.data_CCMRAM    0x10000000        0x0 load address 0x08005670
 FILL mask 0xff
 *(.data.CCMRAM .data.CCMRAM.*)
                0x10000000                . = ALIGN (0x4)
                0x08005670                _sidata = LOADADDR (.data)

.data           0x20000000      0x1cc load address 0x08005670
 FILL mask 0xff
                0x20000000                _sdata = .
                0x20000000                __data_start__ = .
 *(.data_begin .data_begin.*)
 .data_begin    0x20000000        0x4 ./system/src/newlib/_startup.o
 *(.data .data.*)
 .data.argv.4231
                0x20000004        0x8 ./system/src/newlib/_syscalls.o
 .data.SystemCoreClock
                0x2000000c        0x4 ./system/src/cmsis/system_stm32f2xx.o
                0x2000000c                SystemCoreClock
 .data.USBD_Interface_fops_FS
                0x20000010       0x10 ./src/usbd_cdc_if.o
                0x20000010                USBD_Interface_fops_FS
 .data.FS_Desc  0x20000020       0x1c ./src/usbd_desc.o
                0x20000020                FS_Desc
 .data.USBD_LangIDDesc
                0x2000003c        0x4 ./src/usbd_desc.o
                0x2000003c                USBD_LangIDDesc
 .data.USBD_FS_DeviceDesc
                0x20000040       0x12 ./src/usbd_desc.o
                0x20000040                USBD_FS_DeviceDesc
 *fill*         0x20000052        0x2 ff
 .data.USBD_CDC_CfgFSDesc
                0x20000054       0x43 ./Middlewares/ST/STM32_USB_Device_Library/Class/CDC/Src/usbd_cdc.o
                0x20000054                USBD_CDC_CfgFSDesc
 *fill*         0x20000097        0x1 ff
 .data.USBD_CDC
                0x20000098       0x38 ./Middlewares/ST/STM32_USB_Device_Library/Class/CDC/Src/usbd_cdc.o
                0x20000098                USBD_CDC
 .data.USBD_CDC_DeviceQualifierDesc
                0x200000d0        0xa ./Middlewares/ST/STM32_USB_Device_Library/Class/CDC/Src/usbd_cdc.o
 *fill*         0x200000da        0x2 ff
 .data.USBD_CDC_OtherSpeedCfgDesc
                0x200000dc       0x43 ./Middlewares/ST/STM32_USB_Device_Library/Class/CDC/Src/usbd_cdc.o
                0x200000dc                USBD_CDC_OtherSpeedCfgDesc
 *fill*         0x2000011f        0x1 ff
 .data.USBD_CDC_CfgHSDesc
                0x20000120       0x43 ./Middlewares/ST/STM32_USB_Device_Library/Class/CDC/Src/usbd_cdc.o
                0x20000120                USBD_CDC_CfgHSDesc
 *fill*         0x20000163        0x1 ff
 .data.impure_data
                0x20000164       0x60 c:/arm/toolchain/bin/../lib/gcc/arm-none-eabi/5.2.1/../../../../arm-none-eabi/lib/armv7-m\libg_nano.a(lib_a-impure.o)
 .data._impure_ptr
                0x200001c4        0x4 c:/arm/toolchain/bin/../lib/gcc/arm-none-eabi/5.2.1/../../../../arm-none-eabi/lib/armv7-m\libg_nano.a(lib_a-impure.o)
                0x200001c4                _impure_ptr
 *(.data_end .data_end.*)
 .data_end      0x200001c8        0x4 ./system/src/newlib/_startup.o
                0x200001cc                . = ALIGN (0x4)
                0x200001cc                _edata = .
                0x200001cc                __data_end__ = .

.igot.plt       0x200001cc        0x0 load address 0x0800583c
 .igot.plt      0x200001cc        0x0 ./system/src/stm32f2xx/stm32f2xx_hal.o

.bss_CCMRAM     0x10000000        0x0
 *(.bss.CCMRAM .bss.CCMRAM.*)

.bss            0x200001cc      0xad4
                0x200001cc                __bss_start__ = .
                0x200001cc                _sbss = .
 *(.bss_begin .bss_begin.*)
 .bss_begin     0x200001cc        0x4 ./system/src/newlib/_startup.o
 *(.bss .bss.*)
 .bss.uwTick    0x200001d0        0x4 ./system/src/stm32f2xx/stm32f2xx_hal.o
 .bss.current_heap_end.3942
                0x200001d4        0x4 ./system/src/newlib/_sbrk.o
 .bss.name.4230
                0x200001d8        0x1 ./system/src/newlib/_syscalls.o
 *fill*         0x200001d9        0x3 
 .bss.buf.5078  0x200001dc       0x80 ./system/src/diag/Trace.o
 .bss.cfgidx.7980
                0x2000025c        0x1 ./Middlewares/ST/STM32_USB_Device_Library/Core/Src/usbd_ctlreq.o
 .bss.ifalt.7975
                0x2000025d        0x1 ./Middlewares/ST/STM32_USB_Device_Library/Class/CDC/Src/usbd_cdc.o
 *fill*         0x2000025e        0x2 
 .bss.__malloc_sbrk_start
                0x20000260        0x4 c:/arm/toolchain/bin/../lib/gcc/arm-none-eabi/5.2.1/../../../../arm-none-eabi/lib/armv7-m\libg_nano.a(lib_a-nano-mallocr.o)
                0x20000260                __malloc_sbrk_start
 .bss.__malloc_free_list
                0x20000264        0x4 c:/arm/toolchain/bin/../lib/gcc/arm-none-eabi/5.2.1/../../../../arm-none-eabi/lib/armv7-m\libg_nano.a(lib_a-nano-mallocr.o)
                0x20000264                __malloc_free_list
 *(COMMON)
 COMMON         0x20000268        0x4 ./system/src/newlib/_syscalls.o
                0x20000268                errno
 COMMON         0x2000026c       0x50 ./src/gcode.o
                0x2000026c                g_uiCommand
 COMMON         0x200002bc       0x78 ./src/main.o
                0x200002bc                hi2c1
                0x200002f8                htim3
 COMMON         0x20000334      0x224 ./src/usb_device.o
                0x20000334                hUsbDeviceFS
 COMMON         0x20000558      0x194 ./src/usbd_cdc_if.o
                0x20000558                hUsbDevice_0
                0x2000055c                UserRxBufferFS
                0x20000560                stRxBuffer
                0x20000668                UserTxBufferFS
                0x2000066c                uiTxBuffer
 COMMON         0x200006ec      0x3b0 ./src/usbd_conf.o
                0x200006ec                hpcd_USB_OTG_FS
 COMMON         0x20000a9c      0x200 ./src/usbd_desc.o
                0x20000a9c                USBD_StrDesc
 *(.bss_end .bss_end.*)
 .bss_end       0x20000c9c        0x4 ./system/src/newlib/_startup.o
                0x20000ca0                . = ALIGN (0x4)
                0x20000ca0                __bss_end__ = .
                0x20000ca0                _ebss = .

.noinit_CCMRAM
 *(.noinit.CCMRAM .noinit.CCMRAM.*)

.noinit         0x20000ca0        0x0
                0x20000ca0                _noinit = .
 *(.noinit .noinit.*)
                0x20000ca0                . = ALIGN (0x4)
                0x20000ca0                _end_noinit = .
                [!provide]                PROVIDE (end, _end_noinit)
                [!provide]                PROVIDE (_end, _end_noinit)
                [!provide]                PROVIDE (__end, _end_noinit)
                [!provide]                PROVIDE (__end__, _end_noinit)

._check_stack   0x20000ca0      0x100
                0x20000da0                . = (. + _Minimum_Stack_Size)
 *fill*         0x20000ca0      0x100 

.b1text
 *(.b1text)
 *(.b1rodata)
 *(.b1rodata.*)

.eb0text
 *(.eb0text)
 *(.eb0rodata)
 *(.eb0rodata.*)

.eb1text
 *(.eb1text)
 *(.eb1rodata)
 *(.eb1rodata.*)

.eb2text
 *(.eb2text)
 *(.eb2rodata)
 *(.eb2rodata.*)

.eb3text
 *(.eb3text)
 *(.eb3rodata)
 *(.eb3rodata.*)

.stab
 *(.stab)

.stabstr
 *(.stabstr)

.stab.excl
 *(.stab.excl)

.stab.exclstr
 *(.stab.exclstr)

.stab.index
 *(.stab.index)

.stab.indexstr
 *(.stab.indexstr)

.comment        0x00000000       0x6e
 *(.comment)
 .comment       0x00000000       0x6e ./system/src/stm32f2xx/stm32f2xx_hal.o
                                 0x6f (size before relaxing)
 .comment       0x0000006e       0x6f ./system/src/stm32f2xx/stm32f2xx_hal_cortex.o
 .comment       0x0000006e       0x6f ./system/src/stm32f2xx/stm32f2xx_hal_gpio.o
 .comment       0x0000006e       0x6f ./system/src/stm32f2xx/stm32f2xx_hal_i2c.o
 .comment       0x0000006e       0x6f ./system/src/stm32f2xx/stm32f2xx_hal_pcd.o
 .comment       0x0000006e       0x6f ./system/src/stm32f2xx/stm32f2xx_hal_pcd_ex.o
 .comment       0x0000006e       0x6f ./system/src/stm32f2xx/stm32f2xx_hal_rcc.o
 .comment       0x0000006e       0x6f ./system/src/stm32f2xx/stm32f2xx_hal_tim.o
 .comment       0x0000006e       0x6f ./system/src/stm32f2xx/stm32f2xx_hal_tim_ex.o
 .comment       0x0000006e       0x6f ./system/src/stm32f2xx/stm32f2xx_ll_usb.o
 .comment       0x0000006e       0x6f ./system/src/newlib/_exit.o
 .comment       0x0000006e       0x6f ./system/src/newlib/_sbrk.o
 .comment       0x0000006e       0x6f ./system/src/newlib/_startup.o
 .comment       0x0000006e       0x6f ./system/src/newlib/_syscalls.o
 .comment       0x0000006e       0x6f ./system/src/diag/Trace.o
 .comment       0x0000006e       0x6f ./system/src/diag/trace_impl.o
 .comment       0x0000006e       0x6f ./system/src/cortexm/_initialize_hardware.o
 .comment       0x0000006e       0x6f ./system/src/cortexm/exception_handlers.o
 .comment       0x0000006e       0x6f ./system/src/cmsis/system_stm32f2xx.o
 .comment       0x0000006e       0x6f ./src/gcode.o
 .comment       0x0000006e       0x6f ./src/main.o
 .comment       0x0000006e       0x6f ./src/stm32f2xx_hal_msp.o
 .comment       0x0000006e       0x6f ./src/stm32f2xx_it.o
 .comment       0x0000006e       0x6f ./src/usb_device.o
 .comment       0x0000006e       0x6f ./src/usbd_cdc_if.o
 .comment       0x0000006e       0x6f ./src/usbd_conf.o
 .comment       0x0000006e       0x6f ./src/usbd_desc.o
 .comment       0x0000006e       0x6f ./Middlewares/ST/STM32_USB_Device_Library/Core/Src/usbd_core.o
 .comment       0x0000006e       0x6f ./Middlewares/ST/STM32_USB_Device_Library/Core/Src/usbd_ctlreq.o
 .comment       0x0000006e       0x6f ./Middlewares/ST/STM32_USB_Device_Library/Core/Src/usbd_ioreq.o
 .comment       0x0000006e       0x6f ./Middlewares/ST/STM32_USB_Device_Library/Class/CDC/Src/usbd_cdc.o

.ARM.attributes
                0x00000000       0x31
 .ARM.attributes
                0x00000000       0x33 ./system/src/stm32f2xx/stm32f2xx_hal.o
 .ARM.attributes
                0x00000033       0x33 ./system/src/stm32f2xx/stm32f2xx_hal_cortex.o
 .ARM.attributes
                0x00000066       0x33 ./system/src/stm32f2xx/stm32f2xx_hal_gpio.o
 .ARM.attributes
                0x00000099       0x33 ./system/src/stm32f2xx/stm32f2xx_hal_i2c.o
 .ARM.attributes
                0x000000cc       0x33 ./system/src/stm32f2xx/stm32f2xx_hal_pcd.o
 .ARM.attributes
                0x000000ff       0x33 ./system/src/stm32f2xx/stm32f2xx_hal_pcd_ex.o
 .ARM.attributes
                0x00000132       0x33 ./system/src/stm32f2xx/stm32f2xx_hal_rcc.o
 .ARM.attributes
                0x00000165       0x33 ./system/src/stm32f2xx/stm32f2xx_hal_tim.o
 .ARM.attributes
                0x00000198       0x33 ./system/src/stm32f2xx/stm32f2xx_hal_tim_ex.o
 .ARM.attributes
                0x000001cb       0x33 ./system/src/stm32f2xx/stm32f2xx_ll_usb.o
 .ARM.attributes
                0x000001fe       0x33 ./system/src/newlib/_exit.o
 .ARM.attributes
                0x00000231       0x33 ./system/src/newlib/_sbrk.o
 .ARM.attributes
                0x00000264       0x33 ./system/src/newlib/_startup.o
 .ARM.attributes
                0x00000297       0x33 ./system/src/newlib/_syscalls.o
 .ARM.attributes
                0x000002ca       0x33 ./system/src/diag/Trace.o
 .ARM.attributes
                0x000002fd       0x33 ./system/src/diag/trace_impl.o
 .ARM.attributes
                0x00000330       0x33 ./system/src/cortexm/_initialize_hardware.o
 .ARM.attributes
                0x00000363       0x33 ./system/src/cortexm/exception_handlers.o
 .ARM.attributes
                0x00000396       0x21 ./system/src/cmsis/startup_stm32f205xx.o
 .ARM.attributes
                0x000003b7       0x33 ./system/src/cmsis/system_stm32f2xx.o
 .ARM.attributes
                0x000003ea       0x33 ./src/gcode.o
 .ARM.attributes
                0x0000041d       0x33 ./src/main.o
 .ARM.attributes
                0x00000450       0x33 ./src/stm32f2xx_hal_msp.o
 .ARM.attributes
                0x00000483       0x33 ./src/stm32f2xx_it.o
 .ARM.attributes
                0x000004b6       0x33 ./src/usb_device.o
 .ARM.attributes
                0x000004e9       0x33 ./src/usbd_cdc_if.o
 .ARM.attributes
                0x0000051c       0x33 ./src/usbd_conf.o
 .ARM.attributes
                0x0000054f       0x33 ./src/usbd_desc.o
 .ARM.attributes
                0x00000582       0x33 ./Middlewares/ST/STM32_USB_Device_Library/Core/Src/usbd_core.o
 .ARM.attributes
                0x000005b5       0x33 ./Middlewares/ST/STM32_USB_Device_Library/Core/Src/usbd_ctlreq.o
 .ARM.attributes
                0x000005e8       0x33 ./Middlewares/ST/STM32_USB_Device_Library/Core/Src/usbd_ioreq.o
 .ARM.attributes
                0x0000061b       0x33 ./Middlewares/ST/STM32_USB_Device_Library/Class/CDC/Src/usbd_cdc.o
 .ARM.attributes
                0x0000064e       0x1d c:/arm/toolchain/bin/../lib/gcc/arm-none-eabi/5.2.1/armv7-m\libgcc.a(_arm_addsubdf3.o)
 .ARM.attributes
                0x0000066b       0x1d c:/arm/toolchain/bin/../lib/gcc/arm-none-eabi/5.2.1/armv7-m\libgcc.a(_arm_muldivdf3.o)
 .ARM.attributes
                0x00000688       0x1d c:/arm/toolchain/bin/../lib/gcc/arm-none-eabi/5.2.1/armv7-m\libgcc.a(_arm_fixunsdfsi.o)
 .ARM.attributes
                0x000006a5       0x2d c:/arm/toolchain/bin/../lib/gcc/arm-none-eabi/5.2.1/../../../../arm-none-eabi/lib/armv7-m\libg_nano.a(lib_a-errno.o)
 .ARM.attributes
                0x000006d2       0x2d c:/arm/toolchain/bin/../lib/gcc/arm-none-eabi/5.2.1/../../../../arm-none-eabi/lib/armv7-m\libg_nano.a(lib_a-impure.o)
 .ARM.attributes
                0x000006ff       0x2d c:/arm/toolchain/bin/../lib/gcc/arm-none-eabi/5.2.1/../../../../arm-none-eabi/lib/armv7-m\libg_nano.a(lib_a-malloc.o)
 .ARM.attributes
                0x0000072c       0x2d c:/arm/toolchain/bin/../lib/gcc/arm-none-eabi/5.2.1/../../../../arm-none-eabi/lib/armv7-m\libg_nano.a(lib_a-memcpy-stub.o)
 .ARM.attributes
                0x00000759       0x2d c:/arm/toolchain/bin/../lib/gcc/arm-none-eabi/5.2.1/../../../../arm-none-eabi/lib/armv7-m\libg_nano.a(lib_a-memset.o)
 .ARM.attributes
                0x00000786       0x2d c:/arm/toolchain/bin/../lib/gcc/arm-none-eabi/5.2.1/../../../../arm-none-eabi/lib/armv7-m\libg_nano.a(lib_a-nano-freer.o)
 .ARM.attributes
                0x000007b3       0x2d c:/arm/toolchain/bin/../lib/gcc/arm-none-eabi/5.2.1/../../../../arm-none-eabi/lib/armv7-m\libg_nano.a(lib_a-nano-mallocr.o)
 .ARM.attributes
                0x000007e0       0x2d c:/arm/toolchain/bin/../lib/gcc/arm-none-eabi/5.2.1/../../../../arm-none-eabi/lib/armv7-m\libg_nano.a(lib_a-sbrkr.o)
 .ARM.attributes
                0x0000080d       0x2d c:/arm/toolchain/bin/../lib/gcc/arm-none-eabi/5.2.1/../../../../arm-none-eabi/lib/armv7-m\libg_nano.a(lib_a-sprintf.o)
 .ARM.attributes
                0x0000083a       0x1b c:/arm/toolchain/bin/../lib/gcc/arm-none-eabi/5.2.1/../../../../arm-none-eabi/lib/armv7-m\libg_nano.a(lib_a-strcmp.o)
 .ARM.attributes
                0x00000855       0x17 c:/arm/toolchain/bin/../lib/gcc/arm-none-eabi/5.2.1/../../../../arm-none-eabi/lib/armv7-m\libg_nano.a(lib_a-strlen.o)
 .ARM.attributes
                0x0000086c       0x2d c:/arm/toolchain/bin/../lib/gcc/arm-none-eabi/5.2.1/../../../../arm-none-eabi/lib/armv7-m\libg_nano.a(lib_a-vsnprintf.o)
 .ARM.attributes
                0x00000899       0x2d c:/arm/toolchain/bin/../lib/gcc/arm-none-eabi/5.2.1/../../../../arm-none-eabi/lib/armv7-m\libg_nano.a(lib_a-nano-svfprintf.o)
 .ARM.attributes
                0x000008c6       0x2d c:/arm/toolchain/bin/../lib/gcc/arm-none-eabi/5.2.1/../../../../arm-none-eabi/lib/armv7-m\libg_nano.a(lib_a-nano-vfprintf_i.o)
 .ARM.attributes
                0x000008f3       0x2d c:/arm/toolchain/bin/../lib/gcc/arm-none-eabi/5.2.1/../../../../arm-none-eabi/lib/armv7-m\libg_nano.a(lib_a-memchr-stub.o)
 .ARM.attributes
                0x00000920       0x2d c:/arm/toolchain/bin/../lib/gcc/arm-none-eabi/5.2.1/../../../../arm-none-eabi/lib/armv7-m\libg_nano.a(lib_a-memmove.o)
 .ARM.attributes
                0x0000094d       0x2d c:/arm/toolchain/bin/../lib/gcc/arm-none-eabi/5.2.1/../../../../arm-none-eabi/lib/armv7-m\libg_nano.a(lib_a-nano-reallocr.o)
 .ARM.attributes
                0x0000097a       0x2d c:/arm/toolchain/bin/../lib/gcc/arm-none-eabi/5.2.1/../../../../arm-none-eabi/lib/armv7-m\libg_nano.a(lib_a-nano-msizer.o)

.debug
 *(.debug)

.line
 *(.line)

.debug_srcinfo
 *(.debug_srcinfo)

.debug_sfnames
 *(.debug_sfnames)

.debug_aranges  0x00000000     0x1260
 *(.debug_aranges)
 .debug_aranges
                0x00000000       0xc0 ./system/src/stm32f2xx/stm32f2xx_hal.o
 .debug_aranges
                0x000000c0       0x98 ./system/src/stm32f2xx/stm32f2xx_hal_cortex.o
 .debug_aranges
                0x00000158       0x58 ./system/src/stm32f2xx/stm32f2xx_hal_gpio.o
 .debug_aranges
                0x000001b0      0x1e8 ./system/src/stm32f2xx/stm32f2xx_hal_i2c.o
 .debug_aranges
                0x00000398      0x120 ./system/src/stm32f2xx/stm32f2xx_hal_pcd.o
 .debug_aranges
                0x000004b8       0x28 ./system/src/stm32f2xx/stm32f2xx_hal_pcd_ex.o
 .debug_aranges
                0x000004e0       0x88 ./system/src/stm32f2xx/stm32f2xx_hal_rcc.o
 .debug_aranges
                0x00000568      0x368 ./system/src/stm32f2xx/stm32f2xx_hal_tim.o
 .debug_aranges
                0x000008d0      0x140 ./system/src/stm32f2xx/stm32f2xx_hal_tim_ex.o
 .debug_aranges
                0x00000a10      0x180 ./system/src/stm32f2xx/stm32f2xx_ll_usb.o
 .debug_aranges
                0x00000b90       0x28 ./system/src/newlib/_exit.o
 .debug_aranges
                0x00000bb8       0x20 ./system/src/newlib/_sbrk.o
 .debug_aranges
                0x00000bd8       0x40 ./system/src/newlib/_startup.o
 .debug_aranges
                0x00000c18       0x30 ./system/src/newlib/_syscalls.o
 .debug_aranges
                0x00000c48       0x38 ./system/src/diag/Trace.o
 .debug_aranges
                0x00000c80       0x28 ./system/src/diag/trace_impl.o
 .debug_aranges
                0x00000ca8       0x28 ./system/src/cortexm/_initialize_hardware.o
 .debug_aranges
                0x00000cd0       0x88 ./system/src/cortexm/exception_handlers.o
 .debug_aranges
                0x00000d58       0x28 ./system/src/cmsis/startup_stm32f205xx.o
 .debug_aranges
                0x00000d80       0x28 ./system/src/cmsis/system_stm32f2xx.o
 .debug_aranges
                0x00000da8       0x30 ./src/gcode.o
 .debug_aranges
                0x00000dd8       0x40 ./src/main.o
 .debug_aranges
                0x00000e18       0x48 ./src/stm32f2xx_hal_msp.o
 .debug_aranges
                0x00000e60       0x28 ./src/stm32f2xx_it.o
 .debug_aranges
                0x00000e88       0x20 ./src/usb_device.o
 .debug_aranges
                0x00000ea8       0x50 ./src/usbd_cdc_if.o
 .debug_aranges
                0x00000ef8       0xf8 ./src/usbd_conf.o
 .debug_aranges
                0x00000ff0       0x50 ./src/usbd_desc.o
 .debug_aranges
                0x00001040       0xb8 ./Middlewares/ST/STM32_USB_Device_Library/Core/Src/usbd_core.o
 .debug_aranges
                0x000010f8       0x88 ./Middlewares/ST/STM32_USB_Device_Library/Core/Src/usbd_ctlreq.o
 .debug_aranges
                0x00001180       0x50 ./Middlewares/ST/STM32_USB_Device_Library/Core/Src/usbd_ioreq.o
 .debug_aranges
                0x000011d0       0x90 ./Middlewares/ST/STM32_USB_Device_Library/Class/CDC/Src/usbd_cdc.o

.debug_pubnames
 *(.debug_pubnames)

.debug_info     0x00000000    0x170d3
 *(.debug_info .gnu.linkonce.wi.*)
 .debug_info    0x00000000      0x8ce ./system/src/stm32f2xx/stm32f2xx_hal.o
 .debug_info    0x000008ce      0xe5b ./system/src/stm32f2xx/stm32f2xx_hal_cortex.o
 .debug_info    0x00001729      0x6fe ./system/src/stm32f2xx/stm32f2xx_hal_gpio.o
 .debug_info    0x00001e27     0x28b1 ./system/src/stm32f2xx/stm32f2xx_hal_i2c.o
 .debug_info    0x000046d8     0x13d7 ./system/src/stm32f2xx/stm32f2xx_hal_pcd.o
 .debug_info    0x00005aaf      0x53b ./system/src/stm32f2xx/stm32f2xx_hal_pcd_ex.o
 .debug_info    0x00005fea      0xcd4 ./system/src/stm32f2xx/stm32f2xx_hal_rcc.o
 .debug_info    0x00006cbe     0x2e07 ./system/src/stm32f2xx/stm32f2xx_hal_tim.o
 .debug_info    0x00009ac5     0x128a ./system/src/stm32f2xx/stm32f2xx_hal_tim_ex.o
 .debug_info    0x0000ad4f     0x161c ./system/src/stm32f2xx/stm32f2xx_ll_usb.o
 .debug_info    0x0000c36b       0xef ./system/src/newlib/_exit.o
 .debug_info    0x0000c45a      0x11f ./system/src/newlib/_sbrk.o
 .debug_info    0x0000c579      0x454 ./system/src/newlib/_startup.o
 .debug_info    0x0000c9cd      0x1bc ./system/src/newlib/_syscalls.o
 .debug_info    0x0000cb89      0x2e7 ./system/src/diag/Trace.o
 .debug_info    0x0000ce70      0x114 ./system/src/diag/trace_impl.o
 .debug_info    0x0000cf84      0x29c ./system/src/cortexm/_initialize_hardware.o
 .debug_info    0x0000d220      0x793 ./system/src/cortexm/exception_handlers.o
 .debug_info    0x0000d9b3       0x7f ./system/src/cmsis/startup_stm32f205xx.o
 .debug_info    0x0000da32      0x481 ./system/src/cmsis/system_stm32f2xx.o
 .debug_info    0x0000deb3     0x1220 ./src/gcode.o
 .debug_info    0x0000f0d3     0x1522 ./src/main.o
 .debug_info    0x000105f5      0xdf0 ./src/stm32f2xx_hal_msp.o
 .debug_info    0x000113e5      0x4e2 ./src/stm32f2xx_it.o
 .debug_info    0x000118c7      0x5df ./src/usb_device.o
 .debug_info    0x00011ea6      0x896 ./src/usbd_cdc_if.o
 .debug_info    0x0001273c     0x17e3 ./src/usbd_conf.o
 .debug_info    0x00013f1f      0x481 ./src/usbd_desc.o
 .debug_info    0x000143a0      0xbea ./Middlewares/ST/STM32_USB_Device_Library/Core/Src/usbd_core.o
 .debug_info    0x00014f8a      0xda3 ./Middlewares/ST/STM32_USB_Device_Library/Core/Src/usbd_ctlreq.o
 .debug_info    0x00015d2d      0x70d ./Middlewares/ST/STM32_USB_Device_Library/Core/Src/usbd_ioreq.o
 .debug_info    0x0001643a      0xc99 ./Middlewares/ST/STM32_USB_Device_Library/Class/CDC/Src/usbd_cdc.o

.debug_abbrev   0x00000000     0x36a4
 *(.debug_abbrev)
 .debug_abbrev  0x00000000      0x222 ./system/src/stm32f2xx/stm32f2xx_hal.o
 .debug_abbrev  0x00000222      0x2fe ./system/src/stm32f2xx/stm32f2xx_hal_cortex.o
 .debug_abbrev  0x00000520      0x1cd ./system/src/stm32f2xx/stm32f2xx_hal_gpio.o
 .debug_abbrev  0x000006ed      0x20e ./system/src/stm32f2xx/stm32f2xx_hal_i2c.o
 .debug_abbrev  0x000008fb      0x283 ./system/src/stm32f2xx/stm32f2xx_hal_pcd.o
 .debug_abbrev  0x00000b7e      0x172 ./system/src/stm32f2xx/stm32f2xx_hal_pcd_ex.o
 .debug_abbrev  0x00000cf0      0x26d ./system/src/stm32f2xx/stm32f2xx_hal_rcc.o
 .debug_abbrev  0x00000f5d      0x22c ./system/src/stm32f2xx/stm32f2xx_hal_tim.o
 .debug_abbrev  0x00001189      0x21b ./system/src/stm32f2xx/stm32f2xx_hal_tim_ex.o
 .debug_abbrev  0x000013a4      0x242 ./system/src/stm32f2xx/stm32f2xx_ll_usb.o
 .debug_abbrev  0x000015e6       0x8e ./system/src/newlib/_exit.o
 .debug_abbrev  0x00001674       0xb9 ./system/src/newlib/_sbrk.o
 .debug_abbrev  0x0000172d      0x1ac ./system/src/newlib/_startup.o
 .debug_abbrev  0x000018d9       0xec ./system/src/newlib/_syscalls.o
 .debug_abbrev  0x000019c5      0x156 ./system/src/diag/Trace.o
 .debug_abbrev  0x00001b1b       0xb4 ./system/src/diag/trace_impl.o
 .debug_abbrev  0x00001bcf       0xea ./system/src/cortexm/_initialize_hardware.o
 .debug_abbrev  0x00001cb9      0x1d4 ./system/src/cortexm/exception_handlers.o
 .debug_abbrev  0x00001e8d       0x12 ./system/src/cmsis/startup_stm32f205xx.o
 .debug_abbrev  0x00001e9f      0x104 ./system/src/cmsis/system_stm32f2xx.o
 .debug_abbrev  0x00001fa3      0x21d ./src/gcode.o
 .debug_abbrev  0x000021c0      0x22d ./src/main.o
 .debug_abbrev  0x000023ed      0x1c7 ./src/stm32f2xx_hal_msp.o
 .debug_abbrev  0x000025b4      0x172 ./src/stm32f2xx_it.o
 .debug_abbrev  0x00002726      0x170 ./src/usb_device.o
 .debug_abbrev  0x00002896      0x23b ./src/usbd_cdc_if.o
 .debug_abbrev  0x00002ad1      0x26f ./src/usbd_conf.o
 .debug_abbrev  0x00002d40      0x167 ./src/usbd_desc.o
 .debug_abbrev  0x00002ea7      0x1ef ./Middlewares/ST/STM32_USB_Device_Library/Core/Src/usbd_core.o
 .debug_abbrev  0x00003096      0x26c ./Middlewares/ST/STM32_USB_Device_Library/Core/Src/usbd_ctlreq.o
 .debug_abbrev  0x00003302      0x158 ./Middlewares/ST/STM32_USB_Device_Library/Core/Src/usbd_ioreq.o
 .debug_abbrev  0x0000345a      0x24a ./Middlewares/ST/STM32_USB_Device_Library/Class/CDC/Src/usbd_cdc.o

.debug_line     0x00000000     0xd5cf
 *(.debug_line)
 .debug_line    0x00000000      0x6cf ./system/src/stm32f2xx/stm32f2xx_hal.o
 .debug_line    0x000006cf      0x709 ./system/src/stm32f2xx/stm32f2xx_hal_cortex.o
 .debug_line    0x00000dd8      0x6c5 ./system/src/stm32f2xx/stm32f2xx_hal_gpio.o
 .debug_line    0x0000149d     0x1283 ./system/src/stm32f2xx/stm32f2xx_hal_i2c.o
 .debug_line    0x00002720      0xa1c ./system/src/stm32f2xx/stm32f2xx_hal_pcd.o
 .debug_line    0x0000313c      0x57f ./system/src/stm32f2xx/stm32f2xx_hal_pcd_ex.o
 .debug_line    0x000036bb      0x872 ./system/src/stm32f2xx/stm32f2xx_hal_rcc.o
 .debug_line    0x00003f2d     0x152a ./system/src/stm32f2xx/stm32f2xx_hal_tim.o
 .debug_line    0x00005457      0xb05 ./system/src/stm32f2xx/stm32f2xx_hal_tim_ex.o
 .debug_line    0x00005f5c      0xafc ./system/src/stm32f2xx/stm32f2xx_ll_usb.o
 .debug_line    0x00006a58      0x26e ./system/src/newlib/_exit.o
 .debug_line    0x00006cc6      0x220 ./system/src/newlib/_sbrk.o
 .debug_line    0x00006ee6      0x2d6 ./system/src/newlib/_startup.o
 .debug_line    0x000071bc      0x2fb ./system/src/newlib/_syscalls.o
 .debug_line    0x000074b7      0x2cd ./system/src/diag/Trace.o
 .debug_line    0x00007784      0x31e ./system/src/diag/trace_impl.o
 .debug_line    0x00007aa2      0x17f ./system/src/cortexm/_initialize_hardware.o
 .debug_line    0x00007c21      0x3fd ./system/src/cortexm/exception_handlers.o
 .debug_line    0x0000801e       0x88 ./system/src/cmsis/startup_stm32f205xx.o
 .debug_line    0x000080a6      0x17f ./system/src/cmsis/system_stm32f2xx.o
 .debug_line    0x00008225      0x78b ./src/gcode.o
 .debug_line    0x000089b0      0x6f6 ./src/main.o
 .debug_line    0x000090a6      0x5af ./src/stm32f2xx_hal_msp.o
 .debug_line    0x00009655      0x55e ./src/stm32f2xx_it.o
 .debug_line    0x00009bb3      0x67b ./src/usb_device.o
 .debug_line    0x0000a22e      0x6e8 ./src/usbd_cdc_if.o
 .debug_line    0x0000a916      0x7f7 ./src/usbd_conf.o
 .debug_line    0x0000b10d      0x679 ./src/usbd_desc.o
 .debug_line    0x0000b786      0x7eb ./Middlewares/ST/STM32_USB_Device_Library/Core/Src/usbd_core.o
 .debug_line    0x0000bf71      0x7e9 ./Middlewares/ST/STM32_USB_Device_Library/Core/Src/usbd_ctlreq.o
 .debug_line    0x0000c75a      0x698 ./Middlewares/ST/STM32_USB_Device_Library/Core/Src/usbd_ioreq.o
 .debug_line    0x0000cdf2      0x7dd ./Middlewares/ST/STM32_USB_Device_Library/Class/CDC/Src/usbd_cdc.o

.debug_frame    0x00000000     0x3354
 *(.debug_frame)
 .debug_frame   0x00000000      0x188 ./system/src/stm32f2xx/stm32f2xx_hal.o
 .debug_frame   0x00000188      0x134 ./system/src/stm32f2xx/stm32f2xx_hal_cortex.o
 .debug_frame   0x000002bc       0xc4 ./system/src/stm32f2xx/stm32f2xx_hal_gpio.o
 .debug_frame   0x00000380      0x67c ./system/src/stm32f2xx/stm32f2xx_hal_i2c.o
 .debug_frame   0x000009fc      0x30c ./system/src/stm32f2xx/stm32f2xx_hal_pcd.o
 .debug_frame   0x00000d08       0x3c ./system/src/stm32f2xx/stm32f2xx_hal_pcd_ex.o
 .debug_frame   0x00000d44      0x158 ./system/src/stm32f2xx/stm32f2xx_hal_rcc.o
 .debug_frame   0x00000e9c      0x9cc ./system/src/stm32f2xx/stm32f2xx_hal_tim.o
 .debug_frame   0x00001868      0x3c8 ./system/src/stm32f2xx/stm32f2xx_hal_tim_ex.o
 .debug_frame   0x00001c30      0x49c ./system/src/stm32f2xx/stm32f2xx_ll_usb.o
 .debug_frame   0x000020cc       0x38 ./system/src/newlib/_exit.o
 .debug_frame   0x00002104       0x28 ./system/src/newlib/_sbrk.o
 .debug_frame   0x0000212c       0x7c ./system/src/newlib/_startup.o
 .debug_frame   0x000021a8       0x50 ./system/src/newlib/_syscalls.o
 .debug_frame   0x000021f8       0x94 ./system/src/diag/Trace.o
 .debug_frame   0x0000228c       0x30 ./system/src/diag/trace_impl.o
 .debug_frame   0x000022bc       0x40 ./system/src/cortexm/_initialize_hardware.o
 .debug_frame   0x000022fc      0x144 ./system/src/cortexm/exception_handlers.o
 .debug_frame   0x00002440       0x30 ./system/src/cmsis/system_stm32f2xx.o
 .debug_frame   0x00002470       0x5c ./src/gcode.o
 .debug_frame   0x000024cc       0xa0 ./src/main.o
 .debug_frame   0x0000256c       0xa8 ./src/stm32f2xx_hal_msp.o
 .debug_frame   0x00002614       0x40 ./src/stm32f2xx_it.o
 .debug_frame   0x00002654       0x28 ./src/usb_device.o
 .debug_frame   0x0000267c       0xa8 ./src/usbd_cdc_if.o
 .debug_frame   0x00002724      0x2b8 ./src/usbd_conf.o
 .debug_frame   0x000029dc       0xa8 ./src/usbd_desc.o
 .debug_frame   0x00002a84      0x1bc ./Middlewares/ST/STM32_USB_Device_Library/Core/Src/usbd_core.o
 .debug_frame   0x00002c40      0x178 ./Middlewares/ST/STM32_USB_Device_Library/Core/Src/usbd_ctlreq.o
 .debug_frame   0x00002db8       0xb8 ./Middlewares/ST/STM32_USB_Device_Library/Core/Src/usbd_ioreq.o
 .debug_frame   0x00002e70      0x154 ./Middlewares/ST/STM32_USB_Device_Library/Class/CDC/Src/usbd_cdc.o
 .debug_frame   0x00002fc4       0x20 c:/arm/toolchain/bin/../lib/gcc/arm-none-eabi/5.2.1/../../../../arm-none-eabi/lib/armv7-m\libg_nano.a(lib_a-errno.o)
 .debug_frame   0x00002fe4       0x30 c:/arm/toolchain/bin/../lib/gcc/arm-none-eabi/5.2.1/../../../../arm-none-eabi/lib/armv7-m\libg_nano.a(lib_a-malloc.o)
 .debug_frame   0x00003014       0x28 c:/arm/toolchain/bin/../lib/gcc/arm-none-eabi/5.2.1/../../../../arm-none-eabi/lib/armv7-m\libg_nano.a(lib_a-memcpy-stub.o)
 .debug_frame   0x0000303c       0x20 c:/arm/toolchain/bin/../lib/gcc/arm-none-eabi/5.2.1/../../../../arm-none-eabi/lib/armv7-m\libg_nano.a(lib_a-memset.o)
 .debug_frame   0x0000305c       0x2c c:/arm/toolchain/bin/../lib/gcc/arm-none-eabi/5.2.1/../../../../arm-none-eabi/lib/armv7-m\libg_nano.a(lib_a-nano-freer.o)
 .debug_frame   0x00003088       0x2c c:/arm/toolchain/bin/../lib/gcc/arm-none-eabi/5.2.1/../../../../arm-none-eabi/lib/armv7-m\libg_nano.a(lib_a-nano-mallocr.o)
 .debug_frame   0x000030b4       0x2c c:/arm/toolchain/bin/../lib/gcc/arm-none-eabi/5.2.1/../../../../arm-none-eabi/lib/armv7-m\libg_nano.a(lib_a-sbrkr.o)
 .debug_frame   0x000030e0       0x70 c:/arm/toolchain/bin/../lib/gcc/arm-none-eabi/5.2.1/../../../../arm-none-eabi/lib/armv7-m\libg_nano.a(lib_a-sprintf.o)
 .debug_frame   0x00003150       0x20 c:/arm/toolchain/bin/../lib/gcc/arm-none-eabi/5.2.1/../../../../arm-none-eabi/lib/armv7-m\libg_nano.a(lib_a-strcmp.o)
 .debug_frame   0x00003170       0x48 c:/arm/toolchain/bin/../lib/gcc/arm-none-eabi/5.2.1/../../../../arm-none-eabi/lib/armv7-m\libg_nano.a(lib_a-vsnprintf.o)
 .debug_frame   0x000031b8       0x90 c:/arm/toolchain/bin/../lib/gcc/arm-none-eabi/5.2.1/../../../../arm-none-eabi/lib/armv7-m\libg_nano.a(lib_a-nano-svfprintf.o)
 .debug_frame   0x00003248       0x60 c:/arm/toolchain/bin/../lib/gcc/arm-none-eabi/5.2.1/../../../../arm-none-eabi/lib/armv7-m\libg_nano.a(lib_a-nano-vfprintf_i.o)
 .debug_frame   0x000032a8       0x28 c:/arm/toolchain/bin/../lib/gcc/arm-none-eabi/5.2.1/../../../../arm-none-eabi/lib/armv7-m\libg_nano.a(lib_a-memchr-stub.o)
 .debug_frame   0x000032d0       0x28 c:/arm/toolchain/bin/../lib/gcc/arm-none-eabi/5.2.1/../../../../arm-none-eabi/lib/armv7-m\libg_nano.a(lib_a-memmove.o)
 .debug_frame   0x000032f8       0x3c c:/arm/toolchain/bin/../lib/gcc/arm-none-eabi/5.2.1/../../../../arm-none-eabi/lib/armv7-m\libg_nano.a(lib_a-nano-reallocr.o)
 .debug_frame   0x00003334       0x20 c:/arm/toolchain/bin/../lib/gcc/arm-none-eabi/5.2.1/../../../../arm-none-eabi/lib/armv7-m\libg_nano.a(lib_a-nano-msizer.o)

.debug_str      0x00000000    0x7a919
 *(.debug_str)
 .debug_str     0x00000000    0x72d13 ./system/src/stm32f2xx/stm32f2xx_hal.o
                              0x7314c (size before relaxing)
 .debug_str     0x00072d13      0x37c ./system/src/stm32f2xx/stm32f2xx_hal_cortex.o
                              0x72fb7 (size before relaxing)
 .debug_str     0x0007308f      0x2d8 ./system/src/stm32f2xx/stm32f2xx_hal_gpio.o
                              0x729ed (size before relaxing)
 .debug_str     0x00073367      0xa6c ./system/src/stm32f2xx/stm32f2xx_hal_i2c.o
                              0x730db (size before relaxing)
 .debug_str     0x00073dd3      0x967 ./system/src/stm32f2xx/stm32f2xx_hal_pcd.o
                              0x72ffc (size before relaxing)
 .debug_str     0x0007473a       0x43 ./system/src/stm32f2xx/stm32f2xx_hal_pcd_ex.o
                              0x72941 (size before relaxing)
 .debug_str     0x0007477d      0x37c ./system/src/stm32f2xx/stm32f2xx_hal_rcc.o
                              0x72b8b (size before relaxing)
 .debug_str     0x00074af9      0xe7c ./system/src/stm32f2xx/stm32f2xx_hal_tim.o
                              0x737f4 (size before relaxing)
 .debug_str     0x00075975      0x4e0 ./system/src/stm32f2xx/stm32f2xx_hal_tim_ex.o
                              0x730ac (size before relaxing)
 .debug_str     0x00075e55      0x3c5 ./system/src/stm32f2xx/stm32f2xx_ll_usb.o
                              0x72f72 (size before relaxing)
 .debug_str     0x0007621a     0x108b ./system/src/newlib/_exit.o
                               0x6966 (size before relaxing)
 .debug_str     0x000772a5      0x4de ./system/src/newlib/_sbrk.o
                               0x5d77 (size before relaxing)
 .debug_str     0x00077783      0x260 ./system/src/newlib/_startup.o
                               0x5912 (size before relaxing)
 .debug_str     0x000779e3      0xe06 ./system/src/newlib/_syscalls.o
                               0x6bbf (size before relaxing)
 .debug_str     0x000787e9      0x188 ./system/src/diag/Trace.o
                               0x7276 (size before relaxing)
 .debug_str     0x00078971       0x4b ./system/src/diag/trace_impl.o
                              0x3c4d7 (size before relaxing)
 .debug_str     0x000789bc       0x5e ./system/src/cortexm/_initialize_hardware.o
                              0x38eb1 (size before relaxing)
 .debug_str     0x00078a1a      0x1df ./system/src/cortexm/exception_handlers.o
                              0x3d34f (size before relaxing)
 .debug_str     0x00078bf9       0x46 ./system/src/cmsis/system_stm32f2xx.o
                              0x38fdc (size before relaxing)
 .debug_str     0x00078c3f      0xe30 ./src/gcode.o
                              0x73be9 (size before relaxing)
 .debug_str     0x00079a6f      0x363 ./src/main.o
                              0x747c3 (size before relaxing)
 .debug_str     0x00079dd2       0x24 ./src/stm32f2xx_hal_msp.o
                              0x732f3 (size before relaxing)
 .debug_str     0x00079df6       0x4a ./src/stm32f2xx_it.o
                              0x72929 (size before relaxing)
 .debug_str     0x00079e40       0xbb ./src/usb_device.o
                              0x738bc (size before relaxing)
 .debug_str     0x00079efb      0x18b ./src/usbd_cdc_if.o
                              0x739d6 (size before relaxing)
 .debug_str     0x0007a086      0x202 ./src/usbd_conf.o
                              0x741d6 (size before relaxing)
 .debug_str     0x0007a288      0x230 ./src/usbd_desc.o
                              0x732f5 (size before relaxing)
 .debug_str     0x0007a4b8      0x141 ./Middlewares/ST/STM32_USB_Device_Library/Core/Src/usbd_core.o
                              0x73615 (size before relaxing)
 .debug_str     0x0007a5f9       0xe5 ./Middlewares/ST/STM32_USB_Device_Library/Core/Src/usbd_ctlreq.o
                              0x7352f (size before relaxing)
 .debug_str     0x0007a6de       0x63 ./Middlewares/ST/STM32_USB_Device_Library/Core/Src/usbd_ioreq.o
                              0x7345c (size before relaxing)
 .debug_str     0x0007a741      0x1d8 ./Middlewares/ST/STM32_USB_Device_Library/Class/CDC/Src/usbd_cdc.o
                              0x73924 (size before relaxing)

.debug_loc      0x00000000     0xc21d
 *(.debug_loc)
 .debug_loc     0x00000000       0x92 ./system/src/stm32f2xx/stm32f2xx_hal.o
 .debug_loc     0x00000092      0x527 ./system/src/stm32f2xx/stm32f2xx_hal_cortex.o
 .debug_loc     0x000005b9      0x38f ./system/src/stm32f2xx/stm32f2xx_hal_gpio.o
 .debug_loc     0x00000948     0x29b2 ./system/src/stm32f2xx/stm32f2xx_hal_i2c.o
 .debug_loc     0x000032fa      0xb2f ./system/src/stm32f2xx/stm32f2xx_hal_pcd.o
 .debug_loc     0x00003e29       0xd0 ./system/src/stm32f2xx/stm32f2xx_hal_pcd_ex.o
 .debug_loc     0x00003ef9      0x705 ./system/src/stm32f2xx/stm32f2xx_hal_rcc.o
 .debug_loc     0x000045fe     0x3283 ./system/src/stm32f2xx/stm32f2xx_hal_tim.o
 .debug_loc     0x00007881      0xbd7 ./system/src/stm32f2xx/stm32f2xx_hal_tim_ex.o
 .debug_loc     0x00008458     0x1212 ./system/src/stm32f2xx/stm32f2xx_ll_usb.o
 .debug_loc     0x0000966a       0x82 ./system/src/newlib/_sbrk.o
 .debug_loc     0x000096ec      0x265 ./system/src/newlib/_startup.o
 .debug_loc     0x00009951       0x63 ./system/src/newlib/_syscalls.o
 .debug_loc     0x000099b4      0x102 ./system/src/diag/Trace.o
 .debug_loc     0x00009ab6       0x21 ./system/src/diag/trace_impl.o
 .debug_loc     0x00009ad7      0x184 ./system/src/cortexm/exception_handlers.o
 .debug_loc     0x00009c5b      0x132 ./system/src/cmsis/system_stm32f2xx.o
 .debug_loc     0x00009d8d      0x152 ./src/gcode.o
 .debug_loc     0x00009edf       0x79 ./src/stm32f2xx_hal_msp.o
 .debug_loc     0x00009f58      0x146 ./src/usbd_cdc_if.o
 .debug_loc     0x0000a09e      0x6a2 ./src/usbd_conf.o
 .debug_loc     0x0000a740      0x2b7 ./src/usbd_desc.o
 .debug_loc     0x0000a9f7      0x629 ./Middlewares/ST/STM32_USB_Device_Library/Core/Src/usbd_core.o
 .debug_loc     0x0000b020      0xb10 ./Middlewares/ST/STM32_USB_Device_Library/Core/Src/usbd_ctlreq.o
 .debug_loc     0x0000bb30      0x23c ./Middlewares/ST/STM32_USB_Device_Library/Core/Src/usbd_ioreq.o
 .debug_loc     0x0000bd6c      0x4b1 ./Middlewares/ST/STM32_USB_Device_Library/Class/CDC/Src/usbd_cdc.o

.debug_macinfo
 *(.debug_macinfo)

.debug_weaknames
 *(.debug_weaknames)

.debug_funcnames
 *(.debug_funcnames)

.debug_typenames
 *(.debug_typenames)

.debug_varnames
 *(.debug_varnames)
OUTPUT(FaboolGrbl_test.elf elf32-littlearm)

.debug_ranges   0x00000000     0x1080
 .debug_ranges  0x00000000       0xb0 ./system/src/stm32f2xx/stm32f2xx_hal.o
 .debug_ranges  0x000000b0       0x88 ./system/src/stm32f2xx/stm32f2xx_hal_cortex.o
 .debug_ranges  0x00000138       0x48 ./system/src/stm32f2xx/stm32f2xx_hal_gpio.o
 .debug_ranges  0x00000180      0x1d8 ./system/src/stm32f2xx/stm32f2xx_hal_i2c.o
 .debug_ranges  0x00000358      0x110 ./system/src/stm32f2xx/stm32f2xx_hal_pcd.o
 .debug_ranges  0x00000468       0x18 ./system/src/stm32f2xx/stm32f2xx_hal_pcd_ex.o
 .debug_ranges  0x00000480       0x78 ./system/src/stm32f2xx/stm32f2xx_hal_rcc.o
 .debug_ranges  0x000004f8      0x358 ./system/src/stm32f2xx/stm32f2xx_hal_tim.o
 .debug_ranges  0x00000850      0x130 ./system/src/stm32f2xx/stm32f2xx_hal_tim_ex.o
 .debug_ranges  0x00000980      0x170 ./system/src/stm32f2xx/stm32f2xx_ll_usb.o
 .debug_ranges  0x00000af0       0x18 ./system/src/newlib/_exit.o
 .debug_ranges  0x00000b08       0x10 ./system/src/newlib/_sbrk.o
 .debug_ranges  0x00000b18       0x48 ./system/src/newlib/_startup.o
 .debug_ranges  0x00000b60       0x20 ./system/src/newlib/_syscalls.o
 .debug_ranges  0x00000b80       0x28 ./system/src/diag/Trace.o
 .debug_ranges  0x00000ba8       0x18 ./system/src/diag/trace_impl.o
 .debug_ranges  0x00000bc0       0x18 ./system/src/cortexm/_initialize_hardware.o
 .debug_ranges  0x00000bd8       0x78 ./system/src/cortexm/exception_handlers.o
 .debug_ranges  0x00000c50       0x20 ./system/src/cmsis/startup_stm32f205xx.o
 .debug_ranges  0x00000c70       0x18 ./system/src/cmsis/system_stm32f2xx.o
 .debug_ranges  0x00000c88       0x20 ./src/gcode.o
 .debug_ranges  0x00000ca8       0x30 ./src/main.o
 .debug_ranges  0x00000cd8       0x38 ./src/stm32f2xx_hal_msp.o
 .debug_ranges  0x00000d10       0x18 ./src/stm32f2xx_it.o
 .debug_ranges  0x00000d28       0x10 ./src/usb_device.o
 .debug_ranges  0x00000d38       0x40 ./src/usbd_cdc_if.o
 .debug_ranges  0x00000d78       0xe8 ./src/usbd_conf.o
 .debug_ranges  0x00000e60       0x40 ./src/usbd_desc.o
 .debug_ranges  0x00000ea0       0xa8 ./Middlewares/ST/STM32_USB_Device_Library/Core/Src/usbd_core.o
 .debug_ranges  0x00000f48       0x78 ./Middlewares/ST/STM32_USB_Device_Library/Core/Src/usbd_ctlreq.o
 .debug_ranges  0x00000fc0       0x40 ./Middlewares/ST/STM32_USB_Device_Library/Core/Src/usbd_ioreq.o
 .debug_ranges  0x00001000       0x80 ./Middlewares/ST/STM32_USB_Device_Library/Class/CDC/Src/usbd_cdc.o

.debug_macro    0x00000000    0x17187
 .debug_macro   0x00000000      0x324 ./system/src/stm32f2xx/stm32f2xx_hal.o
 .debug_macro   0x00000324      0x874 ./system/src/stm32f2xx/stm32f2xx_hal.o
 .debug_macro   0x00000b98       0x70 ./system/src/stm32f2xx/stm32f2xx_hal.o
 .debug_macro   0x00000c08      0x1a7 ./system/src/stm32f2xx/stm32f2xx_hal.o
 .debug_macro   0x00000daf       0x2e ./system/src/stm32f2xx/stm32f2xx_hal.o
 .debug_macro   0x00000ddd       0x22 ./system/src/stm32f2xx/stm32f2xx_hal.o
 .debug_macro   0x00000dff      0x34e ./system/src/stm32f2xx/stm32f2xx_hal.o
 .debug_macro   0x0000114d       0x34 ./system/src/stm32f2xx/stm32f2xx_hal.o
 .debug_macro   0x00001181       0x34 ./system/src/stm32f2xx/stm32f2xx_hal.o
 .debug_macro   0x000011b5      0xcb4 ./system/src/stm32f2xx/stm32f2xx_hal.o
 .debug_macro   0x00001e69     0x862a ./system/src/stm32f2xx/stm32f2xx_hal.o
 .debug_macro   0x0000a493       0x43 ./system/src/stm32f2xx/stm32f2xx_hal.o
 .debug_macro   0x0000a4d6     0x31f5 ./system/src/stm32f2xx/stm32f2xx_hal.o
 .debug_macro   0x0000d6cb       0x58 ./system/src/stm32f2xx/stm32f2xx_hal.o
 .debug_macro   0x0000d723       0x22 ./system/src/stm32f2xx/stm32f2xx_hal.o
 .debug_macro   0x0000d745       0x35 ./system/src/stm32f2xx/stm32f2xx_hal.o
 .debug_macro   0x0000d77a       0x9c ./system/src/stm32f2xx/stm32f2xx_hal.o
 .debug_macro   0x0000d816       0x16 ./system/src/stm32f2xx/stm32f2xx_hal.o