Archive member included to satisfy reference by file (symbol)

c:/arm/toolchain/bin/../lib/gcc/arm-none-eabi/5.2.1/armv7-m\libgcc.a(_arm_addsubdf3.o)
                              ./src/gcode.o (__aeabi_dadd)
c:/arm/toolchain/bin/../lib/gcc/arm-none-eabi/5.2.1/armv7-m\libgcc.a(_arm_muldivdf3.o)
                              ./src/gcode.o (__aeabi_dmul)
c:/arm/toolchain/bin/../lib/gcc/arm-none-eabi/5.2.1/armv7-m\libgcc.a(_arm_fixunsdfsi.o)
                              ./src/gcode.o (__aeabi_d2uiz)
c:/arm/toolchain/bin/../lib/gcc/arm-none-eabi/5.2.1/armv7-m\libgcc.a(unwind-arm.o)
                              ./system/src/newlib/_cxx.o (__aeabi_unwind_cpp_pr1)
c:/arm/toolchain/bin/../lib/gcc/arm-none-eabi/5.2.1/armv7-m\libgcc.a(libunwind.o)
                              c:/arm/toolchain/bin/../lib/gcc/arm-none-eabi/5.2.1/armv7-m\libgcc.a(unwind-arm.o) (restore_core_regs)
c:/arm/toolchain/bin/../lib/gcc/arm-none-eabi/5.2.1/armv7-m\libgcc.a(pr-support.o)
                              c:/arm/toolchain/bin/../lib/gcc/arm-none-eabi/5.2.1/armv7-m\libgcc.a(unwind-arm.o) (__gnu_unwind_execute)
c:/arm/toolchain/bin/../lib/gcc/arm-none-eabi/5.2.1/../../../../arm-none-eabi/lib/armv7-m\libg_nano.a(lib_a-errno.o)
                              ./system/src/newlib/_sbrk.o (__errno)
c:/arm/toolchain/bin/../lib/gcc/arm-none-eabi/5.2.1/../../../../arm-none-eabi/lib/armv7-m\libg_nano.a(lib_a-impure.o)
                              c:/arm/toolchain/bin/../lib/gcc/arm-none-eabi/5.2.1/../../../../arm-none-eabi/lib/armv7-m\libg_nano.a(lib_a-errno.o) (_impure_ptr)
c:/arm/toolchain/bin/../lib/gcc/arm-none-eabi/5.2.1/../../../../arm-none-eabi/lib/armv7-m\libg_nano.a(lib_a-init.o)
                              ./system/src/cmsis/startup_stm32f205xx.o (__libc_init_array)
c:/arm/toolchain/bin/../lib/gcc/arm-none-eabi/5.2.1/../../../../arm-none-eabi/lib/armv7-m\libg_nano.a(lib_a-malloc.o)
                              ./Middlewares/ST/STM32_USB_Device_Library/Class/CDC/Src/usbd_cdc.o (malloc)
c:/arm/toolchain/bin/../lib/gcc/arm-none-eabi/5.2.1/../../../../arm-none-eabi/lib/armv7-m\libg_nano.a(lib_a-memcpy-stub.o)
                              ./src/usbd_cdc_if.o (memcpy)
c:/arm/toolchain/bin/../lib/gcc/arm-none-eabi/5.2.1/../../../../arm-none-eabi/lib/armv7-m\libg_nano.a(lib_a-memset.o)
                              ./src/usbd_cdc_if.o (memset)
c:/arm/toolchain/bin/../lib/gcc/arm-none-eabi/5.2.1/../../../../arm-none-eabi/lib/armv7-m\libg_nano.a(lib_a-nano-freer.o)
                              c:/arm/toolchain/bin/../lib/gcc/arm-none-eabi/5.2.1/../../../../arm-none-eabi/lib/armv7-m\libg_nano.a(lib_a-malloc.o) (_free_r)
c:/arm/toolchain/bin/../lib/gcc/arm-none-eabi/5.2.1/../../../../arm-none-eabi/lib/armv7-m\libg_nano.a(lib_a-nano-mallocr.o)
                              c:/arm/toolchain/bin/../lib/gcc/arm-none-eabi/5.2.1/../../../../arm-none-eabi/lib/armv7-m\libg_nano.a(lib_a-malloc.o) (_malloc_r)
c:/arm/toolchain/bin/../lib/gcc/arm-none-eabi/5.2.1/../../../../arm-none-eabi/lib/armv7-m\libg_nano.a(lib_a-sbrkr.o)
                              c:/arm/toolchain/bin/../lib/gcc/arm-none-eabi/5.2.1/../../../../arm-none-eabi/lib/armv7-m\libg_nano.a(lib_a-nano-mallocr.o) (_sbrk_r)
c:/arm/toolchain/bin/../lib/gcc/arm-none-eabi/5.2.1/../../../../arm-none-eabi/lib/armv7-m\libg_nano.a(lib_a-sprintf.o)
                              ./src/usbd_cdc_if.o (sprintf)
c:/arm/toolchain/bin/../lib/gcc/arm-none-eabi/5.2.1/../../../../arm-none-eabi/lib/armv7-m\libg_nano.a(lib_a-strcmp.o)
                              ./src/gcode.o (strcmp)
c:/arm/toolchain/bin/../lib/gcc/arm-none-eabi/5.2.1/../../../../arm-none-eabi/lib/armv7-m\libg_nano.a(lib_a-strlen.o)
                              ./src/usbd_cdc_if.o (strlen)
c:/arm/toolchain/bin/../lib/gcc/arm-none-eabi/5.2.1/../../../../arm-none-eabi/lib/armv7-m\libg_nano.a(lib_a-nano-svfprintf.o)
                              c:/arm/toolchain/bin/../lib/gcc/arm-none-eabi/5.2.1/../../../../arm-none-eabi/lib/armv7-m\libg_nano.a(lib_a-sprintf.o) (_svfprintf_r)
c:/arm/toolchain/bin/../lib/gcc/arm-none-eabi/5.2.1/../../../../arm-none-eabi/lib/armv7-m\libg_nano.a(lib_a-nano-vfprintf_i.o)
                              c:/arm/toolchain/bin/../lib/gcc/arm-none-eabi/5.2.1/../../../../arm-none-eabi/lib/armv7-m\libg_nano.a(lib_a-nano-svfprintf.o) (_printf_i)
c:/arm/toolchain/bin/../lib/gcc/arm-none-eabi/5.2.1/../../../../arm-none-eabi/lib/armv7-m\libg_nano.a(lib_a-memchr-stub.o)
                              c:/arm/toolchain/bin/../lib/gcc/arm-none-eabi/5.2.1/../../../../arm-none-eabi/lib/armv7-m\libg_nano.a(lib_a-nano-svfprintf.o) (memchr)
c:/arm/toolchain/bin/../lib/gcc/arm-none-eabi/5.2.1/../../../../arm-none-eabi/lib/armv7-m\libg_nano.a(lib_a-memmove.o)
                              c:/arm/toolchain/bin/../lib/gcc/arm-none-eabi/5.2.1/../../../../arm-none-eabi/lib/armv7-m\libg_nano.a(lib_a-nano-svfprintf.o) (memmove)
[...]
Memory Configuration

Name             Origin             Length             Attributes
FLASH            0x08000000         0x00020000         xr
RAM              0x20000000         0x00010000         xrw
CCMRAM           0x10000000         0x00000000         xrw
FLASHB1          0x00000000         0x00000000         xr
EXTMEMB0         0x00000000         0x00000000         xr
EXTMEMB1         0x00000000         0x00000000         xr
EXTMEMB2         0x00000000         0x00000000         xr
EXTMEMB3         0x00000000         0x00000000         xr
*default*        0x00000000         0xffffffff

Linker script and memory map

LOAD ./system/src/stm32f2xx/stm32f2xx_hal.o
LOAD ./system/src/stm32f2xx/stm32f2xx_hal_adc.o
LOAD ./system/src/stm32f2xx/stm32f2xx_hal_adc_ex.o
LOAD ./system/src/stm32f2xx/stm32f2xx_hal_can.o
LOAD ./system/src/stm32f2xx/stm32f2xx_hal_cortex.o
LOAD ./system/src/stm32f2xx/stm32f2xx_hal_crc.o
LOAD ./system/src/stm32f2xx/stm32f2xx_hal_cryp.o
LOAD ./system/src/stm32f2xx/stm32f2xx_hal_dac.o
LOAD ./system/src/stm32f2xx/stm32f2xx_hal_dac_ex.o
LOAD ./system/src/stm32f2xx/stm32f2xx_hal_dcmi.o
LOAD ./system/src/stm32f2xx/stm32f2xx_hal_dma.o
LOAD ./system/src/stm32f2xx/stm32f2xx_hal_dma_ex.o
LOAD ./system/src/stm32f2xx/stm32f2xx_hal_eth.o
LOAD ./system/src/stm32f2xx/stm32f2xx_hal_flash.o
LOAD ./system/src/stm32f2xx/stm32f2xx_hal_flash_ex.o
LOAD ./system/src/stm32f2xx/stm32f2xx_hal_gpio.o
LOAD ./system/src/stm32f2xx/stm32f2xx_hal_hash.o
LOAD ./system/src/stm32f2xx/stm32f2xx_hal_hcd.o
LOAD ./system/src/stm32f2xx/stm32f2xx_hal_i2c.o
LOAD ./system/src/stm32f2xx/stm32f2xx_hal_i2s.o
LOAD ./system/src/stm32f2xx/stm32f2xx_hal_irda.o
LOAD ./system/src/stm32f2xx/stm32f2xx_hal_iwdg.o
LOAD ./system/src/stm32f2xx/stm32f2xx_hal_nand.o
LOAD ./system/src/stm32f2xx/stm32f2xx_hal_nor.o
LOAD ./system/src/stm32f2xx/stm32f2xx_hal_pccard.o
LOAD ./system/src/stm32f2xx/stm32f2xx_hal_pcd.o
LOAD ./system/src/stm32f2xx/stm32f2xx_hal_pcd_ex.o
LOAD ./system/src/stm32f2xx/stm32f2xx_hal_pwr.o
LOAD ./system/src/stm32f2xx/stm32f2xx_hal_pwr_ex.o
LOAD ./system/src/stm32f2xx/stm32f2xx_hal_rcc.o
LOAD ./system/src/stm32f2xx/stm32f2xx_hal_rcc_ex.o
LOAD ./system/src/stm32f2xx/stm32f2xx_hal_rng.o
LOAD ./system/src/stm32f2xx/stm32f2xx_hal_rtc.o
LOAD ./system/src/stm32f2xx/stm32f2xx_hal_rtc_ex.o
LOAD ./system/src/stm32f2xx/stm32f2xx_hal_sd.o
LOAD ./system/src/stm32f2xx/stm32f2xx_hal_smartcard.o
LOAD ./system/src/stm32f2xx/stm32f2xx_hal_spi.o
LOAD ./system/src/stm32f2xx/stm32f2xx_hal_sram.o
LOAD ./system/src/stm32f2xx/stm32f2xx_hal_tim.o
LOAD ./system/src/stm32f2xx/stm32f2xx_hal_tim_ex.o
LOAD ./system/src/stm32f2xx/stm32f2xx_hal_uart.o
LOAD ./system/src/stm32f2xx/stm32f2xx_hal_usart.o
LOAD ./system/src/stm32f2xx/stm32f2xx_hal_wwdg.o
LOAD ./system/src/stm32f2xx/stm32f2xx_ll_fsmc.o
LOAD ./system/src/stm32f2xx/stm32f2xx_ll_sdmmc.o
LOAD ./system/src/stm32f2xx/stm32f2xx_ll_usb.o
LOAD ./system/src/newlib/_cxx.o
LOAD ./system/src/newlib/_exit.o
LOAD ./system/src/newlib/_sbrk.o
LOAD ./system/src/newlib/_startup.o
LOAD ./system/src/newlib/_syscalls.o
LOAD ./system/src/newlib/assert.o
LOAD ./system/src/diag/Trace.o
LOAD ./system/src/diag/trace_impl.o
LOAD ./system/src/cortexm/_initialize_hardware.o
LOAD ./system/src/cortexm/_reset_hardware.o
LOAD ./system/src/cortexm/exception_handlers.o
LOAD ./system/src/cmsis/startup_stm32f205xx.o
LOAD ./system/src/cmsis/system_stm32f2xx.o
LOAD ./src/gcode.o
LOAD ./src/main.o
LOAD ./src/stm32f2xx_hal_msp.o
LOAD ./src/stm32f2xx_it.o
LOAD ./src/usb_device.o
LOAD ./src/usbd_cdc_if.o
LOAD ./src/usbd_conf.o
LOAD ./src/usbd_desc.o
LOAD ./Middlewares/ST/STM32_USB_Device_Library/Core/Src/usbd_core.o
LOAD ./Middlewares/ST/STM32_USB_Device_Library/Core/Src/usbd_ctlreq.o
LOAD ./Middlewares/ST/STM32_USB_Device_Library/Core/Src/usbd_ioreq.o
LOAD ./Middlewares/ST/STM32_USB_Device_Library/Class/CDC/Src/usbd_cdc.o
LOAD ./Middlewares/ST/STM32_USB_Device_Library/Class/CDC/Src/usbd_cdc_if_template.o
LOAD c:/arm/toolchain/bin/../lib/gcc/arm-none-eabi/5.2.1/../../../../arm-none-eabi/lib/armv7-m\libstdc++_nano.a
LOAD c:/arm/toolchain/bin/../lib/gcc/arm-none-eabi/5.2.1/../../../../arm-none-eabi/lib/armv7-m\libm.a
START GROUP
LOAD c:/arm/toolchain/bin/../lib/gcc/arm-none-eabi/5.2.1/armv7-m\libgcc.a
LOAD c:/arm/toolchain/bin/../lib/gcc/arm-none-eabi/5.2.1/../../../../arm-none-eabi/lib/armv7-m\libg_nano.a
LOAD c:/arm/toolchain/bin/../lib/gcc/arm-none-eabi/5.2.1/../../../../arm-none-eabi/lib/armv7-m\libc_nano.a
END GROUP
START GROUP
LOAD c:/arm/toolchain/bin/../lib/gcc/arm-none-eabi/5.2.1/armv7-m\libgcc.a
LOAD c:/arm/toolchain/bin/../lib/gcc/arm-none-eabi/5.2.1/../../../../arm-none-eabi/lib/armv7-m\libc_nano.a
END GROUP
                0x20010000                __stack = (ORIGIN (RAM) + LENGTH (RAM))
                0x20010000                _estack = __stack
                0x00000400                __Main_Stack_Size = 0x400
                [!provide]                PROVIDE (_Main_Stack_Size, __Main_Stack_Size)
                0x2000fc00                __Main_Stack_Limit = (__stack - __Main_Stack_Size)
                [!provide]                PROVIDE (_Main_Stack_Limit, __Main_Stack_Limit)
                0x00000100                _Minimum_Stack_Size = 0x100
                0x20000c0c                PROVIDE (_Heap_Begin, _end_noinit)
                0x2000fc00                PROVIDE (_Heap_Limit, (__stack - __Main_Stack_Size))

.isr_vector     0x08000000      0x2a8
 FILL mask 0xff
                0x08000000                __vectors_start = ABSOLUTE (.)
                0x08000000                __vectors_start__ = ABSOLUTE (.)
 *(.isr_vector)
 .isr_vector    0x08000000      0x184 ./system/src/cmsis/startup_stm32f205xx.o
                0x08000000                g_pfnVectors
 *(.cfmconfig)
 *(.after_vectors .after_vectors.*)
 .after_vectors
                0x08000184       0xc0 ./system/src/newlib/_startup.o
                0x08000184                _start
 .after_vectors
                0x08000244       0x64 ./system/src/cortexm/exception_handlers.o
                0x08000244                Reset_Handler
                0x08000248                NMI_Handler
                0x0800024a                HardFault_Handler
                0x0800025e                HardFault_Handler_C
                0x08000260                MemManage_Handler
                0x08000262                BusFault_Handler
                0x08000276                BusFault_Handler_C
                0x08000278                UsageFault_Handler
                0x0800028c                UsageFault_Handler_C
                0x0800028e                SVC_Handler
                0x08000290                DebugMon_Handler
                0x08000292                PendSV_Handler

.inits          0x080002a8       0x28
                0x080002a8                __data_regions_array_start = .
                0x080002a8        0x4 LONG 0x8004a04 LOADADDR (.data)
                0x080002ac        0x4 LONG 0x20000000 ADDR (.data)
                0x080002b0        0x4 LONG 0x200001c4 (ADDR (.data) + SIZEOF (.data))
                0x080002b4        0x4 LONG 0x8004a04 LOADADDR (.data_CCMRAM)
                0x080002b8        0x4 LONG 0x10000000 ADDR (.data_CCMRAM)
                0x080002bc        0x4 LONG 0x10000000 (ADDR (.data_CCMRAM) + SIZEOF (.data_CCMRAM))
                0x080002c0                __data_regions_array_end = .
                0x080002c0                __bss_regions_array_start = .
                0x080002c0        0x4 LONG 0x200001c4 ADDR (.bss)
                0x080002c4        0x4 LONG 0x20000c0c (ADDR (.bss) + SIZEOF (.bss))
                0x080002c8        0x4 LONG 0x10000000 ADDR (.bss_CCMRAM)
                0x080002cc        0x4 LONG 0x10000000 (ADDR (.bss_CCMRAM) + SIZEOF (.bss_CCMRAM))
                0x080002d0                __bss_regions_array_end = .
 *(.init)
 *(.fini)
                0x080002d0                . = ALIGN (0x4)
                0x080002d0                PROVIDE (__preinit_array_start, .)
 *(.preinit_array_sysinit .preinit_array_sysinit.*)
 *(.preinit_array_platform .preinit_array_platform.*)
 *(.preinit_array .preinit_array.*)
                0x080002d0                PROVIDE (__preinit_array_end, .)
                0x080002d0                . = ALIGN (0x4)
                0x080002d0                PROVIDE (__init_array_start, .)
 *(SORT(.init_array.*))
 *(.init_array)
                0x080002d0                PROVIDE (__init_array_end, .)
                0x080002d0                . = ALIGN (0x4)
                0x080002d0                PROVIDE (__fini_array_start, .)
 *(SORT(.fini_array.*))
 *(.fini_array)
                0x080002d0                PROVIDE (__fini_array_end, .)

.flashtext
 *(.flashtext .flashtext.*)

.text           0x080002d0     0x4731
 *(.text .text.*)
 .text.HAL_InitTick
                0x080002d0       0x24 ./system/src/stm32f2xx/stm32f2xx_hal.o
                0x080002d0                HAL_InitTick
 .text.HAL_Init
                0x080002f4       0x34 ./system/src/stm32f2xx/stm32f2xx_hal.o
                0x080002f4                HAL_Init
 .text.HAL_IncTick
                0x08000328       0x10 ./system/src/stm32f2xx/stm32f2xx_hal.o
                0x08000328                HAL_IncTick
 .text.HAL_GetTick
                0x08000338        0xc ./system/src/stm32f2xx/stm32f2xx_hal.o
                0x08000338                HAL_GetTick
 .text.HAL_Delay
                0x08000344       0x1a ./system/src/stm32f2xx/stm32f2xx_hal.o
                0x08000344                HAL_Delay
 *fill*         0x0800035e        0x2 
 .text.HAL_NVIC_SetPriorityGrouping
                0x08000360       0x24 ./system/src/stm32f2xx/stm32f2xx_hal_cortex.o
                0x08000360                HAL_NVIC_SetPriorityGrouping
 .text.HAL_NVIC_SetPriority
                0x08000384       0x68 ./system/src/stm32f2xx/stm32f2xx_hal_cortex.o
                0x08000384                HAL_NVIC_SetPriority
 .text.HAL_NVIC_EnableIRQ
                0x080003ec       0x18 ./system/src/stm32f2xx/stm32f2xx_hal_cortex.o
                0x080003ec                HAL_NVIC_EnableIRQ
 .text.HAL_SYSTICK_Config
                0x08000404       0x2c ./system/src/stm32f2xx/stm32f2xx_hal_cortex.o
                0x08000404                HAL_SYSTICK_Config
 .text.HAL_SYSTICK_CLKSourceConfig
                0x08000430       0x18 ./system/src/stm32f2xx/stm32f2xx_hal_cortex.o
                0x08000430                HAL_SYSTICK_CLKSourceConfig
 .text.HAL_SYSTICK_Callback
                0x08000448        0x2 ./system/src/stm32f2xx/stm32f2xx_hal_cortex.o
                0x08000448                HAL_SYSTICK_Callback
 .text.HAL_SYSTICK_IRQHandler
                0x0800044a        0x8 ./system/src/stm32f2xx/stm32f2xx_hal_cortex.o
                0x0800044a                HAL_SYSTICK_IRQHandler
 *fill*         0x08000452        0x2 
 .text.HAL_GPIO_Init
                0x08000454      0x1cc ./system/src/stm32f2xx/stm32f2xx_hal_gpio.o
                0x08000454                HAL_GPIO_Init
 .text.HAL_GPIO_ReadPin
                0x08000620        0xc ./system/src/stm32f2xx/stm32f2xx_hal_gpio.o
                0x08000620                HAL_GPIO_ReadPin
 .text.HAL_GPIO_WritePin
                0x0800062c        0x8 ./system/src/stm32f2xx/stm32f2xx_hal_gpio.o
                0x0800062c                HAL_GPIO_WritePin
 .text.I2C_WaitOnMasterAddressFlagUntilTimeout
                0x08000634       0x7e ./system/src/stm32f2xx/stm32f2xx_hal_i2c.o
 .text.I2C_WaitOnFlagUntilTimeout
                0x080006b2       0x96 ./system/src/stm32f2xx/stm32f2xx_hal_i2c.o
 .text.I2C_MasterRequestWrite
                0x08000748       0x78 ./system/src/stm32f2xx/stm32f2xx_hal_i2c.o
 .text.HAL_I2C_Init
                0x080007c0       0xd8 ./system/src/stm32f2xx/stm32f2xx_hal_i2c.o
                0x080007c0                HAL_I2C_Init
 .text.HAL_I2C_Master_Transmit
                0x08000898       0xe8 ./system/src/stm32f2xx/stm32f2xx_hal_i2c.o
                0x08000898                HAL_I2C_Master_Transmit
 .text.HAL_PCD_Init
                0x08000980       0xd0 ./system/src/stm32f2xx/stm32f2xx_hal_pcd.o
                0x08000980                HAL_PCD_Init
 .text.HAL_PCD_Start
                0x08000a50       0x2a ./system/src/stm32f2xx/stm32f2xx_hal_pcd.o
                0x08000a50                HAL_PCD_Start
 .text.HAL_PCD_IRQHandler
                0x08000a7a      0x464 ./system/src/stm32f2xx/stm32f2xx_hal_pcd.o
                0x08000a7a                HAL_PCD_IRQHandler
 .text.HAL_PCD_SetAddress
                0x08000ede       0x24 ./system/src/stm32f2xx/stm32f2xx_hal_pcd.o
                0x08000ede                HAL_PCD_SetAddress
 .text.HAL_PCD_EP_Open
                0x08000f02       0x5e ./system/src/stm32f2xx/stm32f2xx_hal_pcd.o
                0x08000f02                HAL_PCD_EP_Open
 .text.HAL_PCD_EP_Close
                0x08000f60       0x48 ./system/src/stm32f2xx/stm32f2xx_hal_pcd.o
                0x08000f60                HAL_PCD_EP_Close
 .text.HAL_PCD_EP_Receive
                0x08000fa8       0x62 ./system/src/stm32f2xx/stm32f2xx_hal_pcd.o
                0x08000fa8                HAL_PCD_EP_Receive
 .text.HAL_PCD_EP_GetRxCount
                0x0800100a       0x10 ./system/src/stm32f2xx/stm32f2xx_hal_pcd.o
                0x0800100a                HAL_PCD_EP_GetRxCount
 .text.HAL_PCD_EP_Transmit
                0x0800101a       0x5a ./system/src/stm32f2xx/stm32f2xx_hal_pcd.o
                0x0800101a                HAL_PCD_EP_Transmit
 .text.HAL_PCD_EP_SetStall
                0x08001074       0x5a ./system/src/stm32f2xx/stm32f2xx_hal_pcd.o
                0x08001074                HAL_PCD_EP_SetStall
 .text.HAL_PCD_EP_ClrStall
                0x080010ce       0x4c ./system/src/stm32f2xx/stm32f2xx_hal_pcd.o
                0x080010ce                HAL_PCD_EP_ClrStall
 .text.HAL_PCDEx_SetTxFiFo
                0x0800111a       0x42 ./system/src/stm32f2xx/stm32f2xx_hal_pcd_ex.o
                0x0800111a                HAL_PCDEx_SetTxFiFo
 .text.HAL_PCDEx_SetRxFiFo
                0x0800115c        0x8 ./system/src/stm32f2xx/stm32f2xx_hal_pcd_ex.o
                0x0800115c                HAL_PCDEx_SetRxFiFo
 .text.HAL_RCC_OscConfig
                0x08001164      0x314 ./system/src/stm32f2xx/stm32f2xx_hal_rcc.o
                0x08001164                HAL_RCC_OscConfig
 .text.HAL_RCC_ClockConfig
                0x08001478      0x1b0 ./system/src/stm32f2xx/stm32f2xx_hal_rcc.o
                0x08001478                HAL_RCC_ClockConfig
 .text.HAL_RCC_GetSysClockFreq
                0x08001628       0x7c ./system/src/stm32f2xx/stm32f2xx_hal_rcc.o
                0x08001628                HAL_RCC_GetSysClockFreq
 .text.HAL_RCC_GetHCLKFreq
                0x080016a4       0x34 ./system/src/stm32f2xx/stm32f2xx_hal_rcc.o
                0x080016a4                HAL_RCC_GetHCLKFreq
 .text.HAL_RCC_GetPCLK1Freq
                0x080016d8       0x2c ./system/src/stm32f2xx/stm32f2xx_hal_rcc.o
                0x080016d8                HAL_RCC_GetPCLK1Freq
 .text.TIM_OC1_SetConfig
                0x08001704       0x58 ./system/src/stm32f2xx/stm32f2xx_hal_tim.o
 .text.TIM_OC3_SetConfig
                0x0800175c       0x60 ./system/src/stm32f2xx/stm32f2xx_hal_tim.o
 .text.TIM_OC4_SetConfig
                0x080017bc       0x50 ./system/src/stm32f2xx/stm32f2xx_hal_tim.o
 .text.TIM_Base_SetConfig
                0x0800180c       0xc8 ./system/src/stm32f2xx/stm32f2xx_hal_tim.o
                0x0800180c                TIM_Base_SetConfig
 .text.HAL_TIM_PWM_Init
                0x080018d4       0x34 ./system/src/stm32f2xx/stm32f2xx_hal_tim.o
                0x080018d4                HAL_TIM_PWM_Init
 .text.TIM_OC2_SetConfig
                0x08001908       0x64 ./system/src/stm32f2xx/stm32f2xx_hal_tim.o
                0x08001908                TIM_OC2_SetConfig
 .text.HAL_TIM_PWM_ConfigChannel
                0x0800196c       0xc6 ./system/src/stm32f2xx/stm32f2xx_hal_tim.o
                0x0800196c                HAL_TIM_PWM_ConfigChannel
 .text.TIM_CCxChannelCmd
                0x08001a32       0x1a ./system/src/stm32f2xx/stm32f2xx_hal_tim.o
                0x08001a32                TIM_CCxChannelCmd
 .text.HAL_TIM_PWM_Start
                0x08001a4c       0x34 ./system/src/stm32f2xx/stm32f2xx_hal_tim.o
                0x08001a4c                HAL_TIM_PWM_Start
 .text.HAL_TIM_PWM_Stop
                0x08001a80       0x64 ./system/src/stm32f2xx/stm32f2xx_hal_tim.o
                0x08001a80                HAL_TIM_PWM_Stop
 .text.HAL_TIMEx_MasterConfigSynchronization
                0x08001ae4       0x44 ./system/src/stm32f2xx/stm32f2xx_hal_tim_ex.o
                0x08001ae4                HAL_TIMEx_MasterConfigSynchronization
 .text.USB_CoreInit
                0x08001b28       0x74 ./system/src/stm32f2xx/stm32f2xx_ll_usb.o
                0x08001b28                USB_CoreInit
 .text.USB_EnableGlobalInt
                0x08001b9c        0xc ./system/src/stm32f2xx/stm32f2xx_ll_usb.o
                0x08001b9c                USB_EnableGlobalInt
 .text.USB_DisableGlobalInt
                0x08001ba8        0xc ./system/src/stm32f2xx/stm32f2xx_ll_usb.o
                0x08001ba8                USB_DisableGlobalInt
 .text.USB_SetCurrentMode
                0x08001bb4       0x2c ./system/src/stm32f2xx/stm32f2xx_ll_usb.o
                0x08001bb4                USB_SetCurrentMode
 .text.USB_DevInit
                0x08001be0      0x138 ./system/src/stm32f2xx/stm32f2xx_ll_usb.o
                0x08001be0                USB_DevInit
 .text.USB_FlushTxFifo
                0x08001d18       0x24 ./system/src/stm32f2xx/stm32f2xx_ll_usb.o
                0x08001d18                USB_FlushTxFifo
 .text.USB_FlushRxFifo
                0x08001d3c       0x20 ./system/src/stm32f2xx/stm32f2xx_ll_usb.o
                0x08001d3c                USB_FlushRxFifo
 .text.USB_SetDevSpeed
                0x08001d5c        0xe ./system/src/stm32f2xx/stm32f2xx_ll_usb.o
                0x08001d5c                USB_SetDevSpeed
 .text.USB_GetDevSpeed
                0x08001d6a       0x36 ./system/src/stm32f2xx/stm32f2xx_ll_usb.o
                0x08001d6a                USB_GetDevSpeed
 .text.USB_ActivateEndpoint
                0x08001da0       0x7e ./system/src/stm32f2xx/stm32f2xx_ll_usb.o
                0x08001da0                USB_ActivateEndpoint
 .text.USB_DeactivateEndpoint
                0x08001e1e       0x68 ./system/src/stm32f2xx/stm32f2xx_ll_usb.o
                0x08001e1e                USB_DeactivateEndpoint
 *fill*         0x08001e86        0x2 
 .text.USB_EPStartXfer
                0x08001e88      0x220 ./system/src/stm32f2xx/stm32f2xx_ll_usb.o
                0x08001e88                USB_EPStartXfer
 .text.USB_EP0StartXfer
                0x080020a8      0x14e ./system/src/stm32f2xx/stm32f2xx_ll_usb.o
                0x080020a8                USB_EP0StartXfer
 .text.USB_WritePacket
                0x080021f6       0x26 ./system/src/stm32f2xx/stm32f2xx_ll_usb.o
                0x080021f6                USB_WritePacket
 .text.USB_ReadPacket
                0x0800221c       0x20 ./system/src/stm32f2xx/stm32f2xx_ll_usb.o
                0x0800221c                USB_ReadPacket
 .text.USB_EPSetStall
                0x0800223c       0x56 ./system/src/stm32f2xx/stm32f2xx_ll_usb.o
                0x0800223c                USB_EPSetStall
 .text.USB_EPClearStall
                0x08002292       0x5a ./system/src/stm32f2xx/stm32f2xx_ll_usb.o
                0x08002292                USB_EPClearStall
 .text.USB_SetDevAddress
                0x080022ec       0x20 ./system/src/stm32f2xx/stm32f2xx_ll_usb.o
                0x080022ec                USB_SetDevAddress
 .text.USB_DevConnect
                0x0800230c       0x18 ./system/src/stm32f2xx/stm32f2xx_ll_usb.o
                0x0800230c                USB_DevConnect
 .text.USB_DevDisconnect
                0x08002324       0x18 ./system/src/stm32f2xx/stm32f2xx_ll_usb.o
                0x08002324                USB_DevDisconnect
 .text.USB_ReadInterrupts
                0x0800233c        0x8 ./system/src/stm32f2xx/stm32f2xx_ll_usb.o
                0x0800233c                USB_ReadInterrupts
 .text.USB_ReadDevAllOutEpInterrupt
                0x08002344       0x10 ./system/src/stm32f2xx/stm32f2xx_ll_usb.o
                0x08002344                USB_ReadDevAllOutEpInterrupt
 .text.USB_ReadDevAllInEpInterrupt
                0x08002354       0x10 ./system/src/stm32f2xx/stm32f2xx_ll_usb.o
                0x08002354                USB_ReadDevAllInEpInterrupt
 .text.USB_ReadDevOutEPInterrupt
                0x08002364       0x14 ./system/src/stm32f2xx/stm32f2xx_ll_usb.o
                0x08002364                USB_ReadDevOutEPInterrupt
 .text.USB_ReadDevInEPInterrupt
                0x08002378       0x20 ./system/src/stm32f2xx/stm32f2xx_ll_usb.o
                0x08002378                USB_ReadDevInEPInterrupt
 .text.USB_GetMode
                0x08002398        0x8 ./system/src/stm32f2xx/stm32f2xx_ll_usb.o
                0x08002398                USB_GetMode
 .text.USB_ActivateSetup
                0x080023a0       0x36 ./system/src/stm32f2xx/stm32f2xx_ll_usb.o
                0x080023a0                USB_ActivateSetup
 .text.USB_EP0_OutStart
                0x080023d6       0x46 ./system/src/stm32f2xx/stm32f2xx_ll_usb.o
                0x080023d6                USB_EP0_OutStart
 .text.USB_CoreReset
                0x0800241c       0x30 ./system/src/stm32f2xx/stm32f2xx_ll_usb.o
 .text._exit    0x0800244c        0x6 ./system/src/newlib/_exit.o
                0x0800244c                _exit
 *fill*         0x08002452        0x2 
 .text._sbrk    0x08002454       0x40 ./system/src/newlib/_sbrk.o
                0x08002454                _sbrk
 .text.__initialize_args
                0x08002494       0x10 ./system/src/newlib/_syscalls.o
                0x08002494                __initialize_args
 .text.__initialize_hardware_early
                0x080024a4       0x18 ./system/src/cortexm/_initialize_hardware.o
                0x080024a4                __initialize_hardware_early
 .text.__initialize_hardware
                0x080024bc        0x4 ./system/src/cortexm/_initialize_hardware.o
                0x080024bc                __initialize_hardware
 .text.__reset_hardware
                0x080024c0       0x24 ./system/src/cortexm/_reset_hardware.o
                0x080024c0                __reset_hardware
 .text.Default_Handler
                0x080024e4        0x2 ./system/src/cmsis/startup_stm32f205xx.o
                0x080024e4                RTC_Alarm_IRQHandler
                0x080024e4                HASH_RNG_IRQHandler
                0x080024e4                EXTI2_IRQHandler
                0x080024e4                TIM8_CC_IRQHandler
                0x080024e4                TIM1_CC_IRQHandler
                0x080024e4                DMA2_Stream5_IRQHandler
                0x080024e4                DMA1_Stream5_IRQHandler
                0x080024e4                PVD_IRQHandler
                0x080024e4                SDIO_IRQHandler
                0x080024e4                TAMP_STAMP_IRQHandler
                0x080024e4                CAN2_RX1_IRQHandler
                0x080024e4                EXTI3_IRQHandler
                0x080024e4                TIM8_TRG_COM_TIM14_IRQHandler
                0x080024e4                TIM1_UP_TIM10_IRQHandler
                0x080024e4                TIM8_UP_TIM13_IRQHandler
                0x080024e4                I2C3_ER_IRQHandler
                0x080024e4                EXTI0_IRQHandler
                0x080024e4                I2C2_EV_IRQHandler
                0x080024e4                DMA1_Stream2_IRQHandler
                0x080024e4                CAN1_RX0_IRQHandler
                0x080024e4                OTG_HS_WKUP_IRQHandler
                0x080024e4                CAN2_SCE_IRQHandler
                0x080024e4                DMA2_Stream2_IRQHandler
                0x080024e4                SPI1_IRQHandler
                0x080024e4                TIM6_DAC_IRQHandler
                0x080024e4                TIM1_BRK_TIM9_IRQHandler
                0x080024e4                CAN2_RX0_IRQHandler
                0x080024e4                DMA2_Stream3_IRQHandler
                0x080024e4                USART6_IRQHandler
                0x080024e4                USART3_IRQHandler
                0x080024e4                CAN1_RX1_IRQHandler
                0x080024e4                UART5_IRQHandler
                0x080024e4                DMA2_Stream0_IRQHandler
                0x080024e4                TIM4_IRQHandler
                0x080024e4                I2C1_EV_IRQHandler
                0x080024e4                DMA1_Stream6_IRQHandler
                0x080024e4                DMA1_Stream1_IRQHandler
                0x080024e4                UART4_IRQHandler
                0x080024e4                TIM3_IRQHandler
                0x080024e4                RCC_IRQHandler
                0x080024e4                TIM8_BRK_TIM12_IRQHandler
                0x080024e4                Default_Handler
                0x080024e4                EXTI15_10_IRQHandler
                0x080024e4                ADC_IRQHandler
                0x080024e4                DMA1_Stream7_IRQHandler
                0x080024e4                TIM7_IRQHandler
                0x080024e4                CAN2_TX_IRQHandler
                0x080024e4                TIM5_IRQHandler
                0x080024e4                DMA2_Stream7_IRQHandler
                0x080024e4                I2C3_EV_IRQHandler
                0x080024e4                EXTI9_5_IRQHandler
                0x080024e4                RTC_WKUP_IRQHandler
                0x080024e4                SPI2_IRQHandler
                0x080024e4                OTG_HS_EP1_IN_IRQHandler
                0x080024e4                DMA1_Stream0_IRQHandler
                0x080024e4                CAN1_TX_IRQHandler
                0x080024e4                EXTI4_IRQHandler
                0x080024e4                FSMC_IRQHandler
                0x080024e4                OTG_HS_EP1_OUT_IRQHandler
                0x080024e4                WWDG_IRQHandler
                0x080024e4                TIM2_IRQHandler
                0x080024e4                OTG_FS_WKUP_IRQHandler
                0x080024e4                TIM1_TRG_COM_TIM11_IRQHandler
                0x080024e4                OTG_HS_IRQHandler
                0x080024e4                EXTI1_IRQHandler
                0x080024e4                USART2_IRQHandler
                0x080024e4                I2C2_ER_IRQHandler
                0x080024e4                DMA2_Stream1_IRQHandler
                0x080024e4                CAN1_SCE_IRQHandler
                0x080024e4                FLASH_IRQHandler
                0x080024e4                DMA2_Stream4_IRQHandler
                0x080024e4                USART1_IRQHandler
                0x080024e4                SPI3_IRQHandler
                0x080024e4                DMA1_Stream4_IRQHandler
                0x080024e4                I2C1_ER_IRQHandler
                0x080024e4                DMA2_Stream6_IRQHandler
                0x080024e4                DMA1_Stream3_IRQHandler
 *fill*         0x080024e6        0x2 
 .text.SystemInit
                0x080024e8       0x40 ./system/src/cmsis/system_stm32f2xx.o
                0x080024e8                SystemInit
 .text.SystemCoreClockUpdate
                0x08002528       0x74 ./system/src/cmsis/system_stm32f2xx.o
                0x08002528                SystemCoreClockUpdate
 .text.delay_us
                0x0800259c       0x10 ./src/gcode.o
                0x0800259c                delay_us
 *fill*         0x080025ac        0x4 
 .text.SetCurrent
                0x080025b0       0xc0 ./src/gcode.o
                0x080025b0                SetCurrent
 .text.gcode_process_line
                0x08002670      0x298 ./src/gcode.o
                0x08002670                gcode_process_line
 .text.SystemClock_Config
                0x08002908       0x6c ./src/main.o
                0x08002908                SystemClock_Config
 .text.startup.main
                0x08002974      0x140 ./src/main.o
                0x08002974                main
 .text.HAL_MspInit
                0x08002ab4       0x18 ./src/stm32f2xx_hal_msp.o
                0x08002ab4                HAL_MspInit
 .text.HAL_I2C_MspInit
                0x08002acc       0x54 ./src/stm32f2xx_hal_msp.o
                0x08002acc                HAL_I2C_MspInit
 .text.HAL_TIM_PWM_MspInit
                0x08002b20       0x30 ./src/stm32f2xx_hal_msp.o
                0x08002b20                HAL_TIM_PWM_MspInit
 .text.HAL_TIM_MspPostInit
                0x08002b50       0x34 ./src/stm32f2xx_hal_msp.o
                0x08002b50                HAL_TIM_MspPostInit
 .text.SysTick_Handler
                0x08002b84        0xe ./src/stm32f2xx_it.o
                0x08002b84                SysTick_Handler
 *fill*         0x08002b92        0x2 
 .text.OTG_FS_IRQHandler
                0x08002b94        0xc ./src/stm32f2xx_it.o
                0x08002b94                OTG_FS_IRQHandler
 .text.MX_USB_DEVICE_Init
                0x08002ba0       0x38 ./src/usb_device.o
                0x08002ba0                MX_USB_DEVICE_Init
 .text.CDC_DeInit_FS
                0x08002bd8        0x4 ./src/usbd_cdc_if.o
 .text.CDC_Control_FS
                0x08002bdc        0x4 ./src/usbd_cdc_if.o
 .text.CDC_Receive_FS
                0x08002be0       0x18 ./src/usbd_cdc_if.o
 .text.CDC_Init_FS
                0x08002bf8       0x44 ./src/usbd_cdc_if.o
 .text.CDC_Transmit_FS
                0x08002c3c       0x44 ./src/usbd_cdc_if.o
                0x08002c3c                CDC_Transmit_FS
 .text.CDC_Get_ReadData_FS
                0x08002c80       0x7c ./src/usbd_cdc_if.o
                0x08002c80                CDC_Get_ReadData_FS
 .text.HAL_PCD_MspInit
                0x08002cfc       0x64 ./src/usbd_conf.o
                0x08002cfc                HAL_PCD_MspInit
 .text.HAL_PCD_SetupStageCallback
                0x08002d60        0xc ./src/usbd_conf.o
                0x08002d60                HAL_PCD_SetupStageCallback
 .text.HAL_PCD_DataOutStageCallback
                0x08002d6c       0x12 ./src/usbd_conf.o
                0x08002d6c                HAL_PCD_DataOutStageCallback
 .text.HAL_PCD_DataInStageCallback
                0x08002d7e       0x10 ./src/usbd_conf.o
                0x08002d7e                HAL_PCD_DataInStageCallback
 .text.HAL_PCD_SOFCallback
                0x08002d8e        0x8 ./src/usbd_conf.o
                0x08002d8e                HAL_PCD_SOFCallback
 .text.HAL_PCD_ResetCallback
                0x08002d96       0x20 ./src/usbd_conf.o
                0x08002d96                HAL_PCD_ResetCallback
 *fill*         0x08002db6        0x2 
 .text.HAL_PCD_SuspendCallback
                0x08002db8       0x30 ./src/usbd_conf.o
                0x08002db8                HAL_PCD_SuspendCallback
 .text.HAL_PCD_ResumeCallback
                0x08002de8        0x8 ./src/usbd_conf.o
                0x08002de8                HAL_PCD_ResumeCallback
 .text.HAL_PCD_ISOOUTIncompleteCallback
                0x08002df0        0x8 ./src/usbd_conf.o
                0x08002df0                HAL_PCD_ISOOUTIncompleteCallback
 .text.HAL_PCD_ISOINIncompleteCallback
                0x08002df8        0x8 ./src/usbd_conf.o
                0x08002df8                HAL_PCD_ISOINIncompleteCallback
 .text.HAL_PCD_ConnectCallback
                0x08002e00        0x8 ./src/usbd_conf.o
                0x08002e00                HAL_PCD_ConnectCallback
 .text.HAL_PCD_DisconnectCallback
                0x08002e08        0x8 ./src/usbd_conf.o
                0x08002e08                HAL_PCD_DisconnectCallback
 .text.USBD_LL_Init
                0x08002e10       0x58 ./src/usbd_conf.o
                0x08002e10                USBD_LL_Init
 .text.USBD_LL_Start
                0x08002e68        0xe ./src/usbd_conf.o
                0x08002e68                USBD_LL_Start
 .text.USBD_LL_OpenEP
                0x08002e76       0x14 ./src/usbd_conf.o
                0x08002e76                USBD_LL_OpenEP
 .text.USBD_LL_CloseEP
                0x08002e8a        0xe ./src/usbd_conf.o
                0x08002e8a                USBD_LL_CloseEP
 .text.USBD_LL_StallEP
                0x08002e98        0xe ./src/usbd_conf.o
                0x08002e98                USBD_LL_StallEP
 .text.USBD_LL_ClearStallEP
                0x08002ea6        0xe ./src/usbd_conf.o
                0x08002ea6                USBD_LL_ClearStallEP
 .text.USBD_LL_IsStallEP
                0x08002eb4       0x26 ./src/usbd_conf.o
                0x08002eb4                USBD_LL_IsStallEP
 .text.USBD_LL_SetUSBAddress
                0x08002eda        0xe ./src/usbd_conf.o
                0x08002eda                USBD_LL_SetUSBAddress
 .text.USBD_LL_Transmit
                0x08002ee8        0xe ./src/usbd_conf.o
                0x08002ee8                USBD_LL_Transmit
 .text.USBD_LL_PrepareReceive
                0x08002ef6        0xe ./src/usbd_conf.o
                0x08002ef6                USBD_LL_PrepareReceive
 .text.USBD_LL_GetRxDataSize
                0x08002f04        0xc ./src/usbd_conf.o
                0x08002f04                USBD_LL_GetRxDataSize
 .text.USBD_FS_DeviceDescriptor
                0x08002f10        0xc ./src/usbd_desc.o
                0x08002f10                USBD_FS_DeviceDescriptor
 .text.USBD_FS_LangIDStrDescriptor
                0x08002f1c        0xc ./src/usbd_desc.o
                0x08002f1c                USBD_FS_LangIDStrDescriptor
 .text.USBD_FS_ManufacturerStrDescriptor
                0x08002f28       0x1c ./src/usbd_desc.o
                0x08002f28                USBD_FS_ManufacturerStrDescriptor
 .text.USBD_FS_ProductStrDescriptor
                0x08002f44       0x1c ./src/usbd_desc.o
                0x08002f44                USBD_FS_ProductStrDescriptor
 .text.USBD_FS_SerialStrDescriptor
                0x08002f60       0x1c ./src/usbd_desc.o
                0x08002f60                USBD_FS_SerialStrDescriptor
 .text.USBD_FS_ConfigStrDescriptor
                0x08002f7c       0x1c ./src/usbd_desc.o
                0x08002f7c                USBD_FS_ConfigStrDescriptor
 .text.USBD_FS_InterfaceStrDescriptor
                0x08002f98       0x1c ./src/usbd_desc.o
                0x08002f98                USBD_FS_InterfaceStrDescriptor
 .text.USBD_Init
                0x08002fb4       0x2a ./Middlewares/ST/STM32_USB_Device_Library/Core/Src/usbd_core.o
                0x08002fb4                USBD_Init
 .text.USBD_RegisterClass
                0x08002fde        0xe ./Middlewares/ST/STM32_USB_Device_Library/Core/Src/usbd_core.o
                0x08002fde                USBD_RegisterClass
 .text.USBD_Start
                0x08002fec        0xa ./Middlewares/ST/STM32_USB_Device_Library/Core/Src/usbd_core.o
                0x08002fec                USBD_Start
 .text.USBD_SetClassConfig
                0x08002ff6       0x16 ./Middlewares/ST/STM32_USB_Device_Library/Core/Src/usbd_core.o
                0x08002ff6                USBD_SetClassConfig
 .text.USBD_ClrClassConfig
                0x0800300c        0xe ./Middlewares/ST/STM32_USB_Device_Library/Core/Src/usbd_core.o
                0x0800300c                USBD_ClrClassConfig
 .text.USBD_LL_SetupStage
                0x0800301a       0x5a ./Middlewares/ST/STM32_USB_Device_Library/Core/Src/usbd_core.o
                0x0800301a                USBD_LL_SetupStage
 .text.USBD_LL_DataOutStage
                0x08003074       0x62 ./Middlewares/ST/STM32_USB_Device_Library/Core/Src/usbd_core.o
                0x08003074                USBD_LL_DataOutStage
 .text.USBD_LL_DataInStage
                0x080030d6       0x9c ./Middlewares/ST/STM32_USB_Device_Library/Core/Src/usbd_core.o
                0x080030d6                USBD_LL_DataInStage
 .text.USBD_LL_Reset
                0x08003172       0x3e ./Middlewares/ST/STM32_USB_Device_Library/Core/Src/usbd_core.o
                0x08003172                USBD_LL_Reset
 .text.USBD_LL_SetSpeed
                0x080031b0        0x6 ./Middlewares/ST/STM32_USB_Device_Library/Core/Src/usbd_core.o
                0x080031b0                USBD_LL_SetSpeed
 .text.USBD_LL_Suspend
                0x080031b6       0x12 ./Middlewares/ST/STM32_USB_Device_Library/Core/Src/usbd_core.o
                0x080031b6                USBD_LL_Suspend
 .text.USBD_LL_Resume
                0x080031c8        0xc ./Middlewares/ST/STM32_USB_Device_Library/Core/Src/usbd_core.o
                0x080031c8                USBD_LL_Resume
 .text.USBD_LL_SOF
                0x080031d4       0x18 ./Middlewares/ST/STM32_USB_Device_Library/Core/Src/usbd_core.o
                0x080031d4                USBD_LL_SOF
 .text.USBD_LL_IsoINIncomplete
                0x080031ec        0x4 ./Middlewares/ST/STM32_USB_Device_Library/Core/Src/usbd_core.o
                0x080031ec                USBD_LL_IsoINIncomplete
 .text.USBD_LL_IsoOUTIncomplete
                0x080031f0        0x4 ./Middlewares/ST/STM32_USB_Device_Library/Core/Src/usbd_core.o
                0x080031f0                USBD_LL_IsoOUTIncomplete
 .text.USBD_LL_DevConnected
                0x080031f4        0x4 ./Middlewares/ST/STM32_USB_Device_Library/Core/Src/usbd_core.o
                0x080031f4                USBD_LL_DevConnected
 .text.USBD_LL_DevDisconnected
                0x080031f8       0x16 ./Middlewares/ST/STM32_USB_Device_Library/Core/Src/usbd_core.o
                0x080031f8                USBD_LL_DevDisconnected
 .text.USBD_ParseSetupRequest
                0x0800320e       0x28 ./Middlewares/ST/STM32_USB_Device_Library/Core/Src/usbd_ctlreq.o
                0x0800320e                USBD_ParseSetupRequest
 .text.USBD_CtlError
                0x08003236       0x16 ./Middlewares/ST/STM32_USB_Device_Library/Core/Src/usbd_ctlreq.o
                0x08003236                USBD_CtlError
 .text.USBD_StdDevReq
                0x0800324c      0x214 ./Middlewares/ST/STM32_USB_Device_Library/Core/Src/usbd_ctlreq.o
                0x0800324c                USBD_StdDevReq
 .text.USBD_StdItfReq
                0x08003460       0x30 ./Middlewares/ST/STM32_USB_Device_Library/Core/Src/usbd_ctlreq.o
                0x08003460                USBD_StdItfReq
 .text.USBD_StdEPReq
                0x08003490       0xc6 ./Middlewares/ST/STM32_USB_Device_Library/Core/Src/usbd_ctlreq.o
                0x08003490                USBD_StdEPReq
 .text.USBD_GetString
                0x08003556       0x38 ./Middlewares/ST/STM32_USB_Device_Library/Core/Src/usbd_ctlreq.o
                0x08003556                USBD_GetString
 .text.USBD_CtlSendData
                0x0800358e       0x1a ./Middlewares/ST/STM32_USB_Device_Library/Core/Src/usbd_ioreq.o
                0x0800358e                USBD_CtlSendData
 .text.USBD_CtlContinueSendData
                0x080035a8       0x10 ./Middlewares/ST/STM32_USB_Device_Library/Core/Src/usbd_ioreq.o
                0x080035a8                USBD_CtlContinueSendData
 .text.USBD_CtlPrepareRx
                0x080035b8       0x1e ./Middlewares/ST/STM32_USB_Device_Library/Core/Src/usbd_ioreq.o
                0x080035b8                USBD_CtlPrepareRx
 .text.USBD_CtlContinueRx
                0x080035d6       0x10 ./Middlewares/ST/STM32_USB_Device_Library/Core/Src/usbd_ioreq.o
                0x080035d6                USBD_CtlContinueRx
 .text.USBD_CtlSendStatus
                0x080035e6       0x16 ./Middlewares/ST/STM32_USB_Device_Library/Core/Src/usbd_ioreq.o
                0x080035e6                USBD_CtlSendStatus
 .text.USBD_CtlReceiveStatus
                0x080035fc       0x16 ./Middlewares/ST/STM32_USB_Device_Library/Core/Src/usbd_ioreq.o
                0x080035fc                USBD_CtlReceiveStatus
 .text.USBD_CDC_DataIn
                0x08003612       0x12 ./Middlewares/ST/STM32_USB_Device_Library/Class/CDC/Src/usbd_cdc.o
 .text.USBD_CDC_EP0_RxReady
                0x08003624       0x28 ./Middlewares/ST/STM32_USB_Device_Library/Class/CDC/Src/usbd_cdc.o
 .text.USBD_CDC_GetFSCfgDesc
                0x0800364c        0xc ./Middlewares/ST/STM32_USB_Device_Library/Class/CDC/Src/usbd_cdc.o
 .text.USBD_CDC_GetHSCfgDesc
                0x08003658        0xc ./Middlewares/ST/STM32_USB_Device_Library/Class/CDC/Src/usbd_cdc.o
 .text.USBD_CDC_GetOtherSpeedCfgDesc
                0x08003664        0xc ./Middlewares/ST/STM32_USB_Device_Library/Class/CDC/Src/usbd_cdc.o
 .text.USBD_CDC_GetDeviceQualifierDescriptor
                0x08003670        0xc ./Middlewares/ST/STM32_USB_Device_Library/Class/CDC/Src/usbd_cdc.o
                0x08003670                USBD_CDC_GetDeviceQualifierDescriptor
 .text.USBD_CDC_DataOut
                0x0800367c       0x2e ./Middlewares/ST/STM32_USB_Device_Library/Class/CDC/Src/usbd_cdc.o
 *fill*         0x080036aa        0x2 
 .text.USBD_CDC_Setup
                0x080036ac       0x6c ./Middlewares/ST/STM32_USB_Device_Library/Class/CDC/Src/usbd_cdc.o
 .text.USBD_CDC_DeInit
                0x08003718       0x3a ./Middlewares/ST/STM32_USB_Device_Library/Class/CDC/Src/usbd_cdc.o
 .text.USBD_CDC_Init
                0x08003752       0x8c ./Middlewares/ST/STM32_USB_Device_Library/Class/CDC/Src/usbd_cdc.o
 .text.USBD_CDC_RegisterInterface
                0x080037de        0xe ./Middlewares/ST/STM32_USB_Device_Library/Class/CDC/Src/usbd_cdc.o
                0x080037de                USBD_CDC_RegisterInterface
 .text.USBD_CDC_SetTxBuffer
                0x080037ec       0x10 ./Middlewares/ST/STM32_USB_Device_Library/Class/CDC/Src/usbd_cdc.o
                0x080037ec                USBD_CDC_SetTxBuffer
 .text.USBD_CDC_SetRxBuffer
                0x080037fc        0xc ./Middlewares/ST/STM32_USB_Device_Library/Class/CDC/Src/usbd_cdc.o
                0x080037fc                USBD_CDC_SetRxBuffer
 .text.USBD_CDC_TransmitPacket
                0x08003808       0x2e ./Middlewares/ST/STM32_USB_Device_Library/Class/CDC/Src/usbd_cdc.o
                0x08003808                USBD_CDC_TransmitPacket
 .text.USBD_CDC_ReceivePacket
                0x08003836       0x26 ./Middlewares/ST/STM32_USB_Device_Library/Class/CDC/Src/usbd_cdc.o
                0x08003836                USBD_CDC_ReceivePacket
 .text          0x0800385c      0x370 c:/arm/toolchain/bin/../lib/gcc/arm-none-eabi/5.2.1/armv7-m\libgcc.a(_arm_addsubdf3.o)
                0x0800385c                __aeabi_drsub
                0x08003864                __aeabi_dsub
                0x08003864                __subdf3
                0x08003868                __aeabi_dadd
                0x08003868                __adddf3
                0x08003ae0                __floatunsidf
                0x08003ae0                __aeabi_ui2d
                0x08003b00                __floatsidf
                0x08003b00                __aeabi_i2d
                0x08003b24                __aeabi_f2d
                0x08003b24                __extendsfdf2
                0x08003b60                __floatundidf
                0x08003b60                __aeabi_ul2d
                0x08003b70                __floatdidf
                0x08003b70                __aeabi_l2d
 .text          0x08003bcc      0x424 c:/arm/toolchain/bin/../lib/gcc/arm-none-eabi/5.2.1/armv7-m\libgcc.a(_arm_muldivdf3.o)
                0x08003bcc                __aeabi_dmul
                0x08003bcc                __muldf3
                0x08003e20                __divdf3
                0x08003e20                __aeabi_ddiv
 .text          0x08003ff0       0x40 c:/arm/toolchain/bin/../lib/gcc/arm-none-eabi/5.2.1/armv7-m\libgcc.a(_arm_fixunsdfsi.o)
                0x08003ff0                __aeabi_d2uiz
                0x08003ff0                __fixunsdfsi
 .text.__errno  0x08004030        0xc c:/arm/toolchain/bin/../lib/gcc/arm-none-eabi/5.2.1/../../../../arm-none-eabi/lib/armv7-m\libg_nano.a(lib_a-errno.o)
                0x08004030                __errno
 .text.malloc   0x0800403c       0x10 c:/arm/toolchain/bin/../lib/gcc/arm-none-eabi/5.2.1/../../../../arm-none-eabi/lib/armv7-m\libg_nano.a(lib_a-malloc.o)
                0x0800403c                malloc
 .text.free     0x0800404c       0x10 c:/arm/toolchain/bin/../lib/gcc/arm-none-eabi/5.2.1/../../../../arm-none-eabi/lib/armv7-m\libg_nano.a(lib_a-malloc.o)
                0x0800404c                free
 .text.memcpy   0x0800405c       0x16 c:/arm/toolchain/bin/../lib/gcc/arm-none-eabi/5.2.1/../../../../arm-none-eabi/lib/armv7-m\libg_nano.a(lib_a-memcpy-stub.o)
                0x0800405c                memcpy
 .text.memset   0x08004072       0x10 c:/arm/toolchain/bin/../lib/gcc/arm-none-eabi/5.2.1/../../../../arm-none-eabi/lib/armv7-m\libg_nano.a(lib_a-memset.o)
                0x08004072                memset
 *fill*         0x08004082        0x2 
 .text._free_r  0x08004084       0x88 c:/arm/toolchain/bin/../lib/gcc/arm-none-eabi/5.2.1/../../../../arm-none-eabi/lib/armv7-m\libg_nano.a(lib_a-nano-freer.o)
                0x08004084                _free_r
 .text._malloc_r
                0x0800410c       0xa8 c:/arm/toolchain/bin/../lib/gcc/arm-none-eabi/5.2.1/../../../../arm-none-eabi/lib/armv7-m\libg_nano.a(lib_a-nano-mallocr.o)
                0x0800410c                _malloc_r
 .text._sbrk_r  0x080041b4       0x20 c:/arm/toolchain/bin/../lib/gcc/arm-none-eabi/5.2.1/../../../../arm-none-eabi/lib/armv7-m\libg_nano.a(lib_a-sbrkr.o)
                0x080041b4                _sbrk_r
 .text.sprintf  0x080041d4       0x48 c:/arm/toolchain/bin/../lib/gcc/arm-none-eabi/5.2.1/../../../../arm-none-eabi/lib/armv7-m\libg_nano.a(lib_a-sprintf.o)
                0x080041d4                siprintf
                0x080041d4                sprintf
 .text          0x0800421c       0x14 c:/arm/toolchain/bin/../lib/gcc/arm-none-eabi/5.2.1/../../../../arm-none-eabi/lib/armv7-m\libg_nano.a(lib_a-strcmp.o)
                0x0800421c                strcmp
 .text          0x08004230       0x10 c:/arm/toolchain/bin/../lib/gcc/arm-none-eabi/5.2.1/../../../../arm-none-eabi/lib/armv7-m\libg_nano.a(lib_a-strlen.o)
                0x08004230                strlen
 .text.__ssputs_r
                0x08004240       0xb2 c:/arm/toolchain/bin/../lib/gcc/arm-none-eabi/5.2.1/../../../../arm-none-eabi/lib/armv7-m\libg_nano.a(lib_a-nano-svfprintf.o)
                0x08004240                __ssputs_r
 *fill*         0x080042f2        0x2 
 .text._svfprintf_r
                0x080042f4      0x1e8 c:/arm/toolchain/bin/../lib/gcc/arm-none-eabi/5.2.1/../../../../arm-none-eabi/lib/armv7-m\libg_nano.a(lib_a-nano-svfprintf.o)
                0x080042f4                _svfiprintf_r
                0x080042f4                _svfprintf_r
 .text._printf_common
                0x080044dc       0xec c:/arm/toolchain/bin/../lib/gcc/arm-none-eabi/5.2.1/../../../../arm-none-eabi/lib/armv7-m\libg_nano.a(lib_a-nano-vfprintf_i.o)
                0x080044dc                _printf_common
 .text._printf_i
                0x080045c8      0x24c c:/arm/toolchain/bin/../lib/gcc/arm-none-eabi/5.2.1/../../../../arm-none-eabi/lib/armv7-m\libg_nano.a(lib_a-nano-vfprintf_i.o)
                0x080045c8                _printf_i
 .text.memchr   0x08004814       0x1c c:/arm/toolchain/bin/../lib/gcc/arm-none-eabi/5.2.1/../../../../arm-none-eabi/lib/armv7-m\libg_nano.a(lib_a-memchr-stub.o)
                0x08004814                memchr
 .text.memmove  0x08004830       0x36 c:/arm/toolchain/bin/../lib/gcc/arm-none-eabi/5.2.1/../../../../arm-none-eabi/lib/armv7-m\libg_nano.a(lib_a-memmove.o)
                0x08004830                memmove
 .text._realloc_r
                0x08004866       0x4c c:/arm/toolchain/bin/../lib/gcc/arm-none-eabi/5.2.1/../../../../arm-none-eabi/lib/armv7-m\libg_nano.a(lib_a-nano-reallocr.o)
                0x08004866                _realloc_r
 .text._malloc_usable_size_r
                0x080048b2       0x14 c:/arm/toolchain/bin/../lib/gcc/arm-none-eabi/5.2.1/../../../../arm-none-eabi/lib/armv7-m\libg_nano.a(lib_a-nano-msizer.o)
                0x080048b2                _malloc_usable_size_r
 *(.rodata .rodata.* .constdata .constdata.*)
 .rodata.APBAHBPrescTable
                0x080048c6       0x10 ./system/src/stm32f2xx/stm32f2xx_hal_rcc.o
                0x080048c6                APBAHBPrescTable
 .rodata.AHBPrescTable
                0x080048d6       0x10 ./system/src/cmsis/system_stm32f2xx.o
                0x080048d6                AHBPrescTable
 .rodata.str1.1
                0x080048e6       0x92 ./src/gcode.o
                                 0x99 (size before relaxing)
 .rodata.str1.1
                0x08004978        0x5 ./src/usbd_cdc_if.o
 .rodata.str1.1
                0x0800497d       0x4f ./src/usbd_desc.o
 .rodata.str1.1
                0x080049cc        0x2 c:/arm/toolchain/bin/../lib/gcc/arm-none-eabi/5.2.1/../../../../arm-none-eabi/lib/armv7-m\libg_nano.a(lib_a-impure.o)
 .rodata.str1.1
                0x080049ce       0x11 c:/arm/toolchain/bin/../lib/gcc/arm-none-eabi/5.2.1/../../../../arm-none-eabi/lib/armv7-m\libg_nano.a(lib_a-nano-svfprintf.o)
 .rodata.str1.1
                0x080049df       0x22 c:/arm/toolchain/bin/../lib/gcc/arm-none-eabi/5.2.1/../../../../arm-none-eabi/lib/armv7-m\libg_nano.a(lib_a-nano-vfprintf_i.o)
 *(vtable)
 *(.eh_frame*)
 *(.glue_7)
 .glue_7        0x08004a01        0x0 linker stubs
 *(.glue_7t)
 .glue_7t       0x08004a01        0x0 linker stubs

.vfp11_veneer   0x08004a04        0x0
 .vfp11_veneer  0x08004a04        0x0 linker stubs

.v4_bx          0x08004a04        0x0
 .v4_bx         0x08004a04        0x0 linker stubs

.iplt           0x08004a04        0x0
 .iplt          0x08004a04        0x0 ./system/src/stm32f2xx/stm32f2xx_hal.o

.rel.dyn        0x08004a04        0x0
 .rel.iplt      0x08004a04        0x0 ./system/src/stm32f2xx/stm32f2xx_hal.o

.ARM.extab
 *(.ARM.extab* .gnu.linkonce.armextab.*)
                0x08004a04                . = ALIGN (0x4)
                0x08004a04                __exidx_start = .

.ARM.exidx
 *(.ARM.exidx* .gnu.linkonce.armexidx.*)
                0x08004a04                __exidx_end = .
                0x08004a04                . = ALIGN (0x4)
                0x08004a04                _etext = .
                0x08004a04                __etext = .

.data_CCMRAM    0x10000000        0x0 load address 0x08004a04
 FILL mask 0xff
 *(.data.CCMRAM .data.CCMRAM.*)
                0x10000000                . = ALIGN (0x4)
                0x08004a04                _sidata = LOADADDR (.data)

.data           0x20000000      0x1c4 load address 0x08004a04
 FILL mask 0xff
                0x20000000                _sdata = .
                0x20000000                __data_start__ = .
 *(.data_begin .data_begin.*)
 *(.data .data.*)
 .data.argv.4231
                0x20000000        0x8 ./system/src/newlib/_syscalls.o
 .data.SystemCoreClock
                0x20000008        0x4 ./system/src/cmsis/system_stm32f2xx.o
                0x20000008                SystemCoreClock
 .data.USBD_Interface_fops_FS
                0x2000000c       0x10 ./src/usbd_cdc_if.o
                0x2000000c                USBD_Interface_fops_FS
 .data.FS_Desc  0x2000001c       0x1c ./src/usbd_desc.o
                0x2000001c                FS_Desc
 .data.USBD_LangIDDesc
                0x20000038        0x4 ./src/usbd_desc.o
                0x20000038                USBD_LangIDDesc
 .data.USBD_FS_DeviceDesc
                0x2000003c       0x12 ./src/usbd_desc.o
                0x2000003c                USBD_FS_DeviceDesc
 *fill*         0x2000004e        0x2 ff
 .data.USBD_CDC_CfgFSDesc
                0x20000050       0x43 ./Middlewares/ST/STM32_USB_Device_Library/Class/CDC/Src/usbd_cdc.o
                0x20000050                USBD_CDC_CfgFSDesc
 *fill*         0x20000093        0x1 ff
 .data.USBD_CDC
                0x20000094       0x38 ./Middlewares/ST/STM32_USB_Device_Library/Class/CDC/Src/usbd_cdc.o
                0x20000094                USBD_CDC
 .data.USBD_CDC_DeviceQualifierDesc
                0x200000cc        0xa ./Middlewares/ST/STM32_USB_Device_Library/Class/CDC/Src/usbd_cdc.o
 *fill*         0x200000d6        0x2 ff
 .data.USBD_CDC_OtherSpeedCfgDesc
                0x200000d8       0x43 ./Middlewares/ST/STM32_USB_Device_Library/Class/CDC/Src/usbd_cdc.o
                0x200000d8                USBD_CDC_OtherSpeedCfgDesc
 *fill*         0x2000011b        0x1 ff
 .data.USBD_CDC_CfgHSDesc
                0x2000011c       0x43 ./Middlewares/ST/STM32_USB_Device_Library/Class/CDC/Src/usbd_cdc.o
                0x2000011c                USBD_CDC_CfgHSDesc
 *fill*         0x2000015f        0x1 ff
 .data.impure_data
                0x20000160       0x60 c:/arm/toolchain/bin/../lib/gcc/arm-none-eabi/5.2.1/../../../../arm-none-eabi/lib/armv7-m\libg_nano.a(lib_a-impure.o)
 .data._impure_ptr
                0x200001c0        0x4 c:/arm/toolchain/bin/../lib/gcc/arm-none-eabi/5.2.1/../../../../arm-none-eabi/lib/armv7-m\libg_nano.a(lib_a-impure.o)
                0x200001c0                _impure_ptr
 *(.data_end .data_end.*)
                0x200001c4                . = ALIGN (0x4)
                0x200001c4                _edata = .
                0x200001c4                __data_end__ = .

.igot.plt       0x200001c4        0x0 load address 0x08004bc8
 .igot.plt      0x200001c4        0x0 ./system/src/stm32f2xx/stm32f2xx_hal.o

.bss_CCMRAM     0x10000000        0x0
 *(.bss.CCMRAM .bss.CCMRAM.*)

.bss            0x200001c4      0xa48
                0x200001c4                __bss_start__ = .
                0x200001c4                _sbss = .
 *(.bss_begin .bss_begin.*)
 *(.bss .bss.*)
 .bss.uwTick    0x200001c4        0x4 ./system/src/stm32f2xx/stm32f2xx_hal.o
 .bss.current_heap_end.3942
                0x200001c8        0x4 ./system/src/newlib/_sbrk.o
 .bss.name.4230
                0x200001cc        0x1 ./system/src/newlib/_syscalls.o
 .bss.cfgidx.7980
                0x200001cd        0x1 ./Middlewares/ST/STM32_USB_Device_Library/Core/Src/usbd_ctlreq.o
 .bss.ifalt.7975
                0x200001ce        0x1 ./Middlewares/ST/STM32_USB_Device_Library/Class/CDC/Src/usbd_cdc.o
 *fill*         0x200001cf        0x1 
 .bss.__malloc_sbrk_start
                0x200001d0        0x4 c:/arm/toolchain/bin/../lib/gcc/arm-none-eabi/5.2.1/../../../../arm-none-eabi/lib/armv7-m\libg_nano.a(lib_a-nano-mallocr.o)
                0x200001d0                __malloc_sbrk_start
 .bss.__malloc_free_list
                0x200001d4        0x4 c:/arm/toolchain/bin/../lib/gcc/arm-none-eabi/5.2.1/../../../../arm-none-eabi/lib/armv7-m\libg_nano.a(lib_a-nano-mallocr.o)
                0x200001d4                __malloc_free_list
 *(COMMON)
 COMMON         0x200001d8        0x4 ./system/src/newlib/_syscalls.o
                0x200001d8                errno
 COMMON         0x200001dc       0x50 ./src/gcode.o
                0x200001dc                g_uiCommand
 COMMON         0x2000022c       0x78 ./src/main.o
                0x2000022c                hi2c1
                0x20000268                htim3
 COMMON         0x200002a4      0x224 ./src/usb_device.o
                0x200002a4                hUsbDeviceFS
 COMMON         0x200004c8      0x194 ./src/usbd_cdc_if.o
                0x200004c8                hUsbDevice_0
                0x200004cc                UserRxBufferFS
                0x200004d0                stRxBuffer
                0x200005d8                UserTxBufferFS
                0x200005dc                uiTxBuffer
 COMMON         0x2000065c      0x3b0 ./src/usbd_conf.o
                0x2000065c                hpcd_USB_OTG_FS
 COMMON         0x20000a0c      0x200 ./src/usbd_desc.o
                0x20000a0c                USBD_StrDesc
 *(.bss_end .bss_end.*)
                0x20000c0c                . = ALIGN (0x4)
                0x20000c0c                __bss_end__ = .
                0x20000c0c                _ebss = .

.noinit_CCMRAM
 *(.noinit.CCMRAM .noinit.CCMRAM.*)

.noinit         0x20000c0c        0x0
                0x20000c0c                _noinit = .
 *(.noinit .noinit.*)
                0x20000c0c                . = ALIGN (0x4)
                0x20000c0c                _end_noinit = .
                [!provide]                PROVIDE (end, _end_noinit)
                [!provide]                PROVIDE (_end, _end_noinit)
                [!provide]                PROVIDE (__end, _end_noinit)
                [!provide]                PROVIDE (__end__, _end_noinit)

._check_stack   0x20000c0c      0x100
                0x20000d0c                . = (. + _Minimum_Stack_Size)
 *fill*         0x20000c0c      0x100 

.b1text
 *(.b1text)
 *(.b1rodata)
 *(.b1rodata.*)

.eb0text
 *(.eb0text)
 *(.eb0rodata)
 *(.eb0rodata.*)

.eb1text
 *(.eb1text)
 *(.eb1rodata)
 *(.eb1rodata.*)

.eb2text
 *(.eb2text)
 *(.eb2rodata)
 *(.eb2rodata.*)

.eb3text
 *(.eb3text)
 *(.eb3rodata)
 *(.eb3rodata.*)

.stab
 *(.stab)

.stabstr
 *(.stabstr)

.stab.excl
 *(.stab.excl)

.stab.exclstr
 *(.stab.exclstr)

.stab.index
 *(.stab.index)

.stab.indexstr
 *(.stab.indexstr)

.comment        0x00000000       0x6e
 *(.comment)
 .comment       0x00000000       0x6e ./system/src/stm32f2xx/stm32f2xx_hal.o
                                 0x6f (size before relaxing)
 .comment       0x0000006e       0x6f ./system/src/stm32f2xx/stm32f2xx_hal_cortex.o
 .comment       0x0000006e       0x6f ./system/src/stm32f2xx/stm32f2xx_hal_gpio.o
 .comment       0x0000006e       0x6f ./system/src/stm32f2xx/stm32f2xx_hal_i2c.o
 .comment       0x0000006e       0x6f ./system/src/stm32f2xx/stm32f2xx_hal_pcd.o
 .comment       0x0000006e       0x6f ./system/src/stm32f2xx/stm32f2xx_hal_pcd_ex.o
 .comment       0x0000006e       0x6f ./system/src/stm32f2xx/stm32f2xx_hal_rcc.o
 .comment       0x0000006e       0x6f ./system/src/stm32f2xx/stm32f2xx_hal_tim.o
 .comment       0x0000006e       0x6f ./system/src/stm32f2xx/stm32f2xx_hal_tim_ex.o
 .comment       0x0000006e       0x6f ./system/src/stm32f2xx/stm32f2xx_ll_usb.o
 .comment       0x0000006e       0x6f ./system/src/newlib/_exit.o
 .comment       0x0000006e       0x6f ./system/src/newlib/_sbrk.o
 .comment       0x0000006e       0x6f ./system/src/newlib/_startup.o
 .comment       0x0000006e       0x6f ./system/src/newlib/_syscalls.o
 .comment       0x0000006e       0x6f ./system/src/cortexm/_initialize_hardware.o
 .comment       0x0000006e       0x6f ./system/src/cortexm/_reset_hardware.o
 .comment       0x0000006e       0x6f ./system/src/cortexm/exception_handlers.o
 .comment       0x0000006e       0x6f ./system/src/cmsis/system_stm32f2xx.o
 .comment       0x0000006e       0x6f ./src/gcode.o
 .comment       0x0000006e       0x6f ./src/main.o
 .comment       0x0000006e       0x6f ./src/stm32f2xx_hal_msp.o
 .comment       0x0000006e       0x6f ./src/stm32f2xx_it.o
 .comment       0x0000006e       0x6f ./src/usb_device.o
 .comment       0x0000006e       0x6f ./src/usbd_cdc_if.o
 .comment       0x0000006e       0x6f ./src/usbd_conf.o
 .comment       0x0000006e       0x6f ./src/usbd_desc.o
 .comment       0x0000006e       0x6f ./Middlewares/ST/STM32_USB_Device_Library/Core/Src/usbd_core.o
 .comment       0x0000006e       0x6f ./Middlewares/ST/STM32_USB_Device_Library/Core/Src/usbd_ctlreq.o
 .comment       0x0000006e       0x6f ./Middlewares/ST/STM32_USB_Device_Library/Core/Src/usbd_ioreq.o
 .comment       0x0000006e       0x6f ./Middlewares/ST/STM32_USB_Device_Library/Class/CDC/Src/usbd_cdc.o

.ARM.attributes
                0x00000000       0x31
 .ARM.attributes
                0x00000000       0x33 ./system/src/stm32f2xx/stm32f2xx_hal.o
 .ARM.attributes
                0x00000033       0x33 ./system/src/stm32f2xx/stm32f2xx_hal_cortex.o
 .ARM.attributes
                0x00000066       0x33 ./system/src/stm32f2xx/stm32f2xx_hal_gpio.o
 .ARM.attributes
                0x00000099       0x33 ./system/src/stm32f2xx/stm32f2xx_hal_i2c.o
 .ARM.attributes
                0x000000cc       0x33 ./system/src/stm32f2xx/stm32f2xx_hal_pcd.o
 .ARM.attributes
                0x000000ff       0x33 ./system/src/stm32f2xx/stm32f2xx_hal_pcd_ex.o
 .ARM.attributes
                0x00000132       0x33 ./system/src/stm32f2xx/stm32f2xx_hal_rcc.o
 .ARM.attributes
                0x00000165       0x33 ./system/src/stm32f2xx/stm32f2xx_hal_tim.o
 .ARM.attributes
                0x00000198       0x33 ./system/src/stm32f2xx/stm32f2xx_hal_tim_ex.o
 .ARM.attributes
                0x000001cb       0x33 ./system/src/stm32f2xx/stm32f2xx_ll_usb.o
 .ARM.attributes
                0x000001fe       0x33 ./system/src/newlib/_exit.o
 .ARM.attributes
                0x00000231       0x33 ./system/src/newlib/_sbrk.o
 .ARM.attributes
                0x00000264       0x33 ./system/src/newlib/_startup.o
 .ARM.attributes
                0x00000297       0x33 ./system/src/newlib/_syscalls.o
 .ARM.attributes
                0x000002ca       0x33 ./system/src/cortexm/_initialize_hardware.o
 .ARM.attributes
                0x000002fd       0x33 ./system/src/cortexm/_reset_hardware.o
 .ARM.attributes
                0x00000330       0x33 ./system/src/cortexm/exception_handlers.o
 .ARM.attributes
                0x00000363       0x21 ./system/src/cmsis/startup_stm32f205xx.o
 .ARM.attributes
                0x00000384       0x33 ./system/src/cmsis/system_stm32f2xx.o
 .ARM.attributes
                0x000003b7       0x33 ./src/gcode.o
 .ARM.attributes
                0x000003ea       0x33 ./src/main.o
 .ARM.attributes
                0x0000041d       0x33 ./src/stm32f2xx_hal_msp.o
 .ARM.attributes
                0x00000450       0x33 ./src/stm32f2xx_it.o
 .ARM.attributes
                0x00000483       0x33 ./src/usb_device.o
 .ARM.attributes
                0x000004b6       0x33 ./src/usbd_cdc_if.o
 .ARM.attributes
                0x000004e9       0x33 ./src/usbd_conf.o
 .ARM.attributes
                0x0000051c       0x33 ./src/usbd_desc.o
 .ARM.attributes
                0x0000054f       0x33 ./Middlewares/ST/STM32_USB_Device_Library/Core/Src/usbd_core.o
 .ARM.attributes
                0x00000582       0x33 ./Middlewares/ST/STM32_USB_Device_Library/Core/Src/usbd_ctlreq.o
 .ARM.attributes
                0x000005b5       0x33 ./Middlewares/ST/STM32_USB_Device_Library/Core/Src/usbd_ioreq.o
 .ARM.attributes
                0x000005e8       0x33 ./Middlewares/ST/STM32_USB_Device_Library/Class/CDC/Src/usbd_cdc.o
 .ARM.attributes
                0x0000061b       0x1d c:/arm/toolchain/bin/../lib/gcc/arm-none-eabi/5.2.1/armv7-m\libgcc.a(_arm_addsubdf3.o)
 .ARM.attributes
                0x00000638       0x1d c:/arm/toolchain/bin/../lib/gcc/arm-none-eabi/5.2.1/armv7-m\libgcc.a(_arm_muldivdf3.o)
 .ARM.attributes
                0x00000655       0x1d c:/arm/toolchain/bin/../lib/gcc/arm-none-eabi/5.2.1/armv7-m\libgcc.a(_arm_fixunsdfsi.o)
 .ARM.attributes
                0x00000672       0x2d c:/arm/toolchain/bin/../lib/gcc/arm-none-eabi/5.2.1/../../../../arm-none-eabi/lib/armv7-m\libg_nano.a(lib_a-errno.o)
 .ARM.attributes
                0x0000069f       0x2d c:/arm/toolchain/bin/../lib/gcc/arm-none-eabi/5.2.1/../../../../arm-none-eabi/lib/armv7-m\libg_nano.a(lib_a-impure.o)
 .ARM.attributes
                0x000006cc       0x2d c:/arm/toolchain/bin/../lib/gcc/arm-none-eabi/5.2.1/../../../../arm-none-eabi/lib/armv7-m\libg_nano.a(lib_a-malloc.o)
 .ARM.attributes
                0x000006f9       0x2d c:/arm/toolchain/bin/../lib/gcc/arm-none-eabi/5.2.1/../../../../arm-none-eabi/lib/armv7-m\libg_nano.a(lib_a-memcpy-stub.o)
 .ARM.attributes
                0x00000726       0x2d c:/arm/toolchain/bin/../lib/gcc/arm-none-eabi/5.2.1/../../../../arm-none-eabi/lib/armv7-m\libg_nano.a(lib_a-memset.o)
 .ARM.attributes
                0x00000753       0x2d c:/arm/toolchain/bin/../lib/gcc/arm-none-eabi/5.2.1/../../../../arm-none-eabi/lib/armv7-m\libg_nano.a(lib_a-nano-freer.o)
 .ARM.attributes
                0x00000780       0x2d c:/arm/toolchain/bin/../lib/gcc/arm-none-eabi/5.2.1/../../../../arm-none-eabi/lib/armv7-m\libg_nano.a(lib_a-nano-mallocr.o)
 .ARM.attributes
                0x000007ad       0x2d c:/arm/toolchain/bin/../lib/gcc/arm-none-eabi/5.2.1/../../../../arm-none-eabi/lib/armv7-m\libg_nano.a(lib_a-sbrkr.o)
 .ARM.attributes
                0x000007da       0x2d c:/arm/toolchain/bin/../lib/gcc/arm-none-eabi/5.2.1/../../../../arm-none-eabi/lib/armv7-m\libg_nano.a(lib_a-sprintf.o)
 .ARM.attributes
                0x00000807       0x1b c:/arm/toolchain/bin/../lib/gcc/arm-none-eabi/5.2.1/../../../../arm-none-eabi/lib/armv7-m\libg_nano.a(lib_a-strcmp.o)
 .ARM.attributes
                0x00000822       0x17 c:/arm/toolchain/bin/../lib/gcc/arm-none-eabi/5.2.1/../../../../arm-none-eabi/lib/armv7-m\libg_nano.a(lib_a-strlen.o)
 .ARM.attributes
                0x00000839       0x2d c:/arm/toolchain/bin/../lib/gcc/arm-none-eabi/5.2.1/../../../../arm-none-eabi/lib/armv7-m\libg_nano.a(lib_a-nano-svfprintf.o)
 .ARM.attributes
                0x00000866       0x2d c:/arm/toolchain/bin/../lib/gcc/arm-none-eabi/5.2.1/../../../../arm-none-eabi/lib/armv7-m\libg_nano.a(lib_a-nano-vfprintf_i.o)
 .ARM.attributes
                0x00000893       0x2d c:/arm/toolchain/bin/../lib/gcc/arm-none-eabi/5.2.1/../../../../arm-none-eabi/lib/armv7-m\libg_nano.a(lib_a-memchr-stub.o)
 .ARM.attributes
                0x000008c0       0x2d c:/arm/toolchain/bin/../lib/gcc/arm-none-eabi/5.2.1/../../../../arm-none-eabi/lib/armv7-m\libg_nano.a(lib_a-memmove.o)
 .ARM.attributes
                0x000008ed       0x2d c:/arm/toolchain/bin/../lib/gcc/arm-none-eabi/5.2.1/../../../../arm-none-eabi/lib/armv7-m\libg_nano.a(lib_a-nano-reallocr.o)
 .ARM.attributes
                0x0000091a       0x2d c:/arm/toolchain/bin/../lib/gcc/arm-none-eabi/5.2.1/../../../../arm-none-eabi/lib/armv7-m\libg_nano.a(lib_a-nano-msizer.o)

.debug
 *(.debug)

.line
 *(.line)

.debug_srcinfo
 *(.debug_srcinfo)

.debug_sfnames
 *(.debug_sfnames)

.debug_aranges  0x00000000      0xf48
 *(.debug_aranges)
 .debug_aranges
                0x00000000       0xb8 ./system/src/stm32f2xx/stm32f2xx_hal.o
 .debug_aranges
                0x000000b8       0x98 ./system/src/stm32f2xx/stm32f2xx_hal_cortex.o
 .debug_aranges
                0x00000150       0x58 ./system/src/stm32f2xx/stm32f2xx_hal_gpio.o
 .debug_aranges
                0x000001a8      0x150 ./system/src/stm32f2xx/stm32f2xx_hal_i2c.o
 .debug_aranges
                0x000002f8       0xc0 ./system/src/stm32f2xx/stm32f2xx_hal_pcd.o
 .debug_aranges
                0x000003b8       0x28 ./system/src/stm32f2xx/stm32f2xx_hal_pcd_ex.o
 .debug_aranges
                0x000003e0       0x88 ./system/src/stm32f2xx/stm32f2xx_hal_rcc.o
 .debug_aranges
                0x00000468      0x250 ./system/src/stm32f2xx/stm32f2xx_hal_tim.o
 .debug_aranges
                0x000006b8       0xf0 ./system/src/stm32f2xx/stm32f2xx_hal_tim_ex.o
 .debug_aranges
                0x000007a8      0x180 ./system/src/stm32f2xx/stm32f2xx_ll_usb.o
 .debug_aranges
                0x00000928       0x28 ./system/src/newlib/_exit.o
 .debug_aranges
                0x00000950       0x20 ./system/src/newlib/_sbrk.o
 .debug_aranges
                0x00000970       0x40 ./system/src/newlib/_startup.o
 .debug_aranges
                0x000009b0       0x30 ./system/src/newlib/_syscalls.o
 .debug_aranges
                0x000009e0       0x28 ./system/src/cortexm/_initialize_hardware.o
 .debug_aranges
                0x00000a08       0x20 ./system/src/cortexm/_reset_hardware.o
 .debug_aranges
                0x00000a28       0x80 ./system/src/cortexm/exception_handlers.o
 .debug_aranges
                0x00000aa8       0x28 ./system/src/cmsis/startup_stm32f205xx.o
 .debug_aranges
                0x00000ad0       0x28 ./system/src/cmsis/system_stm32f2xx.o
 .debug_aranges
                0x00000af8       0x30 ./src/gcode.o
 .debug_aranges
                0x00000b28       0x28 ./src/main.o
 .debug_aranges
                0x00000b50       0x48 ./src/stm32f2xx_hal_msp.o
 .debug_aranges
                0x00000b98       0x28 ./src/stm32f2xx_it.o
 .debug_aranges
                0x00000bc0       0x20 ./src/usb_device.o
 .debug_aranges
                0x00000be0       0x50 ./src/usbd_cdc_if.o
 .debug_aranges
                0x00000c30       0xf8 ./src/usbd_conf.o
 .debug_aranges
                0x00000d28       0x50 ./src/usbd_desc.o
 .debug_aranges
                0x00000d78       0xa8 ./Middlewares/ST/STM32_USB_Device_Library/Core/Src/usbd_core.o
 .debug_aranges
                0x00000e20       0x48 ./Middlewares/ST/STM32_USB_Device_Library/Core/Src/usbd_ctlreq.o
 .debug_aranges
                0x00000e68       0x50 ./Middlewares/ST/STM32_USB_Device_Library/Core/Src/usbd_ioreq.o
 .debug_aranges
                0x00000eb8       0x90 ./Middlewares/ST/STM32_USB_Device_Library/Class/CDC/Src/usbd_cdc.o

.debug_pubnames
 *(.debug_pubnames)

.debug_info     0x00000000    0x15fd6
 *(.debug_info .gnu.linkonce.wi.*)
 .debug_info    0x00000000      0x8bb ./system/src/stm32f2xx/stm32f2xx_hal.o
 .debug_info    0x000008bb      0xe49 ./system/src/stm32f2xx/stm32f2xx_hal_cortex.o
 .debug_info    0x00001704      0x701 ./system/src/stm32f2xx/stm32f2xx_hal_gpio.o
 .debug_info    0x00001e05     0x2753 ./system/src/stm32f2xx/stm32f2xx_hal_i2c.o
 .debug_info    0x00004558     0x124e ./system/src/stm32f2xx/stm32f2xx_hal_pcd.o
 .debug_info    0x000057a6      0x537 ./system/src/stm32f2xx/stm32f2xx_hal_pcd_ex.o
 .debug_info    0x00005cdd      0xcbf ./system/src/stm32f2xx/stm32f2xx_hal_rcc.o
 .debug_info    0x0000699c     0x2e99 ./system/src/stm32f2xx/stm32f2xx_hal_tim.o
 .debug_info    0x00009835      0xf60 ./system/src/stm32f2xx/stm32f2xx_hal_tim_ex.o
 .debug_info    0x0000a795     0x16ae ./system/src/stm32f2xx/stm32f2xx_ll_usb.o
 .debug_info    0x0000be43      0x104 ./system/src/newlib/_exit.o
 .debug_info    0x0000bf47      0x11b ./system/src/newlib/_sbrk.o
 .debug_info    0x0000c062      0x3f2 ./system/src/newlib/_startup.o
 .debug_info    0x0000c454      0x1b8 ./system/src/newlib/_syscalls.o
 .debug_info    0x0000c60c      0x298 ./system/src/cortexm/_initialize_hardware.o
 .debug_info    0x0000c8a4      0x2aa ./system/src/cortexm/_reset_hardware.o
 .debug_info    0x0000cb4e      0x26f ./system/src/cortexm/exception_handlers.o
 .debug_info    0x0000cdbd       0x81 ./system/src/cmsis/startup_stm32f205xx.o
 .debug_info    0x0000ce3e      0x47d ./system/src/cmsis/system_stm32f2xx.o
 .debug_info    0x0000d2bb      0xfe4 ./src/gcode.o
 .debug_info    0x0000e29f     0x155c ./src/main.o
 .debug_info    0x0000f7fb      0xdec ./src/stm32f2xx_hal_msp.o
 .debug_info    0x000105e7      0x4de ./src/stm32f2xx_it.o
 .debug_info    0x00010ac5      0x5de ./src/usb_device.o
 .debug_info    0x000110a3      0x8a4 ./src/usbd_cdc_if.o
 .debug_info    0x00011947     0x17db ./src/usbd_conf.o
 .debug_info    0x00013122      0x4a9 ./src/usbd_desc.o
 .debug_info    0x000135cb      0xb81 ./Middlewares/ST/STM32_USB_Device_Library/Core/Src/usbd_core.o
 .debug_info    0x0001414c      0xb6f ./Middlewares/ST/STM32_USB_Device_Library/Core/Src/usbd_ctlreq.o
 .debug_info    0x00014cbb      0x709 ./Middlewares/ST/STM32_USB_Device_Library/Core/Src/usbd_ioreq.o
 .debug_info    0x000153c4      0xc12 ./Middlewares/ST/STM32_USB_Device_Library/Class/CDC/Src/usbd_cdc.o

.debug_abbrev   0x00000000     0x3a21
 *(.debug_abbrev)
 .debug_abbrev  0x00000000      0x231 ./system/src/stm32f2xx/stm32f2xx_hal.o
 .debug_abbrev  0x00000231      0x32f ./system/src/stm32f2xx/stm32f2xx_hal_cortex.o
 .debug_abbrev  0x00000560      0x1c8 ./system/src/stm32f2xx/stm32f2xx_hal_gpio.o
 .debug_abbrev  0x00000728      0x2c2 ./system/src/stm32f2xx/stm32f2xx_hal_i2c.o
 .debug_abbrev  0x000009ea      0x2dc ./system/src/stm32f2xx/stm32f2xx_hal_pcd.o
 .debug_abbrev  0x00000cc6      0x16f ./system/src/stm32f2xx/stm32f2xx_hal_pcd_ex.o
 .debug_abbrev  0x00000e35      0x2b9 ./system/src/stm32f2xx/stm32f2xx_hal_rcc.o
 .debug_abbrev  0x000010ee      0x322 ./system/src/stm32f2xx/stm32f2xx_hal_tim.o
 .debug_abbrev  0x00001410      0x270 ./system/src/stm32f2xx/stm32f2xx_hal_tim_ex.o
 .debug_abbrev  0x00001680      0x2de ./system/src/stm32f2xx/stm32f2xx_ll_usb.o
 .debug_abbrev  0x0000195e       0xbb ./system/src/newlib/_exit.o
 .debug_abbrev  0x00001a19       0xb6 ./system/src/newlib/_sbrk.o
 .debug_abbrev  0x00001acf      0x19e ./system/src/newlib/_startup.o
 .debug_abbrev  0x00001c6d       0xe9 ./system/src/newlib/_syscalls.o
 .debug_abbrev  0x00001d56       0xf5 ./system/src/cortexm/_initialize_hardware.o
 .debug_abbrev  0x00001e4b       0xfc ./system/src/cortexm/_reset_hardware.o
 .debug_abbrev  0x00001f47       0xdc ./system/src/cortexm/exception_handlers.o
 .debug_abbrev  0x00002023       0x12 ./system/src/cmsis/startup_stm32f205xx.o
 .debug_abbrev  0x00002035      0x101 ./system/src/cmsis/system_stm32f2xx.o
 .debug_abbrev  0x00002136      0x228 ./src/gcode.o
 .debug_abbrev  0x0000235e      0x286 ./src/main.o
 .debug_abbrev  0x000025e4      0x1d2 ./src/stm32f2xx_hal_msp.o
 .debug_abbrev  0x000027b6      0x17d ./src/stm32f2xx_it.o
 .debug_abbrev  0x00002933      0x170 ./src/usb_device.o
 .debug_abbrev  0x00002aa3      0x27c ./src/usbd_cdc_if.o
 .debug_abbrev  0x00002d1f      0x286 ./src/usbd_conf.o
 .debug_abbrev  0x00002fa5      0x19d ./src/usbd_desc.o
 .debug_abbrev  0x00003142      0x270 ./Middlewares/ST/STM32_USB_Device_Library/Core/Src/usbd_core.o
 .debug_abbrev  0x000033b2      0x2c4 ./Middlewares/ST/STM32_USB_Device_Library/Core/Src/usbd_ctlreq.o
 .debug_abbrev  0x00003676      0x155 ./Middlewares/ST/STM32_USB_Device_Library/Core/Src/usbd_ioreq.o
 .debug_abbrev  0x000037cb      0x256 ./Middlewares/ST/STM32_USB_Device_Library/Class/CDC/Src/usbd_cdc.o

.debug_line     0x00000000     0x69a5
 *(.debug_line)
 .debug_line    0x00000000      0x335 ./system/src/stm32f2xx/stm32f2xx_hal.o
 .debug_line    0x00000335      0x364 ./system/src/stm32f2xx/stm32f2xx_hal_cortex.o
 .debug_line    0x00000699      0x35e ./system/src/stm32f2xx/stm32f2xx_hal_gpio.o
 .debug_line    0x000009f7     0x1031 ./system/src/stm32f2xx/stm32f2xx_hal_i2c.o
 .debug_line    0x00001a28      0x626 ./system/src/stm32f2xx/stm32f2xx_hal_pcd.o
 .debug_line    0x0000204e      0x1c8 ./system/src/stm32f2xx/stm32f2xx_hal_pcd_ex.o
 .debug_line    0x00002216      0x529 ./system/src/stm32f2xx/stm32f2xx_hal_rcc.o
 .debug_line    0x0000273f     0x107f ./system/src/stm32f2xx/stm32f2xx_hal_tim.o
 .debug_line    0x000037be      0x5d1 ./system/src/stm32f2xx/stm32f2xx_hal_tim_ex.o
 .debug_line    0x00003d8f      0x79d ./system/src/stm32f2xx/stm32f2xx_ll_usb.o
 .debug_line    0x0000452c       0xe9 ./system/src/newlib/_exit.o
 .debug_line    0x00004615       0x9a ./system/src/newlib/_sbrk.o
 .debug_line    0x000046af      0x100 ./system/src/newlib/_startup.o
 .debug_line    0x000047af       0xf8 ./system/src/newlib/_syscalls.o
 .debug_line    0x000048a7      0x10f ./system/src/cortexm/_initialize_hardware.o
 .debug_line    0x000049b6       0xe9 ./system/src/cortexm/_reset_hardware.o
 .debug_line    0x00004a9f      0x165 ./system/src/cortexm/exception_handlers.o
 .debug_line    0x00004c04       0x88 ./system/src/cmsis/startup_stm32f205xx.o
 .debug_line    0x00004c8c      0x126 ./system/src/cmsis/system_stm32f2xx.o
 .debug_line    0x00004db2      0x281 ./src/gcode.o
 .debug_line    0x00005033      0x317 ./src/main.o
 .debug_line    0x0000534a      0x254 ./src/stm32f2xx_hal_msp.o
 .debug_line    0x0000559e      0x1c4 ./src/stm32f2xx_it.o
 .debug_line    0x00005762      0x1ba ./src/usb_device.o
 .debug_line    0x0000591c      0x1fc ./src/usbd_cdc_if.o
 .debug_line    0x00005b18      0x469 ./src/usbd_conf.o
 .debug_line    0x00005f81      0x12a ./src/usbd_desc.o
 .debug_line    0x000060ab      0x2b4 ./Middlewares/ST/STM32_USB_Device_Library/Core/Src/usbd_core.o
 .debug_line    0x0000635f      0x1fe ./Middlewares/ST/STM32_USB_Device_Library/Core/Src/usbd_ctlreq.o
 .debug_line    0x0000655d      0x160 ./Middlewares/ST/STM32_USB_Device_Library/Core/Src/usbd_ioreq.o
 .debug_line    0x000066bd      0x2e8 ./Middlewares/ST/STM32_USB_Device_Library/Class/CDC/Src/usbd_cdc.o

.debug_frame    0x00000000     0x2d2c
 *(.debug_frame)
 .debug_frame   0x00000000      0x184 ./system/src/stm32f2xx/stm32f2xx_hal.o
 .debug_frame   0x00000184      0x130 ./system/src/stm32f2xx/stm32f2xx_hal_cortex.o
 .debug_frame   0x000002b4       0xd4 ./system/src/stm32f2xx/stm32f2xx_hal_gpio.o
 .debug_frame   0x00000388      0x58c ./system/src/stm32f2xx/stm32f2xx_hal_i2c.o
 .debug_frame   0x00000914      0x2c4 ./system/src/stm32f2xx/stm32f2xx_hal_pcd.o
 .debug_frame   0x00000bd8       0x3c ./system/src/stm32f2xx/stm32f2xx_hal_pcd_ex.o
 .debug_frame   0x00000c14      0x150 ./system/src/stm32f2xx/stm32f2xx_hal_rcc.o
 .debug_frame   0x00000d64      0x854 ./system/src/stm32f2xx/stm32f2xx_hal_tim.o
 .debug_frame   0x000015b8      0x334 ./system/src/stm32f2xx/stm32f2xx_hal_tim_ex.o
 .debug_frame   0x000018ec      0x46c ./system/src/stm32f2xx/stm32f2xx_ll_usb.o
 .debug_frame   0x00001d58       0x40 ./system/src/newlib/_exit.o
 .debug_frame   0x00001d98       0x28 ./system/src/newlib/_sbrk.o
 .debug_frame   0x00001dc0       0x80 ./system/src/newlib/_startup.o
 .debug_frame   0x00001e40       0x50 ./system/src/newlib/_syscalls.o
 .debug_frame   0x00001e90       0x38 ./system/src/cortexm/_initialize_hardware.o
 .debug_frame   0x00001ec8       0x20 ./system/src/cortexm/_reset_hardware.o
 .debug_frame   0x00001ee8       0xe0 ./system/src/cortexm/exception_handlers.o
 .debug_frame   0x00001fc8       0x30 ./system/src/cmsis/system_stm32f2xx.o
 .debug_frame   0x00001ff8       0x64 ./src/gcode.o
 .debug_frame   0x0000205c       0x48 ./src/main.o
 .debug_frame   0x000020a4       0x94 ./src/stm32f2xx_hal_msp.o
 .debug_frame   0x00002138       0x3c ./src/stm32f2xx_it.o
 .debug_frame   0x00002174       0x2c ./src/usb_device.o
 .debug_frame   0x000021a0       0xb8 ./src/usbd_cdc_if.o
 .debug_frame   0x00002258      0x270 ./src/usbd_conf.o
 .debug_frame   0x000024c8       0xa8 ./src/usbd_desc.o
 .debug_frame   0x00002570      0x1c0 ./Middlewares/ST/STM32_USB_Device_Library/Core/Src/usbd_core.o
 .debug_frame   0x00002730       0xb0 ./Middlewares/ST/STM32_USB_Device_Library/Core/Src/usbd_ctlreq.o
 .debug_frame   0x000027e0       0xb8 ./Middlewares/ST/STM32_USB_Device_Library/Core/Src/usbd_ioreq.o
 .debug_frame   0x00002898      0x14c ./Middlewares/ST/STM32_USB_Device_Library/Class/CDC/Src/usbd_cdc.o
 .debug_frame   0x000029e4       0x20 c:/arm/toolchain/bin/../lib/gcc/arm-none-eabi/5.2.1/../../../../arm-none-eabi/lib/armv7-m\libg_nano.a(lib_a-errno.o)
 .debug_frame   0x00002a04       0x30 c:/arm/toolchain/bin/../lib/gcc/arm-none-eabi/5.2.1/../../../../arm-none-eabi/lib/armv7-m\libg_nano.a(lib_a-malloc.o)
 .debug_frame   0x00002a34       0x28 c:/arm/toolchain/bin/../lib/gcc/arm-none-eabi/5.2.1/../../../../arm-none-eabi/lib/armv7-m\libg_nano.a(lib_a-memcpy-stub.o)
 .debug_frame   0x00002a5c       0x20 c:/arm/toolchain/bin/../lib/gcc/arm-none-eabi/5.2.1/../../../../arm-none-eabi/lib/armv7-m\libg_nano.a(lib_a-memset.o)
 .debug_frame   0x00002a7c       0x2c c:/arm/toolchain/bin/../lib/gcc/arm-none-eabi/5.2.1/../../../../arm-none-eabi/lib/armv7-m\libg_nano.a(lib_a-nano-freer.o)
 .debug_frame   0x00002aa8       0x2c c:/arm/toolchain/bin/../lib/gcc/arm-none-eabi/5.2.1/../../../../arm-none-eabi/lib/armv7-m\libg_nano.a(lib_a-nano-mallocr.o)
 .debug_frame   0x00002ad4       0x2c c:/arm/toolchain/bin/../lib/gcc/arm-none-eabi/5.2.1/../../../../arm-none-eabi/lib/armv7-m\libg_nano.a(lib_a-sbrkr.o)
 .debug_frame   0x00002b00       0x70 c:/arm/toolchain/bin/../lib/gcc/arm-none-eabi/5.2.1/../../../../arm-none-eabi/lib/armv7-m\libg_nano.a(lib_a-sprintf.o)
 .debug_frame   0x00002b70       0x20 c:/arm/toolchain/bin/../lib/gcc/arm-none-eabi/5.2.1/../../../../arm-none-eabi/lib/armv7-m\libg_nano.a(lib_a-strcmp.o)
 .debug_frame   0x00002b90       0x90 c:/arm/toolchain/bin/../lib/gcc/arm-none-eabi/5.2.1/../../../../arm-none-eabi/lib/armv7-m\libg_nano.a(lib_a-nano-svfprintf.o)
 .debug_frame   0x00002c20       0x60 c:/arm/toolchain/bin/../lib/gcc/arm-none-eabi/5.2.1/../../../../arm-none-eabi/lib/armv7-m\libg_nano.a(lib_a-nano-vfprintf_i.o)
 .debug_frame   0x00002c80       0x28 c:/arm/toolchain/bin/../lib/gcc/arm-none-eabi/5.2.1/../../../../arm-none-eabi/lib/armv7-m\libg_nano.a(lib_a-memchr-stub.o)
 .debug_frame   0x00002ca8       0x28 c:/arm/toolchain/bin/../lib/gcc/arm-none-eabi/5.2.1/../../../../arm-none-eabi/lib/armv7-m\libg_nano.a(lib_a-memmove.o)
 .debug_frame   0x00002cd0       0x3c c:/arm/toolchain/bin/../lib/gcc/arm-none-eabi/5.2.1/../../../../arm-none-eabi/lib/armv7-m\libg_nano.a(lib_a-nano-reallocr.o)
 .debug_frame   0x00002d0c       0x20 c:/arm/toolchain/bin/../lib/gcc/arm-none-eabi/5.2.1/../../../../arm-none-eabi/lib/armv7-m\libg_nano.a(lib_a-nano-msizer.o)

.debug_str      0x00000000     0x4bf9
 *(.debug_str)
 .debug_str     0x00000000      0xa13 ./system/src/stm32f2xx/stm32f2xx_hal.o
                                0xa73 (size before relaxing)
 .debug_str     0x00000a13      0x398 ./system/src/stm32f2xx/stm32f2xx_hal_cortex.o
                                0xbd6 (size before relaxing)
 .debug_str     0x00000dab      0x1cc ./system/src/stm32f2xx/stm32f2xx_hal_gpio.o
                                0x4f7 (size before relaxing)
 .debug_str     0x00000f77      0x90c ./system/src/stm32f2xx/stm32f2xx_hal_i2c.o
                                0xb95 (size before relaxing)
 .debug_str     0x00001883      0x84d ./system/src/stm32f2xx/stm32f2xx_hal_pcd.o
                                0xac5 (size before relaxing)
 .debug_str     0x000020d0       0x6b ./system/src/stm32f2xx/stm32f2xx_hal_pcd_ex.o
                                0x560 (size before relaxing)
 .debug_str     0x0000213b      0x2b1 ./system/src/stm32f2xx/stm32f2xx_hal_rcc.o
                                0x6cb (size before relaxing)
 .debug_str     0x000023ec      0xc63 ./system/src/stm32f2xx/stm32f2xx_hal_tim.o
                               0x118b (size before relaxing)
 .debug_str     0x0000304f      0x426 ./system/src/stm32f2xx/stm32f2xx_hal_tim_ex.o
                                0xbda (size before relaxing)
 .debug_str     0x00003475      0x3b8 ./system/src/stm32f2xx/stm32f2xx_ll_usb.o
                                0xb84 (size before relaxing)
 .debug_str     0x0000382d       0x45 ./system/src/newlib/_exit.o
                                0x1e1 (size before relaxing)
 .debug_str     0x00003872       0x77 ./system/src/newlib/_sbrk.o
                                0x20e (size before relaxing)
 .debug_str     0x000038e9      0x16d ./system/src/newlib/_startup.o
                                0x326 (size before relaxing)
 .debug_str     0x00003a56       0x52 ./system/src/newlib/_syscalls.o
                                0x20e (size before relaxing)
 .debug_str     0x00003aa8       0x5e ./system/src/cortexm/_initialize_hardware.o
                                0x29a (size before relaxing)
 .debug_str     0x00003b06       0x28 ./system/src/cortexm/_reset_hardware.o
                                0x260 (size before relaxing)
 .debug_str     0x00003b2e      0x119 ./system/src/cortexm/exception_handlers.o
                                0x2df (size before relaxing)
 .debug_str     0x00003c47       0x31 ./system/src/cmsis/system_stm32f2xx.o
                                0x37d (size before relaxing)
 .debug_str     0x00003c78       0x9e ./src/gcode.o
                                0x942 (size before relaxing)
 .debug_str     0x00003d16      0x363 ./src/main.o
                               0x152f (size before relaxing)
 .debug_str     0x00004079       0x7c ./src/stm32f2xx_hal_msp.o
                                0xf12 (size before relaxing)
 .debug_str     0x000040f5       0x38 ./src/stm32f2xx_it.o
                                0x536 (size before relaxing)
 .debug_str     0x0000412d       0xb2 ./src/usb_device.o
                                0x624 (size before relaxing)
 .debug_str     0x000041df      0x17a ./src/usbd_cdc_if.o
                                0x73a (size before relaxing)
 .debug_str     0x00004359      0x316 ./src/usbd_conf.o
                               0x13e4 (size before relaxing)
 .debug_str     0x0000466f      0x11d ./src/usbd_desc.o
                                0x3de (size before relaxing)
 .debug_str     0x0000478c      0x141 ./Middlewares/ST/STM32_USB_Device_Library/Core/Src/usbd_core.o
                                0x80b (size before relaxing)
 .debug_str     0x000048cd       0xe5 ./Middlewares/ST/STM32_USB_Device_Library/Core/Src/usbd_ctlreq.o
                                0x73d (size before relaxing)
 .debug_str     0x000049b2       0x63 ./Middlewares/ST/STM32_USB_Device_Library/Core/Src/usbd_ioreq.o
                                0x66a (size before relaxing)
 .debug_str     0x00004a15      0x1e4 ./Middlewares/ST/STM32_USB_Device_Library/Class/CDC/Src/usbd_cdc.o
                                0x881 (size before relaxing)

.debug_loc      0x00000000     0xb6e7
 *(.debug_loc)
 .debug_loc     0x00000000       0x84 ./system/src/stm32f2xx/stm32f2xx_hal.o
 .debug_loc     0x00000084      0x48f ./system/src/stm32f2xx/stm32f2xx_hal_cortex.o
 .debug_loc     0x00000513      0x374 ./system/src/stm32f2xx/stm32f2xx_hal_gpio.o
 .debug_loc     0x00000887     0x2a1d ./system/src/stm32f2xx/stm32f2xx_hal_i2c.o
 .debug_loc     0x000032a4      0xb79 ./system/src/stm32f2xx/stm32f2xx_hal_pcd.o
 .debug_loc     0x00003e1d       0xda ./system/src/stm32f2xx/stm32f2xx_hal_pcd_ex.o
 .debug_loc     0x00003ef7      0x60c ./system/src/stm32f2xx/stm32f2xx_hal_rcc.o
 .debug_loc     0x00004503     0x3157 ./system/src/stm32f2xx/stm32f2xx_hal_tim.o
 .debug_loc     0x0000765a      0x7b9 ./system/src/stm32f2xx/stm32f2xx_hal_tim_ex.o
 .debug_loc     0x00007e13     0x143b ./system/src/stm32f2xx/stm32f2xx_ll_usb.o
 .debug_loc     0x0000924e       0x21 ./system/src/newlib/_exit.o
 .debug_loc     0x0000926f       0x92 ./system/src/newlib/_sbrk.o
 .debug_loc     0x00009301      0x234 ./system/src/newlib/_startup.o
 .debug_loc     0x00009535       0x63 ./system/src/newlib/_syscalls.o
 .debug_loc     0x00009598       0xec ./system/src/cmsis/system_stm32f2xx.o
 .debug_loc     0x00009684      0x203 ./src/gcode.o
 .debug_loc     0x00009887       0x6e ./src/stm32f2xx_hal_msp.o
 .debug_loc     0x000098f5      0x134 ./src/usbd_cdc_if.o
 .debug_loc     0x00009a29      0x6a1 ./src/usbd_conf.o
 .debug_loc     0x0000a0ca      0x273 ./src/usbd_desc.o
 .debug_loc     0x0000a33d      0x5d9 ./Middlewares/ST/STM32_USB_Device_Library/Core/Src/usbd_core.o
 .debug_loc     0x0000a916      0x6d9 ./Middlewares/ST/STM32_USB_Device_Library/Core/Src/usbd_ctlreq.o
 .debug_loc     0x0000afef      0x23c ./Middlewares/ST/STM32_USB_Device_Library/Core/Src/usbd_ioreq.o
 .debug_loc     0x0000b22b      0x4bc ./Middlewares/ST/STM32_USB_Device_Library/Class/CDC/Src/usbd_cdc.o

.debug_macinfo
 *(.debug_macinfo)

.debug_weaknames
 *(.debug_weaknames)

.debug_funcnames
 *(.debug_funcnames)

.debug_typenames
 *(.debug_typenames)

.debug_varnames
 *(.debug_varnames)
OUTPUT(FaboolGrbl_test.elf elf32-littlearm)

.debug_ranges   0x00000000     0x1250
 .debug_ranges  0x00000000       0xa8 ./system/src/stm32f2xx/stm32f2xx_hal.o
 .debug_ranges  0x000000a8      0x138 ./system/src/stm32f2xx/stm32f2xx_hal_cortex.o
 .debug_ranges  0x000001e0       0x68 ./system/src/stm32f2xx/stm32f2xx_hal_gpio.o
 .debug_ranges  0x00000248      0x280 ./system/src/stm32f2xx/stm32f2xx_hal_i2c.o
 .debug_ranges  0x000004c8       0xb0 ./system/src/stm32f2xx/stm32f2xx_hal_pcd.o
 .debug_ranges  0x00000578       0x18 ./system/src/stm32f2xx/stm32f2xx_hal_pcd_ex.o
 .debug_ranges  0x00000590      0x160 ./system/src/stm32f2xx/stm32f2xx_hal_rcc.o
 .debug_ranges  0x000006f0      0x360 ./system/src/stm32f2xx/stm32f2xx_hal_tim.o
 .debug_ranges  0x00000a50       0xe0 ./system/src/stm32f2xx/stm32f2xx_hal_tim_ex.o
 .debug_ranges  0x00000b30      0x170 ./system/src/stm32f2xx/stm32f2xx_ll_usb.o
 .debug_ranges  0x00000ca0       0x18 ./system/src/newlib/_exit.o
 .debug_ranges  0x00000cb8       0x10 ./system/src/newlib/_sbrk.o
 .debug_ranges  0x00000cc8       0x48 ./system/src/newlib/_startup.o
 .debug_ranges  0x00000d10       0x20 ./system/src/newlib/_syscalls.o
 .debug_ranges  0x00000d30       0x18 ./system/src/cortexm/_initialize_hardware.o
 .debug_ranges  0x00000d48       0x10 ./system/src/cortexm/_reset_hardware.o
 .debug_ranges  0x00000d58       0x70 ./system/src/cortexm/exception_handlers.o
 .debug_ranges  0x00000dc8       0x20 ./system/src/cmsis/startup_stm32f205xx.o
 .debug_ranges  0x00000de8       0x18 ./system/src/cmsis/system_stm32f2xx.o
 .debug_ranges  0x00000e00       0x20 ./src/gcode.o
 .debug_ranges  0x00000e20       0xa8 ./src/main.o
 .debug_ranges  0x00000ec8       0x38 ./src/stm32f2xx_hal_msp.o
 .debug_ranges  0x00000f00       0x18 ./src/stm32f2xx_it.o
 .debug_ranges  0x00000f18       0x10 ./src/usb_device.o
 .debug_ranges  0x00000f28       0x58 ./src/usbd_cdc_if.o
 .debug_ranges  0x00000f80      0x100 ./src/usbd_conf.o
 .debug_ranges  0x00001080       0x40 ./src/usbd_desc.o
 .debug_ranges  0x000010c0       0x98 ./Middlewares/ST/STM32_USB_Device_Library/Core/Src/usbd_core.o
 .debug_ranges  0x00001158       0x38 ./Middlewares/ST/STM32_USB_Device_Library/Core/Src/usbd_ctlreq.o
 .debug_ranges  0x00001190       0x40 ./Middlewares/ST/STM32_USB_Device_Library/Core/Src/usbd_ioreq.o
 .debug_ranges  0x000011d0       0x80 ./Middlewares/ST/STM32_USB_Device_Library/Class/CDC/Src/usbd_cdc.o
